U-Boot SPL 2022.07-rc2 (Jul 11 2022 - 17:11:37 +0000)
Trying to boot from MMC1
INFO:    Preloader serial: 2
NOTICE:  BL31: v2.3():v2.3-135-gcda1658bc-dirty:xsf
NOTICE:  BL31: Built : 14:19:26, Jun  1 2021
INFO:    GICv3 without legacy support detected.
INFO:    ARM GICv3 driver initialized in EL3
INFO:    pmu v1 is valid
INFO:    dfs DDR fsp_param[0].freq_mhz= 1560MHz
INFO:    dfs DDR fsp_param[1].freq_mhz= 324MHz
INFO:    dfs DDR fsp_param[2].freq_mhz= 528MHz
INFO:    dfs DDR fsp_param[3].freq_mhz= 780MHz
INFO:    Using opteed sec cpu_context!
INFO:    boot cpu mask: 0
INFO:    BL31: Initializing runtime services
WARNING: No OPTEE provided by BL2 boot loader, Booting device without OPTEE initialization. SMC`s destined for OPTEE will return SMC_UNK
ERROR:   Error initializing runtime service opteed_fast
INFO:    BL31: Preparing for EL3 exit to normal world
INFO:    Entry point address = 0xa00000
INFO:    SPSR = 0x3c9


U-Boot 2022.07-rc2 (Jul 11 2022 - 17:11:37 +0000) OpenWrt

Model: FriendlyElec NanoPi R5S
DRAM:  rockchip_sdram_size fdc20208 1000e201
rank 1 cs0_col 10 bk 3 cs0_row 17 bw 2 row_3_4 0
SDRAM base=0, size=100000000
3.7 GiB
Core:  231 devices, 17 uclasses, devicetree: separate
MMC:   mmc@fe2b0000: 1, mmc@fe310000: 0
Loading Environment from nowhere... OK
In:    serial@fe660000
Out:   serial@fe660000
Err:   serial@fe660000
Model: FriendlyElec NanoPi R5S
Net:   No ethernet found.
Hit any key to stop autoboot:  0
switch to partitions #0, OK
mmc1 is current device
Scanning mmc 1:1...
Found U-Boot script /boot.scr
364 bytes read in 2 ms (177.7 KiB/s)
## Executing script at 00c00000
58785 bytes read in 8 ms (7 MiB/s)
16760840 bytes read in 1389 ms (11.5 MiB/s)
Moving Image from 0x2080000 to 0x2200000, end=32d0000
## Flattened Device Tree blob at 0a100000
   Booting using the fdt blob at 0xa100000
   Loading Device Tree to 00000000edef0000, end 00000000edf015a0 ... OK

Starting kernel ...

[    0.000000] Booting Linux on physical CPU 0x0000000000 [0x412fd050]
[    0.000000] Linux version 5.18.10 (d@d) (aarch64-openwrt-linux-musl-gcc (OpenWrt GCC 8.4.0 r4685-61cc2108f) 8.4.0, GNU ld (GNU Binutils) 2.34) #0 SMP PREEMPT Mon Jul 11 17:11:37 2022
[    0.000000] Machine model: Firefly Station P2
[    0.000000] earlycon: uart8250 at MMIO32 0x00000000fe660000 (options '')
[    0.000000] printk: bootconsole [uart8250] enabled
[    0.000000] Zone ranges:
[    0.000000]   DMA      [mem 0x0000000000200000-0x00000000efffffff]
[    0.000000]   DMA32    empty
[    0.000000]   Normal   empty
[    0.000000] Movable zone start for each node
[    0.000000] Early memory node ranges
[    0.000000]   node   0: [mem 0x0000000000200000-0x00000000efffffff]
[    0.000000] Initmem setup node 0 [mem 0x0000000000200000-0x00000000efffffff]
[    0.000000] On node 0, zone DMA: 512 pages in unavailable ranges
[    0.000000] cma: Reserved 8 MiB at 0x00000000ef000000
[    0.000000] psci: probing for conduit method from DT.
[    0.000000] psci: PSCIv1.1 detected in firmware.
[    0.000000] psci: Using standard PSCI v0.2 function IDs
[    0.000000] psci: MIGRATE_INFO_TYPE not supported.
[    0.000000] psci: SMC Calling Convention v1.2
[    0.000000] percpu: Embedded 18 pages/cpu s34792 r8192 d30744 u73728
[    0.000000] Detected VIPT I-cache on CPU0
[    0.000000] CPU features: detected: GIC system register CPU interface
[    0.000000] CPU features: detected: Virtualization Host Extensions
[    0.000000] CPU features: detected: ARM errata 1165522, 1319367, or 1530923
[    0.000000] alternatives: patching kernel code
[    0.000000] Built 1 zonelists, mobility grouping on.  Total pages: 967176
[    0.000000] Kernel command line: console=ttyS2,1500000 console=tty2 earlycon=uart8250,mmio32,0xfe660000 root=PARTUUID=5452574f-02 rw rootwait
[    0.000000] Dentry cache hash table entries: 524288 (order: 10, 4194304 bytes, linear)
[    0.000000] Inode-cache hash table entries: 262144 (order: 9, 2097152 bytes, linear)
[    0.000000] mem auto-init: stack:off, heap alloc:off, heap free:off
[    0.000000] Memory: 3828708K/3930112K available (9408K kernel code, 2416K rwdata, 2636K rodata, 1792K init, 802K bss, 93212K reserved, 8192K cma-reserved)
[    0.000000] SLUB: HWalign=64, Order=0-3, MinObjects=0, CPUs=4, Nodes=1
[    0.000000] rcu: Preemptible hierarchical RCU implementation.
[    0.000000] rcu:     RCU event tracing is enabled.
[    0.000000] rcu:     RCU restricting CPUs from NR_CPUS=256 to nr_cpu_ids=4.
[    0.000000]  Trampoline variant of Tasks RCU enabled.
[    0.000000]  Tracing variant of Tasks RCU enabled.
[    0.000000] rcu: RCU calculated value of scheduler-enlistment delay is 25 jiffies.
[    0.000000] rcu: Adjusting geometry for rcu_fanout_leaf=16, nr_cpu_ids=4
[    0.000000] NR_IRQS: 64, nr_irqs: 64, preallocated irqs: 0
[    0.000000] GICv3: GIC: Using split EOI/Deactivate mode
[    0.000000] GICv3: 320 SPIs implemented
[    0.000000] GICv3: 0 Extended SPIs implemented
[    0.000000] GICv3: Distributor has no Range Selector support
[    0.000000] GICv3: MBI range [296:319]
[    0.000000] GICv3: Using MBI frame 0x00000000fd410000
[    0.000000] Root IRQ handler: gi▒h▒
[    0.000000] GICv3: 16 PPIs implemented
[    0.000000] GICv3: CPU0: found redistributor 0 region 0:0x00000000fd460000
[    0.000000] ITS: No ITS available, not enabling LPIs
[    0.000000] arch_timer: cp15 timer(s) running at 24.00MHz (phys).
[    0.000000] clocksource: arch_sys_counter: mask: 0xffffffffffffff max_cycles: 0x588fe9dc0, max_idle_ns: 440795202592 ns
[    0.000000] sched_clock: 56 bits at 24MHz, resolution 41ns, wraps every 4398046511097ns
[    0.001538] Console: colour dummy device 80x25
[    0.001989] printk: console [tty2] enabled
[    0.002440] printk: bootconsole [uart8250] disabled
[    0.000000] Booting Linux on physical CPU 0x0000000000 [0x412fd050]
[    0.000000] Linux version 5.18.10 (d@d) (aarch64-openwrt-linux-musl-gcc (OpenWrt GCC 8.4.0 r4685-61cc2108f) 8.4.0, GNU ld (GNU Binutils) 2.34) #0 SMP PREEMPT Mon Jul 11 17:11:37 2022
[    0.000000] Machine model: Firefly Station P2
[    0.000000] earlycon: uart8250 at MMIO32 0x00000000fe660000 (options '')
[    0.000000] printk: bootconsole [uart8250] enabled
[    0.000000] Zone ranges:
[    0.000000]   DMA      [mem 0x0000000000200000-0x00000000efffffff]
[    0.000000]   DMA32    empty
[    0.000000]   Normal   empty
[    0.000000] Movable zone start for each node
[    0.000000] Early memory node ranges
[    0.000000]   node   0: [mem 0x0000000000200000-0x00000000efffffff]
[    0.000000] Initmem setup node 0 [mem 0x0000000000200000-0x00000000efffffff]
[    0.000000] On node 0, zone DMA: 512 pages in unavailable ranges
[    0.000000] cma: Reserved 8 MiB at 0x00000000ef000000
[    0.000000] psci: probing for conduit method from DT.
[    0.000000] psci: PSCIv1.1 detected in firmware.
[    0.000000] psci: Using standard PSCI v0.2 function IDs
[    0.000000] psci: MIGRATE_INFO_TYPE not supported.
[    0.000000] psci: SMC Calling Convention v1.2
[    0.000000] percpu: Embedded 18 pages/cpu s34792 r8192 d30744 u73728
[    0.000000] Detected VIPT I-cache on CPU0
[    0.000000] CPU features: detected: GIC system register CPU interface
[    0.000000] CPU features: detected: Virtualization Host Extensions
[    0.000000] CPU features: detected: ARM errata 1165522, 1319367, or 1530923
[    0.000000] alternatives: patching kernel code
[    0.000000] Built 1 zonelists, mobility grouping on.  Total pages: 967176
[    0.000000] Kernel command line: console=ttyS2,1500000 console=tty2 earlycon=uart8250,mmio32,0xfe660000 root=PARTUUID=5452574f-02 rw rootwait
[    0.000000] Dentry cache hash table entries: 524288 (order: 10, 4194304 bytes, linear)
[    0.000000] Inode-cache hash table entries: 262144 (order: 9, 2097152 bytes, linear)
[    0.000000] mem auto-init: stack:off, heap alloc:off, heap free:off
[    0.000000] Memory: 3828708K/3930112K available (9408K kernel code, 2416K rwdata, 2636K rodata, 1792K init, 802K bss, 93212K reserved, 8192K cma-reserved)
[    0.000000] SLUB: HWalign=64, Order=0-3, MinObjects=0, CPUs=4, Nodes=1
[    0.000000] rcu: Preemptible hierarchical RCU implementation.
[    0.000000] rcu:     RCU event tracing is enabled.
[    0.000000] rcu:     RCU restricting CPUs from NR_CPUS=256 to nr_cpu_ids=4.
[    0.000000]  Trampoline variant of Tasks RCU enabled.
[    0.000000]  Tracing variant of Tasks RCU enabled.
[    0.000000] rcu: RCU calculated value of scheduler-enlistment delay is 25 jiffies.
[    0.000000] rcu: Adjusting geometry for rcu_fanout_leaf=16, nr_cpu_ids=4
[    0.000000] NR_IRQS: 64, nr_irqs: 64, preallocated irqs: 0
[    0.000000] GICv3: GIC: Using split EOI/Deactivate mode
[    0.000000] GICv3: 320 SPIs implemented
[    0.000000] GICv3: 0 Extended SPIs implemented
[    0.000000] GICv3: Distributor has no Range Selector support
[    0.000000] GICv3: MBI range [296:319]
[    0.000000] GICv3: Using MBI frame 0x00000000fd410000
[    0.000000] Root IRQ handler: gi▒h▒
[    0.000000] GICv3: 16 PPIs implemented
[    0.000000] GICv3: CPU0: found redistributor 0 region 0:0x00000000fd460000
[    0.000000] ITS: No ITS available, not enabling LPIs
[    0.000000] arch_timer: cp15 timer(s) running at 24.00MHz (phys).
[    0.000000] clocksource: arch_sys_counter: mask: 0xffffffffffffff max_cycles: 0x588fe9dc0, max_idle_ns: 440795202592 ns
[    0.000000] sched_clock: 56 bits at 24MHz, resolution 41ns, wraps every 4398046511097ns
[    0.001538] Console: colour dummy device 80x25
[    0.001989] printk: console [tty2] enabled
[    0.002440] printk: bootconsole [uart8250] disabled
[    0.002975] Calibrating delay loop (skipped), value calculated using timer frequency.. 48.00 BogoMIPS (lpj=96000)
[    0.003008] pid_max: default: 32768 minimum: 301
[    0.003263] Mount-cache hash table entries: 8192 (order: 4, 65536 bytes, linear)
[    0.003320] Mountpoint-cache hash table entries: 8192 (order: 4, 65536 bytes, linear)
[    0.005166] cblist_init_generic: Setting adjustable number of callback queues.
[    0.005201] cblist_init_generic: Setting shift to 2 and lim to 1.
[    0.005332] cblist_init_generic: Setting shift to 2 and lim to 1.
[    0.005594] rcu: Hierarchical SRCU implementation.
[    0.005894] dyndbg: Ignore empty _ddebug table in a CONFIG_DYNAMIC_DEBUG_CORE build
[    0.006881] smp: Bringing up secondary CPUs ...
[    0.007598] Detected VIPT I-cache on CPU1
[    0.007643] GICv3: CPU1: found redistributor 100 region 0:0x00000000fd480000
[    0.007701] CPU1: Booted secondary processor 0x0000000100 [0x412fd050]
[    0.008497] Detected VIPT I-cache on CPU2
[    0.008536] GICv3: CPU2: found redistributor 200 region 0:0x00000000fd4a0000
[    0.008580] CPU2: Booted secondary processor 0x0000000200 [0x412fd050]
[    0.009335] Detected VIPT I-cache on CPU3
[    0.009375] GICv3: CPU3: found redistributor 300 region 0:0x00000000fd4c0000
[    0.009415] CPU3: Booted secondary processor 0x0000000300 [0x412fd050]
[    0.009531] smp: Brought up 1 node, 4 CPUs
[    0.009646] SMP: Total of 4 processors activated.
[    0.009662] CPU features: detected: 32-bit EL0 Support
[    0.009677] CPU features: detected: Data cache clean to the PoU not required for I/D coherence
[    0.009699] CPU features: detected: Common not Private translations
[    0.009715] CPU features: detected: CRC32 instructions
[    0.009732] CPU features: detected: RCpc load-acquire (LDAPR)
[    0.009747] CPU features: detected: Privileged Access Never
[    0.009761] CPU features: detected: RAS Extension Support
[    0.009776] CPU features: detected: Speculative Store Bypassing Safe (SSBS)
[    0.010119] CPU: All CPU(s) started at EL2
[    0.022638] KASLR disabled due to lack of seed
[    0.022825] clocksource: jiffies: mask: 0xffffffff max_cycles: 0xffffffff, max_idle_ns: 7645041785100000 ns
[    0.022871] futex hash table entries: 1024 (order: 4, 65536 bytes, linear)
[    0.023273] pinctrl core: initialized pinctrl subsystem
[    0.024814] NET: Registered PF_NETLINK/PF_ROUTE protocol family
[    0.026766] DMA: preallocated 512 KiB GFP_KERNEL pool for atomic allocations
[    0.027074] DMA: preallocated 512 KiB GFP_KERNEL|GFP_DMA pool for atomic allocations
[    0.027376] DMA: preallocated 512 KiB GFP_KERNEL|GFP_DMA32 pool for atomic allocations
[    0.029383] thermal_sys: Registered thermal governor 'step_wise'
[    0.029394] thermal_sys: Registered thermal governor 'power_allocator'
[    0.029945] cpuidle: using governor menu
[    0.030146] ASID allocator initialised with 65536 entries
[    0.030283] Serial: AMBA PL011 UART driver
[    0.043011] platform fe0a0000.hdmi: Fixing up cyclic dependency with fe040000.vop
[    0.058461] rockchip-gpio fdd60000.gpio: probed /pinctrl/gpio@fdd60000
[    0.059069] rockchip-gpio fe740000.gpio: probed /pinctrl/gpio@fe740000
[    0.059736] rockchip-gpio fe750000.gpio: probed /pinctrl/gpio@fe750000
[    0.060385] rockchip-gpio fe760000.gpio: probed /pinctrl/gpio@fe760000
[    0.060961] rockchip-gpio fe770000.gpio: probed /pinctrl/gpio@fe770000
[    0.065760] platform hdmi-con: Fixing up cyclic dependency with fe0a0000.hdmi
[    0.085854] gpio-regulator gpio-regulator: No 'states' property found
[    0.085899] gpio-regulator: probe of gpio-regulator failed with error -22
[    0.086020] iommu: Default domain type: Translated
[    0.086043] iommu: DMA domain TLB invalidation policy: strict mode
[    0.086335] SCSI subsystem initialized
[    0.086867] usbcore: registered new interface driver usbfs
[    0.086934] usbcore: registered new interface driver hub
[    0.086992] usbcore: registered new device driver usb
[    0.087512] pps_core: LinuxPPS API ver. 1 registered
[    0.087536] pps_core: Software ver. 5.3.6 - Copyright 2005-2007 Rodolfo Giometti <giometti@linux.it>
[    0.087577] PTP clock support registered
[    0.088091] ARM FF-A: FFA_VERSION returned not supported
[    0.088316] arm-scmi firmware:scmi: Enabled polling mode TX channel - prot_id:16
[    0.088481] arm-scmi firmware:scmi: SCMI Notifications - Core Enabled.
[    0.088567] arm-scmi firmware:scmi: SCMI Protocol v2.0 'rockchip:' Firmware version 0x0
[    0.090206] clocksource: Switched to clocksource arch_sys_counter
[    0.090483] VFS: Disk quotas dquot_6.6.0
[    0.090558] VFS: Dquot-cache hash table entries: 512 (order 0, 4096 bytes)
[    0.094758] NET: Registered PF_INET protocol family
[    0.095108] IP idents hash table entries: 65536 (order: 7, 524288 bytes, linear)
[    0.097463] tcp_listen_portaddr_hash hash table entries: 2048 (order: 3, 32768 bytes, linear)
[    0.097597] Table-perturb hash table entries: 65536 (order: 6, 262144 bytes, linear)
[    0.097635] TCP established hash table entries: 32768 (order: 6, 262144 bytes, linear)
[    0.097918] TCP bind hash table entries: 32768 (order: 7, 524288 bytes, linear)
[    0.098442] TCP: Hash tables configured (established 32768 bind 32768)
[    0.098598] UDP hash table entries: 2048 (order: 4, 65536 bytes, linear)
[    0.098700] UDP-Lite hash table entries: 2048 (order: 4, 65536 bytes, linear)
[    0.098977] NET: Registered PF_UNIX/PF_LOCAL protocol family
[    0.099033] PCI: CLS 0 bytes, default 64
[    0.100495] workingset: timestamp_bits=46 max_order=20 bucket_order=0
[    0.107461] squashfs: version 4.0 (2009/01/31) Phillip Lougher
[    0.107490] ntfs: driver 2.1.32 [Flags: R/W].
[    0.107680] jffs2: version 2.2 (NAND) (SUMMARY) (ZLIB) (LZMA) (RTIME) (CMODE_PRIORITY) (c) 2001-2006 Red Hat, Inc.
[    0.109224] Block layer SCSI generic (bsg) driver version 0.4 loaded (major 250)
[    0.109467] io scheduler mq-deadline registered
[    0.118949] rockchip-snps-pcie3-phy fe8c0000.phy: failed to find rockchip,pipe_grf regmap
[    0.121732] shpchp: Standard Hot Plug PCI Controller Driver version: 0.4
[    0.125890] dma-pl330 fe530000.dma-controller: Loaded driver for PL330 DMAC-241330
[    0.125934] dma-pl330 fe530000.dma-controller:       DBUFF-128x8bytes Num_Chans-8 Num_Peri-32 Num_Events-16
[    0.128166] dma-pl330 fe550000.dma-controller: Loaded driver for PL330 DMAC-241330
[    0.128202] dma-pl330 fe550000.dma-controller:       DBUFF-128x8bytes Num_Chans-8 Num_Peri-32 Num_Events-16
[    0.129459] arm-scmi firmware:scmi: Failed. SCMI protocol 22 not active.
[    0.131245] Serial: 8250/16550 driver, 4 ports, IRQ sharing enabled
[    0.133052] printk: console [ttyS2] disabled
[    0.133142] fe660000.serial: ttyS2 at MMIO 0xfe660000 (irq = 39, base_baud = 1500000) is a 16550A
[    0.215645] printk: console [ttyS2] enabled
[    0.216801] fe670000.serial: ttyS3 at MMIO 0xfe670000 (irq = 40, base_baud = 1500000) is a 16550A
[    0.218013] rockchip-pinctrl pinctrl: pin gpio1-4 already requested by vcc-hub-reset-regulator; cannot claim for fe680000.serial
[    0.219095] rockchip-pinctrl pinctrl: pin-36 (fe680000.serial) status -22
[    0.219714] rockchip-pinctrl pinctrl: could not request pin 36 (gpio1-4) from group uart4m0-xfer  on device rockchip-pinctrl
[    0.220716] dw-apb-uart fe680000.serial: Error applying setting, reverse things back
[    0.221828] fe6c0000.serial: ttyS0 at MMIO 0xfe6c0000 (irq = 42, base_baud = 1500000) is a 16550A
[    0.226033] rockchip-vop2 fe040000.vop: Adding to iommu group 0
[    0.230490] cacheinfo: Unable to detect cache hierarchy for CPU 0
[    0.239040] brd: module loaded
[    0.243433] loop: module loaded
[    0.243750] mtip32xx Version 1.3.1
[    0.245529] SPI driver spidev has no spi_device_id for siliconlabs,si3210
[    0.249036] igb: Intel(R) Gigabit Ethernet Network Driver
[    0.249538] igb: Copyright (c) 2007-2014 Intel Corporation.
[    0.250085] Intel(R) 2.5G Ethernet Linux Driver
[    0.250535] Copyright(c) 2018 Intel Corporation.
[    0.252174] rk_gmac-dwmac fe010000.ethernet: IRQ eth_lpi not found
[    0.252960] rk_gmac-dwmac fe010000.ethernet: no regulator found
[    0.253503] rk_gmac-dwmac fe010000.ethernet: clock input or output? (output).
[    0.254147] rk_gmac-dwmac fe010000.ethernet: TX delay(0x4f).
[    0.254695] rk_gmac-dwmac fe010000.ethernet: RX delay(0x26).
[    0.255219] rk_gmac-dwmac fe010000.ethernet: integrated PHY? (no).
[    0.260840] rk_gmac-dwmac fe010000.ethernet: init for RGMII_ID
[    0.261662] rk_gmac-dwmac fe010000.ethernet: User ID: 0x30, Synopsys ID: 0x51
[    0.262350] rk_gmac-dwmac fe010000.ethernet:         DWMAC4/5
[    0.262824] rk_gmac-dwmac fe010000.ethernet: DMA HW capability register supported
[    0.263497] rk_gmac-dwmac fe010000.ethernet: RX Checksum Offload Engine supported
[    0.264167] rk_gmac-dwmac fe010000.ethernet: TX Checksum insertion supported
[    0.264796] rk_gmac-dwmac fe010000.ethernet: Wake-Up On Lan supported
[    0.265372] rk_gmac-dwmac fe010000.ethernet: TSO supported
[    0.265865] rk_gmac-dwmac fe010000.ethernet: Enable RX Mitigation via HW Watchdog Timer
[    0.266620] rk_gmac-dwmac fe010000.ethernet: device MAC address 1a:d5:0d:15:a2:77
[    0.267300] rk_gmac-dwmac fe010000.ethernet: Enabled RFS Flow TC (entries=10)
[    0.267943] rk_gmac-dwmac fe010000.ethernet: TSO feature enabled
[    0.268484] rk_gmac-dwmac fe010000.ethernet: Using 32 bits DMA width
[    0.405649] rk_gmac-dwmac fe2a0000.ethernet: IRQ eth_lpi not found
[    0.406724] rk_gmac-dwmac fe2a0000.ethernet: no regulator found
[    0.407273] rk_gmac-dwmac fe2a0000.ethernet: clock input or output? (output).
[    0.407917] rk_gmac-dwmac fe2a0000.ethernet: TX delay(0x3c).
[    0.408430] rk_gmac-dwmac fe2a0000.ethernet: RX delay(0x2f).
[    0.408947] rk_gmac-dwmac fe2a0000.ethernet: integrated PHY? (no).
[    0.414564] rk_gmac-dwmac fe2a0000.ethernet: init for RGMII_ID
[    0.415369] rk_gmac-dwmac fe2a0000.ethernet: User ID: 0x30, Synopsys ID: 0x51
[    0.416024] rk_gmac-dwmac fe2a0000.ethernet:         DWMAC4/5
[    0.416493] rk_gmac-dwmac fe2a0000.ethernet: DMA HW capability register supported
[    0.417165] rk_gmac-dwmac fe2a0000.ethernet: RX Checksum Offload Engine supported
[    0.417835] rk_gmac-dwmac fe2a0000.ethernet: TX Checksum insertion supported
[    0.418494] rk_gmac-dwmac fe2a0000.ethernet: Wake-Up On Lan supported
[    0.419075] rk_gmac-dwmac fe2a0000.ethernet: TSO supported
[    0.419569] rk_gmac-dwmac fe2a0000.ethernet: Enable RX Mitigation via HW Watchdog Timer
[    0.420303] rk_gmac-dwmac fe2a0000.ethernet: device MAC address ce:25:c3:98:ae:90
[    0.420979] rk_gmac-dwmac fe2a0000.ethernet: Enabled RFS Flow TC (entries=10)
[    0.421620] rk_gmac-dwmac fe2a0000.ethernet: TSO feature enabled
[    0.422160] rk_gmac-dwmac fe2a0000.ethernet: Using 32 bits DMA width
[    0.561789] dwc3 fcc00000.usb: Configuration mismatch. dr_mode forced to host
[    0.566652] ehci_hcd: USB 2.0 'Enhanced' Host Controller (EHCI) Driver
[    0.567262] ehci-platform: EHCI generic platform driver
[    0.570060] ehci-platform fd800000.usb: EHCI Host Controller
[    0.570628] ehci-platform fd800000.usb: new USB bus registered, assigned bus number 1
[    0.571456] ehci-platform fd800000.usb: irq 21, io mem 0xfd800000
[    0.586240] ehci-platform fd800000.usb: USB 2.0 started, EHCI 1.00
[    0.587354] hub 1-0:1.0: USB hub found
[    0.587738] hub 1-0:1.0: 1 port detected
[    0.590779] ehci-platform fd880000.usb: EHCI Host Controller
[    0.591313] ehci-platform fd880000.usb: new USB bus registered, assigned bus number 2
[    0.592133] ehci-platform fd880000.usb: irq 23, io mem 0xfd880000
[    0.606236] ehci-platform fd880000.usb: USB 2.0 started, EHCI 1.00
[    0.607294] hub 2-0:1.0: USB hub found
[    0.607675] hub 2-0:1.0: 1 port detected
[    0.608723] ohci_hcd: USB 1.1 'Open' Host Controller (OHCI) Driver
[    0.609332] ohci-platform: OHCI generic platform driver
[    0.610105] ohci-platform fd840000.usb: Generic Platform OHCI controller
[    0.610780] ohci-platform fd840000.usb: new USB bus registered, assigned bus number 3
[    0.611604] ohci-platform fd840000.usb: irq 22, io mem 0xfd840000
[    0.674733] hub 3-0:1.0: USB hub found
[    0.675118] hub 3-0:1.0: 1 port detected
[    0.676092] ohci-platform fd8c0000.usb: Generic Platform OHCI controller
[    0.676716] ohci-platform fd8c0000.usb: new USB bus registered, assigned bus number 4
[    0.677521] ohci-platform fd8c0000.usb: irq 24, io mem 0xfd8c0000
[    0.738739] hub 4-0:1.0: USB hub found
[    0.739122] hub 4-0:1.0: 1 port detected
[    0.740955] xhci-hcd xhci-hcd.0.auto: xHCI Host Controller
[    0.741482] xhci-hcd xhci-hcd.0.auto: new USB bus registered, assigned bus number 5
[    0.742356] xhci-hcd xhci-hcd.0.auto: hcc params 0x0220fe64 hci version 0x110 quirks 0x0000000002010010
[    0.743258] xhci-hcd xhci-hcd.0.auto: irq 20, io mem 0xfd000000
[    0.743971] xhci-hcd xhci-hcd.0.auto: xHCI Host Controller
[    0.744484] xhci-hcd xhci-hcd.0.auto: new USB bus registered, assigned bus number 6
[    0.745184] xhci-hcd xhci-hcd.0.auto: Host supports USB 3.0 SuperSpeed
[    0.746369] hub 5-0:1.0: USB hub found
[    0.746755] hub 5-0:1.0: 1 port detected
[    0.747533] usb usb6: We don't know the algorithms for LPM for this host, disabling LPM.
[    0.748744] hub 6-0:1.0: USB hub found
[    0.749125] hub 6-0:1.0: 1 port detected
[    0.750032] usbcore: registered new interface driver usb-storage
[    0.750909] mousedev: PS/2 mouse device common for all mice
[    0.751778] i2c_dev: i2c /dev entries driver
[    0.753600] typec_fusb302 0-0022: supply vbus not found, using dummy regulator
[    0.754747] typec_fusb302 0-0022: failed to request gpio_int_n
[    0.755571] typec_fusb302: probe of 0-0022 failed with error -2
[    0.757426] fan53555-regulator 0-001c: FAN53555 Option[12] Rev[15] Detected!
[    0.764416] rk808 0-0020: chip id: 0x8090
[    0.808028] rk808-regulator rk808-regulator: there is no dvs0 gpio
[    0.808628] rk808-regulator rk808-regulator: there is no dvs1 gpio
[    0.880506] input: rk805 pwrkey as /devices/platform/fdd40000.i2c/i2c-0/0-0020/rk805-pwrkey/input/input0
[    0.892525] rk808-rtc rk808-rtc: registered as rtc0
[    0.895636] rk808-rtc rk808-rtc: setting system clock to 2017-08-05T09:02:14 UTC (1501923734)
[    0.901506] arm-scmi firmware:scmi: Failed. SCMI protocol 19 not active.
[    0.903480] sdhci: Secure Digital Host Controller Interface driver
[    0.904052] sdhci: Copyright(c) Pierre Ossman
[    0.904445] Synopsys Designware Multimedia Card Interface Driver
[    0.905623] sdhci-pltfm: SDHCI platform and OF driver helper
[    0.906534] dwmmc_rockchip fe000000.mmc: IDMAC supports 32-bit address mode.
[    0.906892] dwmmc_rockchip fe2b0000.mmc: IDMAC supports 32-bit address mode.
[    0.907213] dwmmc_rockchip fe000000.mmc: Using internal DMA controller.
[    0.907835] dwmmc_rockchip fe2b0000.mmc: Using internal DMA controller.
[    0.908415] dwmmc_rockchip fe000000.mmc: Version ID is 270a
[    0.909067] dwmmc_rockchip fe2b0000.mmc: Version ID is 270a
[    0.909599] ledtrig-cpu: registered to indicate activity on CPUs
[    0.909613] dwmmc_rockchip fe000000.mmc: DW MMC controller at irq 29,32 bit host data width,256 deep fifo
[    0.909896] dwmmc_rockchip fe000000.mmc: allocated mmc-pwrseq
[    0.909910] mmc_host mmc3: card is non-removable.
[    0.910047] dwmmc_rockchip fe2b0000.mmc: DW MMC controller at irq 34,32 bit host data width,256 deep fifo
[    0.911084] arm-scmi firmware:scmi: Failed. SCMI protocol 17 not active.
[    0.913868] SMCCC: SOC_ID: ARCH_FEATURES(ARCH_SOC_ID) returned error: fffffffffffffffd
[    0.914781] usbcore: registered new interface driver usbhid
[    0.915289] usbhid: USB HID core driver
[    0.918017] NET: Registered PF_INET6 protocol family
[    0.919908] Segment Routing with IPv6
[    0.920301] In-situ OAM (IOAM) with IPv6
[    0.920723] NET: Registered PF_PACKET protocol family
[    0.921388] 8021q: 802.1Q VLAN Support v1.8
[    0.924497] mmc_host mmc3: Bus speed (slot 0) = 375000Hz (slot req 400000Hz, actual 375000HZ div = 0)
[    0.926331] mmc_host mmc0: Bus speed (slot 0) = 375000Hz (slot req 400000Hz, actual 375000HZ div = 0)
[    0.939292] mmc1: SDHCI controller on fe310000.mmc [fe310000.mmc] using ADMA
[    0.966263] Stack Depot allocating hash table with kvmalloc
[    0.968609] mmc_host mmc3: Bus speed (slot 0) = 375000Hz (slot req 375000Hz, actual 375000HZ div = 0)
[    0.972212] rockchip-drm display-subsystem: bound fe040000.vop (ops 0xffff8000089b1568)
[    0.974579] dwhdmi-rockchip fe0a0000.hdmi: Detected HDMI TX controller v2.11a with HDCP (DWC HDMI 2.0 TX PHY)
[    0.976028] dwhdmi-rockchip fe0a0000.hdmi: registered DesignWare HDMI I2C bus driver
[    0.977057] rockchip-drm display-subsystem: bound fe0a0000.hdmi (ops 0xffff8000089b5540)
[    0.978305] [drm] Initialized rockchip 1.0.0 20140818 for display-subsystem on minor 0
[    0.979846] dwc3 fcc00000.usb: Configuration mismatch. dr_mode forced to host
[    0.982835] dwc3 fcc00000.usb: Configuration mismatch. dr_mode forced to host
[    0.987908] Waiting for root device PARTUUID=5452574f-02...
[    0.991921] mmc_host mmc0: Bus speed (slot 0) = 150000000Hz (slot req 150000000Hz, actual 150000000HZ div = 0)
[    1.142553] dwmmc_rockchip fe2b0000.mmc: Successfully tuned phase to 271
[    1.143182] mmc0: new ultra high speed SDR104 SDHC card at address 1234
[    1.144667] mmcblk0: mmc0:1234 SA32G 28.9 GiB
[    1.147046]  mmcblk0: p1 p2
[    1.148259] dwc3 fcc00000.usb: Configuration mismatch. dr_mode forced to host
[    1.172924] EXT4-fs (mmcblk0p2): warning: mounting unchecked fs, running e2fsck is recommended
[    1.174928] EXT4-fs (mmcblk0p2): mounted filesystem without journal. Quota mode: none.
[    1.175717] VFS: Mounted root (ext4 filesystem) on device 179:2.
[    1.177115] Freeing unused kernel memory: 1792K
[    1.198315] Run /sbin/init as init process
[    1.240498] init: Console is alive
[    1.392653] kmodloader: loading kernel modules from /etc/modules-boot.d/*
[    1.405777] usbcore: registered new interface driver uas
[    1.406666] kmodloader: done loading kernel modules from /etc/modules-boot.d/*
[    1.412948] init: - preinit -
[    1.553378] random: jshn: uninitialized urandom read (4 bytes read)
[    1.586351] random: jshn: uninitialized urandom read (4 bytes read)
[    3.362221] random: crng init done
[    3.439486] yzhang..read phyaddr=0, phyid=4f51e91b
[    3.439954] yzhang..get YT8511, abt to set 125m clk out, phyaddr=0, phyid=4f51e91b
[    3.592065] yt8511_config_out_125m, phy clk out, val=0x008006
[    3.592714] yzhang..8511 set 125m clk out, reg=0x8006
[    3.593176] phy_yt8531_led_fixup in
[    3.594576] rk_gmac-dwmac fe2a0000.ethernet eth1: PHY [stmmac-0:00] driver [YT8531 Gigabit Ethernet] (irq=POLL)
[    3.596548] rk_gmac-dwmac fe2a0000.ethernet eth1: Register MEM_TYPE_PAGE_POOL RxQ-0
[    3.608079] dwmac4: Master AXI performs any burst length
[    3.608585] rk_gmac-dwmac fe2a0000.ethernet eth1: No Safety Features support found
[    3.609293] rk_gmac-dwmac fe2a0000.ethernet eth1: IEEE 1588-2008 Advanced Timestamp supported
[    3.610291] rk_gmac-dwmac fe2a0000.ethernet eth1: registered PTP clock
[    3.611365] rk_gmac-dwmac fe2a0000.ethernet eth1: configuring for phy/rgmii-id link mode
[    7.687819] mount_root: mounting /dev/root
[    7.690283] EXT4-fs (mmcblk0p2): re-mounted. Quota mode: none.
[    7.691097] mount_root: loading kmods from internal overlay
[    7.713614] kmodloader: loading kernel modules from //etc/modules-boot.d/*
[    7.716127] kmodloader: done loading kernel modules from //etc/modules-boot.d/*
[    7.785963] block: attempting to load /etc/config/fstab
[    7.787790] block: extroot: not configured
[    7.834801] EXT4-fs (mmcblk0p1): warning: mounting unchecked fs, running e2fsck is recommended
[    7.836531] EXT4-fs (mmcblk0p1): mounted filesystem without journal. Quota mode: none.
[    7.843771] urandom-seed: Seeding with /etc/urandom.seed
[    7.871213] procd: - early -
[    8.455819] procd: - ubus -
[    8.508274] procd: - init -
[    8.510682] dw-apb-uart fe660000.serial: forbid DMA for kernel console
Please press Enter to activate this console.
[    8.713775] kmodloader: loading kernel modules from /etc/modules.d/*
[    8.737207] NET: Registered PF_ALG protocol family
[    8.755827] ntfs3: Max link count 4000
[    8.756207] ntfs3: Enabled Linux POSIX ACLs support
[    8.756647] ntfs3: Warning: Activated 64 bits per cluster. Windows does not support this
[    8.757367] ntfs3: Read-only LZX/Xpress compression included
[    8.766911] NET: Registered PF_KEY protocol family
[    8.769956] Initializing XFRM netlink socket
[    8.774069] tun: Universal TUN/TAP device driver, 1.6
[    8.824815] cryptodev: driver 1.12 loaded.
[    8.860045] usbcore: registered new interface driver ums-alauda
[    8.861269] usbcore: registered new interface driver ums-cypress
[    8.862604] usbcore: registered new interface driver ums-datafab
[    8.863830] usbcore: registered new interface driver ums-freecom
[    8.865079] usbcore: registered new interface driver ums-isd200
[    8.866384] usbcore: registered new interface driver ums-jumpshot
[    8.867632] usbcore: registered new interface driver ums-karma
[    8.869002] usbcore: registered new interface driver ums-sddr09
[    8.870409] usbcore: registered new interface driver ums-sddr55
[    8.871853] usbcore: registered new interface driver ums-usbat
[    8.883519] xt_time: kernel timezone is -0000
[    8.914902] PPP generic driver version 2.4.2
[    8.916325] PPP MPPE Compression module registered
[    8.917757] NET: Registered PF_PPPOX protocol family
[    8.926317] kmodloader: done loading kernel modules from /etc/modules.d/*
[   11.653508] EXT4-fs (mmcblk0p1): warning: mounting unchecked fs, running e2fsck is recommended
[   11.655320] EXT4-fs (mmcblk0p1): mounted filesystem without journal. Quota mode: none.
[   11.790788] yzhang..read phyaddr=0, phyid=4f51e91b
[   11.791259] yzhang..get YT8511, abt to set 125m clk out, phyaddr=0, phyid=4f51e91b
[   11.943435] yt8511_config_out_125m, phy clk out, val=0x008006
[   11.944110] yzhang..8511 set 125m clk out, reg=0x8006
[   11.944572] phy_yt8531_led_fixup in
[   11.946111] rk_gmac-dwmac fe2a0000.ethernet eth1: PHY [stmmac-0:00] driver [YT8531 Gigabit Ethernet] (irq=POLL)
[   11.949253] rk_gmac-dwmac fe2a0000.ethernet eth1: Register MEM_TYPE_PAGE_POOL RxQ-0
[   11.958282] dwmac4: Master AXI performs any burst length
[   11.958833] rk_gmac-dwmac fe2a0000.ethernet eth1: No Safety Features support found
[   11.959555] rk_gmac-dwmac fe2a0000.ethernet eth1: IEEE 1588-2008 Advanced Timestamp supported
[   11.960572] rk_gmac-dwmac fe2a0000.ethernet eth1: registered PTP clock
[   11.961214] rk_gmac-dwmac fe2a0000.ethernet eth1: configuring for phy/rgmii-id link mode
[   11.963643] br-lan: port 1(eth1) entered blocking state
[   11.964189] br-lan: port 1(eth1) entered disabled state
[   11.965092] device eth1 entered promiscuous mode
[   11.976718] yzhang..read phyaddr=0, phyid=4f51e91b
[   11.977188] yzhang..get YT8511, abt to set 125m clk out, phyaddr=0, phyid=4f51e91b
[   12.128425] yt8511_config_out_125m error
[   12.128957] yzhang..8511 set 125m clk out, reg=0xffff
[   12.129428] yzhang..failed to set 125m clk out, ret=-1
[   12.129892] phy_yt8531_led_fixup in
[   12.131525] rk_gmac-dwmac fe010000.ethernet eth0: PHY [stmmac-1:00] driver [YT8531 Gigabit Ethernet] (irq=POLL)
[   12.133645] rk_gmac-dwmac fe010000.ethernet eth0: Register MEM_TYPE_PAGE_POOL RxQ-0
