DDR Version V1.13 20220218
ln
ddrconfig:7
LPDDR4X, 324MHz
BW=32 Col=10 Bk=8 CS0 Row=16 CS1 Row=16 CS=2 Die BW=16 Size=4096MB
tdqss: cs0 dqs0: -24ps, dqs1: -120ps, dqs2: -48ps, dqs3: -144ps,
tdqss: cs1 dqs0: 24ps, dqs1: -96ps, dqs2: -24ps, dqs3: -144ps,

change to: 324MHz
PHY drv:clk:36,ca:36,DQ:29,odt:0
vrefinner:24%, vrefout:41%
dram drv:40,odt:0
clk skew:0x62

change to: 528MHz
PHY drv:clk:36,ca:36,DQ:29,odt:0
vrefinner:24%, vrefout:41%
dram drv:40,odt:0
clk skew:0x58

change to: 780MHz
PHY drv:clk:36,ca:36,DQ:29,odt:0
vrefinner:24%, vrefout:41%
dram drv:40,odt:0
clk skew:0x58

change to: 1056MHz(final freq)
PHY drv:clk:36,ca:36,DQ:29,odt:60
vrefinner:16%, vrefout:22%
dram drv:40,odt:80
vref_ca:00000071
clk skew:0x32
cs 0:
the read training result:
DQS0:0x40, DQS1:0x3f, DQS2:0x43, DQS3:0x40,
min  : 0xb  0xd  0xf  0xc  0x2  0x5  0x7  0x4 , 0x7  0x9  0x3  0x1  0x8  0x5 0x10  0x7 ,
       0xd  0xb  0xa  0x7  0x4  0x1  0x5  0x5 , 0xc  0x9  0x8  0x1  0xd 0x11  0xf 0x10 ,
mid  :0x2c 0x2e 0x2f 0x2d 0x23 0x25 0x27 0x23 ,0x28 0x2b 0x24 0x21 0x2a 0x27 0x2f 0x29 ,
      0x2d 0x2d 0x2b 0x29 0x26 0x23 0x26 0x26 ,0x2d 0x2a 0x29 0x23 0x2e 0x31 0x2f 0x30 ,
max  :0x4e 0x4f 0x50 0x4e 0x44 0x46 0x47 0x43 ,0x4a 0x4d 0x46 0x42 0x4c 0x49 0x4f 0x4b ,
      0x4e 0x4f 0x4c 0x4b 0x49 0x46 0x47 0x47 ,0x4f 0x4c 0x4a 0x45 0x50 0x52 0x50 0x50 ,
range:0x43 0x42 0x41 0x42 0x42 0x41 0x40 0x3f ,0x43 0x44 0x43 0x41 0x44 0x44 0x3f 0x44 ,
      0x41 0x44 0x42 0x44 0x45 0x45 0x42 0x42 ,0x43 0x43 0x42 0x44 0x43 0x41 0x41 0x40 ,
the write training result:
DQS0:0x2f, DQS1:0x22, DQS2:0x2c, DQS3:0x1f,
min  :0x58 0x5b 0x5c 0x5b 0x50 0x52 0x53 0x54 0x56 ,0x4a 0x4a 0x47 0x44 0x4a 0x49 0x4d 0x4c 0x4a ,
      0x53 0x52 0x50 0x50 0x4e 0x4b 0x4e 0x50 0x4e ,0x49 0x49 0x48 0x44 0x4c 0x4d 0x4b 0x4e 0x48 ,
mid  :0x75 0x77 0x79 0x77 0x6c 0x6e 0x6f 0x6f 0x71 ,0x67 0x67 0x62 0x60 0x67 0x63 0x67 0x66 0x63 ,
      0x70 0x70 0x6c 0x6c 0x6a 0x65 0x68 0x6a 0x6a ,0x67 0x65 0x64 0x5f 0x69 0x6b 0x67 0x6b 0x64 ,
max  :0x93 0x94 0x96 0x93 0x89 0x8a 0x8c 0x8a 0x8d ,0x84 0x84 0x7d 0x7d 0x85 0x7e 0x81 0x81 0x7d ,
      0x8e 0x8e 0x88 0x89 0x87 0x80 0x82 0x84 0x87 ,0x85 0x82 0x80 0x7b 0x87 0x89 0x83 0x89 0x80 ,
range:0x3b 0x39 0x3a 0x38 0x39 0x38 0x39 0x36 0x37 ,0x3a 0x3a 0x36 0x39 0x3b 0x35 0x34 0x35 0x33 ,
      0x3b 0x3c 0x38 0x39 0x39 0x35 0x34 0x34 0x39 ,0x3c 0x39 0x38 0x37 0x3b 0x3c 0x38 0x3b 0x38 ,
cs 1:
the read training result:
DQS0:0x40, DQS1:0x3f, DQS2:0x41, DQS3:0x3e,
min  : 0xc  0xd  0xf  0xd  0x2  0x6  0x6  0x4 , 0x7  0x9  0x3  0x1  0x8  0x6 0x10  0x7 ,
       0xd  0xc  0xa  0x7  0x4  0x1  0x6  0x5 , 0xb  0x8  0x6  0x0  0xd 0x10  0xd  0xf ,
mid  :0x2d 0x2e 0x2f 0x2d 0x22 0x26 0x26 0x23 ,0x28 0x2b 0x24 0x21 0x2a 0x27 0x2f 0x29 ,
      0x2c 0x2c 0x2a 0x28 0x25 0x22 0x26 0x25 ,0x2b 0x28 0x26 0x21 0x2d 0x30 0x2d 0x2e ,
max  :0x4e 0x4f 0x4f 0x4d 0x43 0x46 0x47 0x42 ,0x4a 0x4d 0x46 0x41 0x4c 0x48 0x4f 0x4b ,
      0x4c 0x4d 0x4a 0x49 0x47 0x44 0x46 0x45 ,0x4c 0x49 0x47 0x42 0x4e 0x50 0x4d 0x4d ,
range:0x42 0x42 0x40 0x40 0x41 0x40 0x41 0x3e ,0x43 0x44 0x43 0x40 0x44 0x42 0x3f 0x44 ,
      0x3f 0x41 0x40 0x42 0x43 0x43 0x40 0x40 ,0x41 0x41 0x41 0x42 0x41 0x40 0x40 0x3e ,
the write training result:
DQS0:0x2f, DQS1:0x22, DQS2:0x2c, DQS3:0x1f,
min  :0x5d 0x62 0x63 0x5f 0x55 0x57 0x58 0x58 0x5b ,0x4e 0x4e 0x4b 0x47 0x4f 0x4e 0x51 0x4f 0x4e ,
      0x55 0x54 0x53 0x53 0x50 0x4d 0x50 0x53 0x50 ,0x48 0x48 0x47 0x43 0x4b 0x4c 0x4a 0x4d 0x47 ,
mid  :0x7a 0x7e 0x7f 0x7b 0x71 0x73 0x74 0x73 0x77 ,0x6b 0x6a 0x67 0x64 0x6c 0x68 0x6b 0x6a 0x68 ,
      0x72 0x72 0x6e 0x6e 0x6c 0x67 0x6a 0x6c 0x6d ,0x66 0x65 0x62 0x5e 0x68 0x6a 0x66 0x6a 0x62 ,
max  :0x98 0x9a 0x9b 0x98 0x8e 0x8f 0x91 0x8f 0x93 ,0x88 0x87 0x83 0x82 0x89 0x83 0x85 0x85 0x82 ,
      0x90 0x90 0x8a 0x8a 0x89 0x82 0x85 0x86 0x8a ,0x84 0x82 0x7e 0x7a 0x86 0x88 0x82 0x88 0x7d ,
range:0x3b 0x38 0x38 0x39 0x39 0x38 0x39 0x37 0x38 ,0x3a 0x39 0x38 0x3b 0x3a 0x35 0x34 0x36 0x34 ,
      0x3b 0x3c 0x37 0x37 0x39 0x35 0x35 0x33 0x3a ,0x3c 0x3a 0x37 0x37 0x3b 0x3c 0x38 0x3b 0x36 ,
CA Training result:
cs:0 min  :0x47 0x45 0x3c 0x37 0x3c 0x36 0x3e ,0x47 0x41 0x3d 0x39 0x3c 0x36 0x3f ,
cs:0 mid  :0x85 0x85 0x79 0x78 0x78 0x77 0x6b ,0x84 0x82 0x7a 0x7a 0x7a 0x77 0x6c ,
cs:0 max  :0xc3 0xc6 0xb6 0xba 0xb5 0xb9 0x99 ,0xc2 0xc4 0xb8 0xbc 0xb8 0xb9 0x9a ,
cs:0 range:0x7c 0x81 0x7a 0x83 0x79 0x83 0x5b ,0x7b 0x83 0x7b 0x83 0x7c 0x83 0x5b ,
cs:1 min  :0x46 0x48 0x3a 0x3b 0x3a 0x3b 0x3c ,0x44 0x44 0x3b 0x3c 0x38 0x39 0x3c ,
cs:1 mid  :0x86 0x86 0x7a 0x7a 0x7a 0x78 0x6c ,0x83 0x82 0x7a 0x7a 0x79 0x77 0x6b ,
cs:1 max  :0xc6 0xc5 0xba 0xb9 0xba 0xb6 0x9d ,0xc3 0xc0 0xba 0xb8 0xba 0xb5 0x9b ,
cs:1 range:0x80 0x7d 0x80 0x7e 0x80 0x7b 0x61 ,0x7f 0x7c 0x7f 0x7c 0x82 0x7c 0x5f ,
out
U-Boot SPL board init
U-Boot SPL 2017.09-gaaca6ffec1-211203 #zzz (Dec 03 2021 - 18:42:16)
unknown raw ID phN
unrecognized JEDEC id bytes: 00, 00, 00
Trying to boot from MMC2
SPL: A/B-slot: _a, successful: 0, tries-remain: 7
Trying fit image at 0x4000 sector
## Verified-boot: 0
## Checking atf-1 0x00040000 ... sha256(fe4f274c06...) + OK
## Checking uboot 0x00a00000 ... sha256(6fdacfcc9c...) + OK
## Checking fdt 0x00b312b8 ... sha256(fe157fb21a...) + OK
## Checking atf-2 0x00068000 ... sha256(8d44036095...) + OK
## Checking atf-3 0xfdcd0000 ... sha256(e410275b51...) + OK
## Checking atf-4 0xfdcc9000 ... sha256(990c53fc01...) + OK
## Checking atf-5 0x00066000 ... sha256(315a4195a9...) + OK
## Checking optee 0x08400000 ... sha256(66bbd17352...) + OK
Jumping to U-Boot(0x00a00000) via ARM Trusted Firmware(0x00040000)
Total: 463.22 ms

INFO:    Preloader serial: 2
NOTICE:  BL31: v2.3():v2.3-181-gc9a647cae:cl
NOTICE:  BL31: Built : 10:55:41, Oct 18 2021
INFO:    GICv3 without legacy support detected.
INFO:    ARM GICv3 driver initialized in EL3
INFO:    pmu v1 is valid
INFO:    dfs DDR fsp_param[0].freq_mhz= 1056MHz
INFO:    dfs DDR fsp_param[1].freq_mhz= 324MHz
INFO:    dfs DDR fsp_param[2].freq_mhz= 528MHz
INFO:    dfs DDR fsp_param[3].freq_mhz= 780MHz
INFO:    Using opteed sec cpu_context!
INFO:    boot cpu mask: 0
INFO:    BL31: Initializing runtime services
INFO:    BL31: Initializing BL32
I/TC:
I/TC: OP-TEE version: 3.13.0-641-g4167319d3 #hisping.lin (gcc version 10.2.1 20201103 (GNU Toolchain for the A-profile Architecture 10.2-2020.11 (arm-10.16))) #8 Wed Mar 16 15:14:56 CST 2022 aarch64
I/TC: Primary CPU initializing
I/TC: Primary CPU switching to normal world boot
INFO:    BL31: Preparing for EL3 exit to normal world
INFO:    Entry point address = 0xa00000
INFO:    SPSR = 0x3c9


U-Boot 2017.09-ga3dd47b66b-220304 #jiawen (Jun 25 2022 - 09:08:22 +0800)

Model: Rockchip RK3568 Evaluation Board
PreSerial: 2, raw, 0xfe660000
DRAM:  4 GiB
Sysmem: init
Relocation Offset: ed347000
Relocation fdt: eb9f8f80 - eb9fecc8
CR: M/C/I
Using default environment

no mmc device at slot 1
dwmmc@fe2b0000: 1 (SD), dwmmc@fe2c0000: 2, sdhci@fe310000: 0
Bootdev(atags): mmc 1
MMC1: Legacy, 52Mhz
PartType: EFI
DM: v1
boot mode: None
FIT: no signed, no conf required
DTB: rk-kernel.dtb
HASH(c): OK
I2c0 speed: 100000Hz
vsel-gpios- not found! Error: -2
vdd_cpu 1025000 uV
PMIC:  RK8090 (on=0x40, off=0x00)
vdd_logic init 900000 uV
vdd_gpu init 900000 uV
vdd_npu init 900000 uV
io-domain: OK
Could not find baseparameter partition
Model: EmbedFire LubanCat1-N
Rockchip UBOOT DRM driver version: v1.0.1
VOP have 1 active VP
vp0 have layer nr:6[0 2 4 1 3 5 ], primary plane: 4
vp1 have layer nr:0[], primary plane: 0
vp2 have layer nr:0[], primary plane: 0
xfer: num: 2, addr: 0x50
xfer: num: 2, addr: 0x50
Monitor has basic audio support
Could not find baseparameter partition
mode:1920x1080
hdmi@fe0a0000:  detailed mode clock 148500 kHz, flags[5]
    H: 1920 2008 2052 2200
    V: 1080 1084 1089 1125
bus_format: 2025
VOP update mode to: 1920x1080p0, type: HDMI0 for VP0
rockchip_vop2_init:No hdmiphypll clk0 found, use system clk
rockchip_vop2_init:No hdmiphypll clk1 found, use system clk
VOP VP0 enable Smart0[654x270->654x270@633x405] fmt[2] addr[0xedf04000]
CEA mode used vic=16
final pixclk = 148500000 tmdsclk = 148500000
PHY powered down in 0 iterations
PHY PLL locked 1 iterations
PHY powered down in 0 iterations
PHY PLL locked 1 iterations
sink has audio support
hdmi_set_clk_regenerator: fs=48000Hz ftdms=148.500MHz N=6144 cts=148500
CLK: (sync kernel. arm: enter 816000 KHz, init 816000 KHz, kernel 0N/A)
  apll 1416000 KHz
  dpll 528000 KHz
  gpll 1188000 KHz
  cpll 1000000 KHz
  npll 1200000 KHz
  vpll 24000 KHz
  hpll 148000 KHz
  ppll 200000 KHz
  armclk 1416000 KHz
  aclk_bus 150000 KHz
  pclk_bus 100000 KHz
  aclk_top_high 500000 KHz
  aclk_top_low 400000 KHz
  hclk_top 150000 KHz
  pclk_top 100000 KHz
  aclk_perimid 300000 KHz
  hclk_perimid 150000 KHz
  pclk_pmu 100000 KHz
Net:   eth0: ethernet@fe010000
Hit key to stop autoboot('CTRL+C'):  0
ANDROID: reboot reason: "(none)"
optee api revision: 2.0
TEEC: Waring: Could not find security partition
Not AVB images, AVB skip
No valid android hdr
Android image load failed
Android boot failed, error -1.
## Booting FIT Image at 0xea1c4540 with size 0x01633a00
Fdt Ramdisk skip relocation
## Loading kernel from FIT Image at ea1c4540 ...
   Using 'conf' configuration
## Verified-boot: 0
   Trying 'kernel' kernel subimage
     Description:  unavailable
     Type:         Kernel Image
     Compression:  uncompressed
     Data Start:   0xea1e9540
     Data Size:    23128072 Bytes = 22.1 MiB
     Architecture: AArch64
     OS:           Linux
     Load Address: 0x00280000
     Entry Point:  0x00280000
     Hash algo:    sha256
     Hash value:   998b4f903676b866f0a503aded6924a27e36491b916d6412d64aa0eee97f2e6a
   Verifying Hash Integrity ... sha256+ OK
## Loading fdt from FIT Image at ea1c4540 ...
   Using 'conf' configuration
   Trying 'fdt' fdt subimage
     Description:  unavailable
     Type:         Flat Device Tree
     Compression:  uncompressed
     Data Start:   0xea1c4d40
     Data Size:    149114 Bytes = 145.6 KiB
     Architecture: AArch64
     Load Address: 0x0a100000
     Hash algo:    sha256
     Hash value:   1478f89f5dee89c158b91da0b722d4d9c3955bf663ca54925935c76527ac24f4
   Verifying Hash Integrity ... sha256+ OK
   Loading fdt from 0x0a100000 to 0x0a100000
   Booting using the fdt blob at 0x0a100000
   Loading Kernel Image from 0xea1e9540 to 0x00280000 ... OK
   kernel loaded at 0x00280000, end = 0x0188e808
  'reserved-memory' ramoops@110000: addr=110000 size=f0000
  'reserved-memory' abc@80900000: addr=80900000 size=100000
   Using Device Tree in place at 000000000a100000, end 000000000a127679
vp0, plane_mask:0x15, primary-id:4, curser-id:-1
vp1, plane_mask:0x0, primary-id:0, curser-id:-1
vp2, plane_mask:0x0, primary-id:0, curser-id:-1
Adding bank: 0x00200000 - 0x08400000 (size: 0x08200000)
Adding bank: 0x09400000 - 0xf0000000 (size: 0xe6c00000)
Adding bank: 0x1f0000000 - 0x200000000 (size: 0x10000000)
Total: 2922.93 ms

Starting kernel ...

[    0.000000] Booting Linux on physical CPU 0x0000000000 [0x412fd050]
[    0.000000] Linux version 4.19.219 (jiawen@dev120.embedfire.local) (gcc version 6.3.1 20170404 (Linaro GCC 6.3-2017.05), GNU ld (Linaro_Binutils-2017.05) 2.27.0.20161019) #13 SMP Sat Jun 25 08:33:12 CST 2022
[    0.000000] Machine model: EmbedFire LubanCat1-N
[    0.000000] earlycon: uart8250 at MMIO32 0x00000000fe660000 (options '')
[    0.000000] bootconsole [uart8250] enabled
[    0.000000] cma: Reserved 16 MiB at 0x00000000eec00000
[    0.000000] psci: probing for conduit method from DT.
[    0.000000] psci: PSCIv1.1 detected in firmware.
[    0.000000] psci: Using standard PSCI v0.2 function IDs
[    0.000000] psci: Trusted OS migration not required
[    0.000000] psci: SMC Calling Convention v1.2
[    0.000000] percpu: Embedded 24 pages/cpu s57704 r8192 d32408 u98304
[    0.000000] Detected VIPT I-cache on CPU0
[    0.000000] CPU features: detected: Virtualization Host Extensions
[    0.000000] CPU features: detected: Speculative Store Bypassing Safe (SSBS)
[    0.000000] Built 1 zonelists, mobility grouping on.  Total pages: 1027656
[    0.000000] Kernel command line: storagemedia=sd androidboot.storagemedia=sd androidboot.mode=normal  androidboot.verifiedbootstate=orange rw rootwait earlycon=uart8250,mmio32,0xfe660000 console=ttyFIQ0 root=PARTUUID=614e0000-0000
[    0.000000] Dentry cache hash table entries: 524288 (order: 10, 4194304 bytes)
[    0.000000] Inode-cache hash table entries: 262144 (order: 9, 2097152 bytes)
[    0.000000] mem auto-init: stack:off, heap alloc:off, heap free:off
[    0.000000] software IO TLB: mapped [mem 0xe9f00000-0xedf00000] (64MB)
[    0.000000] Memory: 3978352K/4175872K available (13950K kernel code, 1978K rwdata, 5228K rodata, 1408K init, 512K bss, 181136K reserved, 16384K cma-reserved)
[    0.000000] SLUB: HWalign=64, Order=0-3, MinObjects=0, CPUs=4, Nodes=1
[    0.000000] ftrace: allocating 51222 entries in 201 pages
[    0.000000] rcu: Hierarchical RCU implementation.
[    0.000000] rcu:     RCU event tracing is enabled.
[    0.000000] rcu:     RCU restricting CPUs from NR_CPUS=8 to nr_cpu_ids=4.
[    0.000000] rcu: Adjusting geometry for rcu_fanout_leaf=16, nr_cpu_ids=4
[    0.000000] NR_IRQS: 64, nr_irqs: 64, preallocated irqs: 0
[    0.000000] GICv3: GIC: Using split EOI/Deactivate mode
[    0.000000] GICv3: Distributor has no Range Selector support
[    0.000000] GICv3: no VLPI support, no direct LPI support
[    0.000000] ITS [mem 0xfd440000-0xfd45ffff]
[    0.000000] ITS@0x00000000fd440000: allocated 8192 Devices @210000 (indirect, esz 8, psz 64K, shr 0)
[    0.000000] ITS@0x00000000fd440000: allocated 32768 Interrupt Collections @220000 (flat, esz 2, psz 64K, shr 0)
[    0.000000] ITS: using cache flushing for cmd queue
[    0.000000] GIC: using LPI property table @0x0000000000230000
[    0.000000] GICv3: CPU0: found redistributor 0 region 0:0x00000000fd460000
[    0.000000] CPU0: using LPI pending table @0x0000000000240000
[    0.000000] GIC: using cache flushing for LPI property table
[    0.000000] random: random: get_random_bytes called from start_kernel+0x36c/0x510 with crng_init=0
[    0.000000] arch_timer: cp15 timer(s) running at 24.00MHz (phys).
[    0.000000] clocksource: arch_sys_counter: mask: 0xffffffffffffff max_cycles: 0x588fe9dc0, max_idle_ns: 440795202592 ns
[    0.000004] sched_clock: 56 bits at 24MHz, resolution 41ns, wraps every 4398046511097ns
[    0.001747] Console: colour dummy device 80x25
[    0.002189] Calibrating delay loop (skipped), value calculated using timer frequency.. 48.00 BogoMIPS (lpj=80000)
[    0.003131] pid_max: default: 32768 minimum: 301
[    0.003652] Mount-cache hash table entries: 8192 (order: 4, 65536 bytes)
[    0.004275] Mountpoint-cache hash table entries: 8192 (order: 4, 65536 bytes)
[    0.006051] ASID allocator initialised with 32768 entries
[    0.006647] rcu: Hierarchical SRCU implementation.
[    0.008938] Platform MSI: interrupt-controller@fd440000 domain created
[    0.009977] PCI/MSI: /interrupt-controller@fd400000/interrupt-controller@fd440000 domain created
[    0.011398] smp: Bringing up secondary CPUs ...
I/TC: Secondary CPU 1 initializing
I/TC: Secondary CPU 1 switching to normal world boot
I/TC: Secondary CPU 2 initializing
I/TC: Secondary CPU 2 switching to normal world boot
I/TC: Secondary CPU 3 initializing
I/TC: Secondary CPU 3 switching to normal world boot
[    0.013036] Detected VIPT I-cache on CPU1
[    0.013067] GICv3: CPU1: found redistributor 100 region 0:0x00000000fd480000
[    0.013107] CPU1: using LPI pending table @0x0000000000250000
[    0.013151] CPU1: Booted secondary processor 0x0000000100 [0x412fd050]
[    0.014373] Detected VIPT I-cache on CPU2
[    0.014396] GICv3: CPU2: found redistributor 200 region 0:0x00000000fd4a0000
[    0.014431] CPU2: using LPI pending table @0x0000000000260000
[    0.014462] CPU2: Booted secondary processor 0x0000000200 [0x412fd050]
[    0.015650] Detected VIPT I-cache on CPU3
[    0.015672] GICv3: CPU3: found redistributor 300 region 0:0x00000000fd4c0000
[    0.015710] CPU3: using LPI pending table @0x0000000000270000
[    0.015739] CPU3: Booted secondary processor 0x0000000300 [0x412fd050]
[    0.015818] smp: Brought up 1 node, 4 CPUs
[    0.022605] SMP: Total of 4 processors activated.
[    0.023039] CPU features: detected: GIC system register CPU interface
[    0.023628] CPU features: detected: Privileged Access Never
[    0.024138] CPU features: detected: LSE atomic instructions
[    0.024648] CPU features: detected: User Access Override
[    0.025135] CPU features: detected: 32-bit EL0 Support
[    0.025605] CPU features: detected: RAS Extension Support
[    0.026226] CPU: All CPU(s) started at EL2
[    0.026619] alternatives: patching kernel code
[    0.031651] devtmpfs: initialized
[    0.049725] Registered cp15_barrier emulation handler
[    0.050203] Registered setend emulation handler
[    0.050838] clocksource: jiffies: mask: 0xffffffff max_cycles: 0xffffffff, max_idle_ns: 6370867519511994 ns
[    0.051776] futex hash table entries: 1024 (order: 4, 65536 bytes)
[    0.052817] pinctrl core: initialized pinctrl subsystem
[    0.054016] NET: Registered protocol family 16
[    0.057301] cpuidle: using governor menu
[    0.057710] Registered FIQ tty driver
[    0.058410] hw-breakpoint: found 6 breakpoint and 4 watchpoint registers.
[    0.059747] DMA: preallocated 256 KiB pool for atomic allocations
[    0.062874] console [pstore-1] enabled
[    0.063224] pstore: Registered ramoops as persistent store backend
[    0.063792] ramoops: attached 0xf0000@0x110000, ecc: 0/0
[    0.086741] rockchip-gpio fdd60000.gpio: probed gpio0 (fdd60000.gpio)
[    0.087754] rockchip-gpio fe740000.gpio: probed gpio1 (fe740000.gpio)
[    0.088769] rockchip-gpio fe750000.gpio: probed gpio2 (fe750000.gpio)
[    0.089740] rockchip-gpio fe760000.gpio: probed gpio3 (fe760000.gpio)
[    0.090709] rockchip-gpio fe770000.gpio: probed gpio4 (fe770000.gpio)
[    0.091413] rockchip-pinctrl pinctrl: probed pinctrl
[    0.100933] cryptd: max_cpu_qlen set to 1000
[[    0.102636] console [ttyFIQ0] enabled
    0.102636] console [ttyFIQ0] enabled
[    0.103309] bootconsole [uart8250] disabled
[    0.103309] bootconsole [uart8250] disabled
[    0.103864] Registered fiq debugger ttyFIQ0
[    0.104573] vcc5v0_sys: supplied by dc_5v
[    0.104852] vcc3v3_sys: supplied by vcc5v0_sys
[    0.105250] pcie_3v3: supplied by vcc5v0_sys
[    0.106032] cam0_dovdd: supplied by vdd_cam_5v
[    0.106307] cam0_avdd: supplied by vdd_cam_5v
[    0.106576] cam0_dvdd: supplied by vdd_cam_5v
[    0.107492] rk_iommu fde4b000.iommu: version = 2
[    0.108018] rk_iommu fdea0800.iommu: version = 2
[    0.108338] rk_iommu fded0480.iommu: version = 2
[    0.108672] rk_iommu fdee0800.iommu: version = 2
[    0.108962] rk_iommu fdef0800.iommu: version = 2
[    0.109216] rk_iommu fdf40f00.iommu: version = 2
[    0.109544] rk_iommu fdf80800.iommu: version = 2
[    0.109826] rk_iommu fdff1a00.iommu: version = 2
[    0.110094] rk_iommu fe043e00.iommu: version = 2
[    0.110718] SCSI subsystem initialized
[    0.110922] usbcore: registered new interface driver usbfs
[    0.110975] usbcore: registered new interface driver hub
[    0.111022] usbcore: registered new device driver usb
[    0.111403] media: Linux media interface: v0.10
[    0.111439] videodev: Linux video capture interface: v2.00
[    0.111513] pps_core: LinuxPPS API ver. 1 registered
[    0.111527] pps_core: Software ver. 5.3.6 - Copyright 2005-2007 Rodolfo Giometti <giometti@linux.it>
[    0.111550] PTP clock support registered
[    0.111810] arm-scmi firmware:scmi: SCMI Protocol v2.0 'rockchip:' Firmware version 0x0
[    0.113407] Advanced Linux Sound Architecture Driver Initialized.
[    0.113785] Bluetooth: Core ver 2.22
[    0.113826] NET: Registered protocol family 31
[    0.113840] Bluetooth: HCI device and connection manager initialized
[    0.113858] Bluetooth: HCI socket layer initialized
[    0.113873] Bluetooth: L2CAP socket layer initialized
[    0.113904] Bluetooth: SCO socket layer initialized
[    0.114284] rockchip-cpuinfo cpuinfo: SoC            : 35662000
[    0.114301] rockchip-cpuinfo cpuinfo: Serial         : 35eaa4c069a50889
[    0.115038] clocksource: Switched to clocksource arch_sys_counter
[    0.172173] thermal thermal_zone1: power_allocator: sustainable_power will be estimated
[    0.172602] NET: Registered protocol family 2
[    0.172799] IP idents hash table entries: 65536 (order: 7, 524288 bytes)
[    0.174033] tcp_listen_portaddr_hash hash table entries: 2048 (order: 4, 81920 bytes)
[    0.174116] TCP established hash table entries: 32768 (order: 6, 262144 bytes)
[    0.174285] TCP bind hash table entries: 32768 (order: 8, 1048576 bytes)
[    0.175105] TCP: Hash tables configured (established 32768 bind 32768)
[    0.175232] UDP hash table entries: 2048 (order: 5, 196608 bytes)
[    0.175413] UDP-Lite hash table entries: 2048 (order: 5, 196608 bytes)
[    0.175708] NET: Registered protocol family 1
[    0.176146] RPC: Registered named UNIX socket transport module.
[    0.176162] RPC: Registered udp transport module.
[    0.176173] RPC: Registered tcp transport module.
[    0.176184] RPC: Registered tcp NFSv4.1 backchannel transport module.
[    0.178141] hw perfevents: enabled with armv8_pmuv3 PMU driver, 7 counters available
[    0.179766] Initialise system trusted keyrings
[    0.179946] workingset: timestamp_bits=61 max_order=20 bucket_order=0
[    0.184668] squashfs: version 4.0 (2009/01/31) Phillip Lougher
[    0.185348] NFS: Registering the id_resolver key type
[    0.185385] Key type id_resolver registered
[    0.185399] Key type id_legacy registered
[    0.185429] ntfs: driver 2.1.32 [Flags: R/O].
[    0.185583] jffs2: version 2.2. (NAND) ? 2001-2006 Red Hat, Inc.
[    0.185748] fuse init (API version 7.27)
[    0.186107] SGI XFS with security attributes, no debug enabled
[    0.188010] NET: Registered protocol family 38
[    0.188041] Key type asymmetric registered
[    0.188056] Asymmetric key parser 'x509' registered
[    0.188095] Block layer SCSI generic (bsg) driver version 0.4 loaded (major 243)
[    0.188110] io scheduler noop registered
[    0.188120] io scheduler deadline registered
[    0.188216] io scheduler cfq registered (default)
[    0.188231] io scheduler mq-deadline registered
[    0.188242] io scheduler kyber registered
[    0.189161] rockchip-csi2-dphy csi2-dphy1: csi2 dphy1 probe successfully!
[    0.189288] rockchip-csi2-dphy-hw fe870000.csi2-dphy-hw: csi2 dphy hw probe successfully!
[    0.191130] phy phy-fe8a0000.usb2-phy.1: No vbus specified for otg port
[    0.192519] extcon extcon1: failed to create extcon usb2-phy link
[    0.192761] phy phy-fe8b0000.usb2-phy.3: No vbus specified for otg port
[    0.197916] rk-pcie 3c0000000.pcie: Linked as a consumer to regulator.4
[    0.198174] pwm-backlight backlight: backlight supply power not found, using dummy regulator
[    0.198239] pwm-backlight backlight: Linked as a consumer to regulator.0
[    0.198489] mpp_service mpp-srv: 863e1d0fec38 author: Caesar Wang 2022-01-08 Revert "video: rockchip: mpp: rkvdec2: setup link mode clk"
[    0.198507] mpp_service mpp-srv: probe start
[    0.199087] iommu: Adding device fdf40000.rkvenc to group 5
[    0.199118] mpp_rkvenc fdf40000.rkvenc: Linked as a consumer to fdf40f00.iommu
[    0.199291] mpp_rkvenc fdf40000.rkvenc: probing start
[    0.199732] mpp_rkvenc fdf40000.rkvenc: venc regulator not ready, retry
[    0.199748] rkvenc_init:1199: failed to add venc devfreq
[    0.200031] mpp_rkvenc fdf40000.rkvenc: probing finish
[    0.200771] iommu: Adding device fdea0400.vdpu to group 1
[    0.200805] mpp_vdpu2 fdea0400.vdpu: Linked as a consumer to fdea0800.iommu
[    0.200943] mpp_vdpu2 fdea0400.vdpu: probe device
[    0.201428] mpp_vdpu2 fdea0400.vdpu: probing finish
[    0.201852] iommu: Adding device fdee0000.vepu to group 3
[    0.201884] mpp_vepu2 fdee0000.vepu: Linked as a consumer to fdee0800.iommu
[    0.202045] mpp_vepu2 fdee0000.vepu: probe device
[    0.202503] mpp_vepu2 fdee0000.vepu: probing finish
[    0.202913] iommu: Adding device fdef0000.iep to group 4
[    0.202944] mpp-iep2 fdef0000.iep: Linked as a consumer to fdef0800.iommu
[    0.203070] mpp-iep2 fdef0000.iep: probe device
[    0.203238] rk-pcie 3c0000000.pcie: missing legacy IRQ resource
[    0.203262] rk-pcie 3c0000000.pcie: Missing *config* reg space
[    0.203275] rk-pcie 3c0000000.pcie: host bridge /pcie@fe260000 ranges:
[    0.203306] rk-pcie 3c0000000.pcie:   err 0x300000000..0x3007fffff -> 0x00000000
[    0.203326] rk-pcie 3c0000000.pcie:    IO 0x300800000..0x3008fffff -> 0x00800000
[    0.203350] rk-pcie 3c0000000.pcie:   MEM 0x300900000..0x33fffffff -> 0x00900000
[    0.203486] mpp-iep2 fdef0000.iep: allocate roi buffer failed
[    0.203623] mpp-iep2 fdef0000.iep: probing finish
[    0.204067] iommu: Adding device fded0000.jpegd to group 2
[    0.204098] mpp_jpgdec fded0000.jpegd: Linked as a consumer to fded0480.iommu
[    0.204213] mpp_jpgdec fded0000.jpegd: probe device
[    0.204665] mpp_jpgdec fded0000.jpegd: probing finish
[    0.205172] iommu: Adding device fdf80200.rkvdec to group 6
[    0.205196] mpp_rkvdec2 fdf80200.rkvdec: Linked as a consumer to fdf80800.iommu
[    0.205405] mpp_rkvdec2 fdf80200.rkvdec: probing start
[    0.205537] mpp_rkvdec2 fdf80200.rkvdec: 16 task capacity link mode detected
[    0.205822] mpp_rkvdec2 fdf80200.rkvdec: shared_niu_a is not found!
[    0.205839] rkvdec2_init:661: No niu aclk reset resource define
[    0.205854] mpp_rkvdec2 fdf80200.rkvdec: shared_niu_h is not found!
[    0.205865] rkvdec2_init:664: No niu hclk reset resource define
[    0.206023] mpp_rkvdec2 fdf80200.rkvdec: sram_start 0x00000000fdcc0000
[    0.206040] mpp_rkvdec2 fdf80200.rkvdec: rcb_iova 0x0000000010000000
[    0.206052] mpp_rkvdec2 fdf80200.rkvdec: sram_size 45056
[    0.206063] mpp_rkvdec2 fdf80200.rkvdec: rcb_size 65536
[    0.206075] mpp_rkvdec2 fdf80200.rkvdec: min_width 512
[    0.206128] mpp_rkvdec2 fdf80200.rkvdec: link mode probe finish
[    0.206186] mpp_rkvdec2 fdf80200.rkvdec: probing finish
[    0.206437] mpp_service mpp-srv: probe success
[    0.211630] dma-pl330 fe530000.dmac: Loaded driver for PL330 DMAC-241330
[    0.211662] dma-pl330 fe530000.dmac:         DBUFF-128x8bytes Num_Chans-8 Num_Peri-32 Num_Events-16
[    0.213515] dma-pl330 fe550000.dmac: Loaded driver for PL330 DMAC-241330
[    0.213538] dma-pl330 fe550000.dmac:         DBUFF-128x8bytes Num_Chans-8 Num_Peri-32 Num_Events-16
[    0.214334] rockchip-system-monitor rockchip-system-monitor: system monitor probe
[    0.215309] Serial: 8250/16550 driver, 10 ports, IRQ sharing disabled
[    0.216149] fe650000.serial: ttyS1 at MMIO 0xfe650000 (irq = 59, base_baud = 1500000) is a 16550A
[    0.218259] random: fast init done
[    0.218299] iommu: Adding device fe040000.vop to group 8
[    0.218341] rockchip-vop2 fe040000.vop: Linked as a consumer to fe043e00.iommu
[    0.218553] random: crng init done
[    0.221349] rockchip-drm display-subsystem: Linked as a consumer to fe040000.vop
[    0.222166] rockchip-drm display-subsystem: Linked as a consumer to fe0a0000.hdmi
[    0.223390] rockchip-drm display-subsystem: defer getting devfreq
[    0.223647] rockchip-vop2 fe040000.vop: [drm:vop2_bind] vp0 assign plane mask: 0x15, primary plane phy id: 4
[    0.223671] rockchip-vop2 fe040000.vop: [drm:vop2_bind] vp1 assign plane mask: 0x0, primary plane phy id: -1
[    0.223685] rockchip-vop2 fe040000.vop: [drm:vop2_bind] vp2 assign plane mask: 0x0, primary plane phy id: -1
[    0.223811] [drm] unsupported AFBC format[3432564e]
[    0.223857] [drm] failed to init overlay plane Cluster0-win1
[    0.223946] rockchip-drm display-subsystem: bound fe040000.vop (ops 0xffffff8008ef76d0)
[    0.224125] dwhdmi-rockchip fe0a0000.hdmi: Detected HDMI TX controller v2.11a with HDCP (DWC HDMI 2.0 TX PHY)
[    0.224662] dwhdmi-rockchip fe0a0000.hdmi: registered DesignWare HDMI I2C bus driver
[    0.225203] rockchip-drm display-subsystem: bound fe0a0000.hdmi (ops 0xffffff8008efb1f0)
[    0.225224] [drm] Supports vblank timestamp caching Rev 2 (21.10.2013).
[    0.225236] [drm] No driver support for vblank timestamp query.
[    0.456504] rockchip-drm display-subsystem: fb0:  frame buffer device
[    0.457202] [drm] Initialized rockchip 2.0.0 20140818 for display-subsystem on minor 0
[    0.462419] mali fde60000.gpu: Kernel DDK version g7p1-01bet0
[    0.462447] cacheinfo: Unable to detect cache hierarchy for CPU 0
[    0.462539] mali fde60000.gpu: Device initialization Deferred
[    0.463015] brd: module loaded
[    0.468495] loop: module loaded
[    0.468862] zram: Added device: zram0
[    0.468977] lkdtm: No crash points registered, enable through debugfs
[    0.471202] libphy: Fixed MDIO Bus: probed
[    0.472350] rk_gmac-dwmac fe010000.ethernet: no regulator found
[    0.472372] rk_gmac-dwmac fe010000.ethernet: clock input or output? (input).
[    0.472383] rk_gmac-dwmac fe010000.ethernet: TX delay(0x16).
[    0.472391] rk_gmac-dwmac fe010000.ethernet: RX delay(0xa).
[    0.472403] rk_gmac-dwmac fe010000.ethernet: integrated PHY? (no).
[    0.472441] rk_gmac-dwmac fe010000.ethernet: clock input from PHY
[    0.477463] rk_gmac-dwmac fe010000.ethernet: init for RGMII
[    0.477677] rk_gmac-dwmac fe010000.ethernet: User ID: 0x30, Synopsys ID: 0x51
[    0.477695] rk_gmac-dwmac fe010000.ethernet:         DWMAC4/5
[    0.477710] rk_gmac-dwmac fe010000.ethernet: DMA HW capability register supported
[    0.477721] rk_gmac-dwmac fe010000.ethernet: RX Checksum Offload Engine supported
[    0.477732] rk_gmac-dwmac fe010000.ethernet: TX Checksum insertion supported
[    0.477739] rk_gmac-dwmac fe010000.ethernet: Wake-Up On Lan supported
[    0.477773] rk_gmac-dwmac fe010000.ethernet: TSO supported
[    0.477785] rk_gmac-dwmac fe010000.ethernet: Enable RX Mitigation via HW Watchdog Timer
[    0.477800] rk_gmac-dwmac fe010000.ethernet: rk_get_eth_addr: rk_vendor_read eth mac address failed (-1)
[    0.477817] rk_gmac-dwmac fe010000.ethernet: rk_get_eth_addr: generate random eth mac address: 1a:ba:24:f1:26:c7
[    0.477829] rk_gmac-dwmac fe010000.ethernet: rk_get_eth_addr: rk_vendor_write eth mac address failed (-1)
[    0.477841] rk_gmac-dwmac fe010000.ethernet: rk_get_eth_addr: id: 0 rk_vendor_read eth mac address failed (-1)
[    0.477852] rk_gmac-dwmac fe010000.ethernet: rk_get_eth_addr: mac address: 1a:ba:24:f1:26:c7
[    0.477863] rk_gmac-dwmac fe010000.ethernet: device MAC address 1a:ba:24:f1:26:c7
[    0.477875] rk_gmac-dwmac fe010000.ethernet: TSO feature enabled
[    0.688387] libphy: stmmac: probed
[    0.690554] PPP generic driver version 2.4.2
[    0.690763] PPP BSD Compression module registered
[    0.690779] PPP Deflate Compression module registered
[    0.690811] PPP MPPE Compression module registered
[    0.690824] NET: Registered protocol family 24
[    0.690857] SLIP: version 0.8.4-NET3.019-NEWTTY (dynamic channels, max=256).
[    0.690869] CSLIP: code copyright 1989 Regents of the University of California.
[    0.690919] Broadcom 43xx driver loaded [ Features: PNL ]
[    0.691150] usbcore: registered new interface driver rndis_wlan
[    0.691209] usbcore: registered new interface driver rtl8150
[    0.691254] usbcore: registered new interface driver r8152
[    0.691301] usbcore: registered new interface driver asix
[    0.691346] usbcore: registered new interface driver ax88179_178a
[    0.691387] usbcore: registered new interface driver cdc_ether
[    0.691427] usbcore: registered new interface driver rndis_host
[    0.691485] usbcore: registered new interface driver cdc_ncm
[    0.691526] usbcore: registered new interface driver cdc_mbim
[    0.692603] dwc3 fcc00000.dwc3: Failed to get clk 'ref': -2
[    0.696936] dwc3 fd000000.dwc3: Failed to get clk 'ref': -2
[    0.702249] ehci_hcd: USB 2.0 'Enhanced' Host Controller (EHCI) Driver
[    0.702281] ehci-pci: EHCI PCI platform driver
[    0.702353] ehci-platform: EHCI generic platform driver
[    0.704654] ehci-platform fd800000.usb: EHCI Host Controller
[    0.704833] ehci-platform fd800000.usb: new USB bus registered, assigned bus number 1
[    0.705077] ehci-platform fd800000.usb: irq 11, io mem 0xfd800000
[    0.718395] ehci-platform fd800000.usb: USB 2.0 started, EHCI 1.00
[    0.718597] usb usb1: New USB device found, idVendor=1d6b, idProduct=0002, bcdDevice= 4.19
[    0.718615] usb usb1: New USB device strings: Mfr=3, Product=2, SerialNumber=1
[    0.718635] usb usb1: Product: EHCI Host Controller
[    0.718647] usb usb1: Manufacturer: Linux 4.19.219 ehci_hcd
[    0.718657] usb usb1: SerialNumber: fd800000.usb
[    0.719047] hub 1-0:1.0: USB hub found
[    0.719091] hub 1-0:1.0: 1 port detected
[    0.721602] ehci-platform fd880000.usb: EHCI Host Controller
[    0.721774] ehci-platform fd880000.usb: new USB bus registered, assigned bus number 2
[    0.721978] ehci-platform fd880000.usb: irq 13, io mem 0xfd880000
[    0.735062] ehci-platform fd880000.usb: USB 2.0 started, EHCI 1.00
[    0.735245] usb usb2: New USB device found, idVendor=1d6b, idProduct=0002, bcdDevice= 4.19
[    0.735262] usb usb2: New USB device strings: Mfr=3, Product=2, SerialNumber=1
[    0.735282] usb usb2: Product: EHCI Host Controller
[    0.735293] usb usb2: Manufacturer: Linux 4.19.219 ehci_hcd
[    0.735303] usb usb2: SerialNumber: fd880000.usb
[    0.735645] hub 2-0:1.0: USB hub found
[    0.735685] hub 2-0:1.0: 1 port detected
[    0.736301] ohci_hcd: USB 1.1 'Open' Host Controller (OHCI) Driver
[    0.736336] ohci-platform: OHCI generic platform driver
[    0.736574] ohci-platform fd840000.usb: Generic Platform OHCI controller
[    0.736724] ohci-platform fd840000.usb: new USB bus registered, assigned bus number 3
[    0.736882] ohci-platform fd840000.usb: irq 12, io mem 0xfd840000
[    0.795870] usb usb3: New USB device found, idVendor=1d6b, idProduct=0001, bcdDevice= 4.19
[    0.795888] usb usb3: New USB device strings: Mfr=3, Product=2, SerialNumber=1
[    0.795896] usb usb3: Product: Generic Platform OHCI controller
[    0.795903] usb usb3: Manufacturer: Linux 4.19.219 ohci_hcd
[    0.795910] usb usb3: SerialNumber: fd840000.usb
[    0.796281] hub 3-0:1.0: USB hub found
[    0.796329] hub 3-0:1.0: 1 port detected
[    0.796771] ohci-platform fd8c0000.usb: Generic Platform OHCI controller
[    0.796930] ohci-platform fd8c0000.usb: new USB bus registered, assigned bus number 4
[    0.797094] ohci-platform fd8c0000.usb: irq 14, io mem 0xfd8c0000
[    0.855854] usb usb4: New USB device found, idVendor=1d6b, idProduct=0001, bcdDevice= 4.19
[    0.855871] usb usb4: New USB device strings: Mfr=3, Product=2, SerialNumber=1
[    0.855880] usb usb4: Product: Generic Platform OHCI controller
[    0.855887] usb usb4: Manufacturer: Linux 4.19.219 ohci_hcd
[    0.855894] usb usb4: SerialNumber: fd8c0000.usb
[    0.856254] hub 4-0:1.0: USB hub found
[    0.856299] hub 4-0:1.0: 1 port detected
[    0.857691] xhci-hcd xhci-hcd.4.auto: xHCI Host Controller
[    0.857866] xhci-hcd xhci-hcd.4.auto: new USB bus registered, assigned bus number 5
[    0.858194] xhci-hcd xhci-hcd.4.auto: hcc params 0x0220fe64 hci version 0x110 quirks 0x0000011002010010
[    0.858257] xhci-hcd xhci-hcd.4.auto: irq 72, io mem 0xfd000000
[    0.858562] usb usb5: New USB device found, idVendor=1d6b, idProduct=0002, bcdDevice= 4.19
[    0.858574] usb usb5: New USB device strings: Mfr=3, Product=2, SerialNumber=1
[    0.858588] usb usb5: Product: xHCI Host Controller
[    0.858600] usb usb5: Manufacturer: Linux 4.19.219 xhci-hcd
[    0.858610] usb usb5: SerialNumber: xhci-hcd.4.auto
[    0.858978] hub 5-0:1.0: USB hub found
[    0.859021] hub 5-0:1.0: 1 port detected
[    0.859308] xhci-hcd xhci-hcd.4.auto: xHCI Host Controller
[    0.859470] xhci-hcd xhci-hcd.4.auto: new USB bus registered, assigned bus number 6
[    0.859494] xhci-hcd xhci-hcd.4.auto: Host supports USB 3.0 SuperSpeed
[    0.859585] usb usb6: We don't know the algorithms for LPM for this host, disabling LPM.
[    0.859704] usb usb6: New USB device found, idVendor=1d6b, idProduct=0003, bcdDevice= 4.19
[    0.859720] usb usb6: New USB device strings: Mfr=3, Product=2, SerialNumber=1
[    0.859733] usb usb6: Product: xHCI Host Controller
[    0.859744] usb usb6: Manufacturer: Linux 4.19.219 xhci-hcd
[    0.859751] usb usb6: SerialNumber: xhci-hcd.4.auto
[    0.860126] hub 6-0:1.0: USB hub found
[    0.860165] hub 6-0:1.0: 1 port detected
[    0.860554] usbcore: registered new interface driver cdc_wdm
[    0.860791] usbcore: registered new interface driver uas
[    0.860920] usbcore: registered new interface driver usb-storage
[    0.861026] usbcore: registered new interface driver usbserial_generic
[    0.861058] usbserial: USB Serial support registered for generic
[    0.861111] usbcore: registered new interface driver ch341
[    0.861144] usbserial: USB Serial support registered for ch341-uart
[    0.861207] usbcore: registered new interface driver usb_ch343
[    0.861215] ch343: USB serial driver for ch342/ch343/ch344/ch347/ch9101/ch9102/ch9103/ch9143, etc.
[    0.861226] ch343: V1.2 On 2022.01.07
[    0.861269] usbcore: registered new interface driver cp210x
[    0.861299] usbserial: USB Serial support registered for cp210x
[    0.861374] usbcore: registered new interface driver ftdi_sio
[    0.861403] usbserial: USB Serial support registered for FTDI USB Serial Device
[    0.861580] usbcore: registered new interface driver keyspan
[    0.861611] usbserial: USB Serial support registered for Keyspan - (without firmware)
[    0.861638] usbserial: USB Serial support registered for Keyspan 1 port adapter
[    0.861666] usbserial: USB Serial support registered for Keyspan 2 port adapter
[    0.861719] usbserial: USB Serial support registered for Keyspan 4 port adapter
[    0.861774] usbcore: registered new interface driver option
[    0.861804] usbserial: USB Serial support registered for GSM modem (1-port)
[    0.862049] usbcore: registered new interface driver oti6858
[    0.862080] usbserial: USB Serial support registered for oti6858
[    0.862132] usbcore: registered new interface driver pl2303
[    0.862162] usbserial: USB Serial support registered for pl2303
[    0.862219] usbcore: registered new interface driver qcserial
[    0.862247] usbserial: USB Serial support registered for Qualcomm USB modem
[    0.862323] usbcore: registered new interface driver sierra
[    0.862354] usbserial: USB Serial support registered for Sierra USB modem
[    0.862483] Mass Storage Function, version: 2009/09/11
[    0.862501] LUN: removable file: (no medium)
[    0.862527] no file given for LUN0
[    0.862559] g_mass_storage fcc00000.dwc3: failed to start g_mass_storage: -22
[    0.863607] usbcore: registered new interface driver usbtouchscreen
[    0.863667] cyttsp5_loader_init: Parade TTSP FW Loader Driver (Built TTDA.03.08.874312) rc=0
[    0.863683] cyttsp5_device_access_init: Parade TTSP Device Access Driver (Built TTDA.03.08.874312) rc=0
[    0.863938] .. rk pwm remotectl v2.0 init
[    0.864195] input: fdd70030.pwm as /devices/platform/fdd70030.pwm/input/input0
[    0.864504] remotectl-pwm fdd70030.pwm: pwm version is 0x2130000
[    0.864567] remotectl-pwm fdd70030.pwm: Controller support pwrkey capture
[    0.865257] i2c /dev entries driver
[    0.867102] fan53555-regulator 0-001c: FAN53555 Option[12] Rev[15] Detected!
[    0.868868] vdd_cpu: supplied by vcc5v0_sys
[    0.873595] rk808 0-0020: chip id: 0x8090
[    0.873638] rk808 0-0020: No cache defaults, reading back from HW
[    0.897302] rk808 0-0020: source: on=0x40, off=0x00
[    0.897324] rk808 0-0020: support dcdc3 fb mode:-22, 63
[    0.897334] rk808 0-0020: support pmic reset mode:0,0
[    0.902952] rk808-regulator rk808-regulator: there is no dvs0 gpio
[    0.902991] rk808-regulator rk808-regulator: there is no dvs1 gpio
[    0.903416] vdd_logic: supplied by vcc3v3_sys
[    0.904084] vdd_gpu: supplied by vcc3v3_sys
[    0.904357] vcc_ddr: supplied by vcc3v3_sys
[    0.904623] vdd_npu: supplied by vcc3v3_sys
[    0.905249] vcc_1v8: supplied by vcc3v3_sys
[    0.905494] vdda0v9_image: supplied by vcc3v3_sys
[    0.906089] vdda_0v9: supplied by vcc3v3_sys
[    0.906340] vdda0v9_pmu: supplied by vcc3v3_sys
[    0.906589] vccio_acodec: supplied by vcc3v3_sys
[    0.907175] vccio_sd: supplied by vcc3v3_sys
[    0.907471] vcc3v3_pmu: supplied by vcc3v3_sys
[    0.908075] vcca_1v8: supplied by vcc3v3_sys
[    0.908325] vcca1v8_pmu: supplied by vcc3v3_sys
[    0.908627] vcca1v8_image: supplied by vcc3v3_sys
[    0.909226] vcc_3v3: supplied by vcc3v3_sys
[    0.909806] vcc3v3_sd: supplied by vcc3v3_sys
[    0.910170] rk817-battery rk817-battery: Failed to find matching dt id
[    0.910403] rk817-charger rk817-charger: Failed to find matching dt id
[    0.913524] input: rk805 pwrkey as /devices/platform/fdd40000.i2c/i2c-0/0-0020/rk805-pwrkey/input/input1
[    0.919550] rk808-rtc rk808-rtc: registered as rtc0
[    0.921257] rk808-rtc rk808-rtc: setting system clock to 2017-08-04 09:00:05 UTC (1501837205)
[    0.968391] usb 1-1: new high-speed USB device number 2 using ehci-platform
[    1.015219] Goodix-TS 1-005d: i2c test failed attempt 1: -6
[    1.041879] Goodix-TS 1-005d: i2c test failed attempt 2: -6
[    1.068385] Goodix-TS 1-005d: I2C communication failure: -6
[    1.070518] iommu: Adding device fdff0000.rkisp to group 7
[    1.070556] rkisp_hw fdff0000.rkisp: Linked as a consumer to fdff1a00.iommu
[    1.070729] rkisp_hw fdff0000.rkisp: is_thunderboot: 0
[    1.070748] rkisp_hw fdff0000.rkisp: max input:0x0@0fps
[    1.070779] rkisp_hw fdff0000.rkisp: can't request region for resource [mem 0xfdff0000-0xfdffffff]
[    1.071405] rkisp rkisp-vir0: rkisp driver version: v01.07.00
[    1.071662] rkisp rkisp-vir0: Entity type for entity rkisp-isp-subdev was not initialized!
[    1.071688] rkisp rkisp-vir0: Entity type for entity rkisp-csi-subdev was not initialized!
[    1.073323] usbcore: registered new interface driver uvcvideo
[    1.073344] USB Video Class driver (1.1.1)
[    1.073587] rockchip-iodomain fdc20000.syscon:io-domains: Linked as a consumer to regulator.21
[    1.073624] rockchip-iodomain fdc20000.syscon:io-domains: pmuio1(3300000 uV) supplied by vcc3v3_pmu
[    1.073723] rockchip-iodomain fdc20000.syscon:io-domains: pmuio2(3300000 uV) supplied by vcc3v3_pmu
[    1.073797] rockchip-iodomain fdc20000.syscon:io-domains: Linked as a consumer to regulator.19
[    1.073828] rockchip-iodomain fdc20000.syscon:io-domains: vccio1(3300000 uV) supplied by vccio_acodec
[    1.073934] rockchip-iodomain fdc20000.syscon:io-domains: Linked as a consumer to regulator.20
[    1.073958] rockchip-iodomain fdc20000.syscon:io-domains: vccio3(3300000 uV) supplied by vccio_sd
[    1.074047] rockchip-iodomain fdc20000.syscon:io-domains: Linked as a consumer to regulator.25
[    1.074079] rockchip-iodomain fdc20000.syscon:io-domains: vccio4(3300000 uV) supplied by vcc_3v3
[    1.074161] rockchip-iodomain fdc20000.syscon:io-domains: vccio5(3300000 uV) supplied by vcc_3v3
[    1.074245] rockchip-iodomain fdc20000.syscon:io-domains: vccio6(3300000 uV) supplied by vcc_3v3
[    1.074342] rockchip-iodomain fdc20000.syscon:io-domains: vccio7(3300000 uV) supplied by vcc_3v3
[    1.076823] rockchip-thermal fe710000.tsadc: tsadc is probed successfully!
[    1.077769] usbcore: registered new interface driver bfusb
[    1.077829] usbcore: registered new interface driver btusb
[    1.078093] cpu cpu0: leakage=21
[    1.078143] cpu cpu0: pvtm = 86060, from nvmem
[    1.078163] cpu cpu0: pvtm-volt-sel=1
[    1.078998] cpu cpu0: Linked as a consumer to regulator.10
[    1.079048] cpu cpu0: Dropping the link to regulator.10
[    1.079658] cpu cpu0: Linked as a consumer to regulator.10
[    1.080240] cpu cpu0: avs=0
[    1.080293] energy_model: pd0: hertz/watts ratio non-monotonically decreasing: em_cap_state 2 >= em_cap_state1
[    1.080463] cpu cpu0: l=0 h=2147483647 hyst=5000 l_limit=0 h_limit=0 h_table=0
[    1.083862] cpu cpu0: failed to find power_model node
[    1.085404] sdhci: Secure Digital Host Controller Interface driver
[    1.085427] sdhci: Copyright(c) Pierre Ossman
[    1.085439] Synopsys Designware Multimedia Card Interface Driver
[    1.086419] dwmmc_rockchip fe2b0000.dwmmc: IDMAC supports 32-bit address mode.
[    1.086626] dwmmc_rockchip fe2b0000.dwmmc: Using internal DMA controller.
[    1.086649] dwmmc_rockchip fe2b0000.dwmmc: Version ID is 270a
[    1.086710] dwmmc_rockchip fe2b0000.dwmmc: DW MMC controller at irq 49,32 bit host data width,256 deep fifo
[    1.086846] dwmmc_rockchip fe2b0000.dwmmc: Linked as a consumer to regulator.26
[    1.086936] dwmmc_rockchip fe2b0000.dwmmc: Linked as a consumer to regulator.20
[    1.098839] mmc_host mmc1: Bus speed (slot 0) = 375000Hz (slot req 400000Hz, actual 375000HZ div = 0)
[    1.108409] usb 5-1: new high-speed USB device number 2 using xhci-hcd
[    1.112194] dwmmc_rockchip fe2c0000.dwmmc: IDMAC supports 32-bit address mode.
[    1.112323] dwmmc_rockchip fe2c0000.dwmmc: Using internal DMA controller.
[    1.112344] dwmmc_rockchip fe2c0000.dwmmc: Version ID is 270a
[    1.112405] dwmmc_rockchip fe2c0000.dwmmc: DW MMC controller at irq 50,32 bit host data width,256 deep fifo
[    1.112551] dwmmc_rockchip fe2c0000.dwmmc: allocated mmc-pwrseq
[    1.112571] mmc_host mmc2: card is non-removable.
[    1.116295] usb 1-1: New USB device found, idVendor=2bc5, idProduct=0402, bcdDevice= 0.01
[    1.116315] usb 1-1: New USB device strings: Mfr=1, Product=2, SerialNumber=0
[    1.116324] usb 1-1: Product: ASTRA S
[    1.116332] usb 1-1: Manufacturer: ORBBEC
[    1.190934] mmc_host mmc1: Bus speed (slot 0) = 148500000Hz (slot req 150000000Hz, actual 148500000HZ div = 0)
[    1.232736] mmc_host mmc2: Bus speed (slot 0) = 375000Hz (slot req 400000Hz, actual 375000HZ div = 0)
[    1.246195] sdhci-pltfm: SDHCI platform and OF driver helper
[    1.247723] mmc0: Unknown controller version (5). You may experience problems.
[    1.251079] usb 5-1: New USB device found, idVendor=05e3, idProduct=0610, bcdDevice= 6.63
[    1.251108] usb 5-1: New USB device strings: Mfr=1, Product=2, SerialNumber=0
[    1.251117] usb 5-1: Product: USB2.1 Hub
[    1.251125] usb 5-1: Manufacturer: GenesysLogic
[    1.256687] mmc2 mmc_send_io_op_cond err: -110
[    1.278482] mmc0: SDHCI controller on fe310000.sdhci [fe310000.sdhci] using ADMA
[    1.280055] hidraw: raw HID events driver (C) Jiri Kosina
[    1.280452] usbcore: registered new interface driver usbhid
[    1.280469] usbhid: USB HID core driver
[    1.280907] rockchip,bus bus-npu: Linked as a consumer to regulator.11
[    1.280937] rockchip,bus bus-npu: Failed to get leakage
[    1.281002] rockchip,bus bus-npu: pvtm = 86060, from nvmem
[    1.281024] rockchip,bus bus-npu: pvtm-volt-sel=1
[    1.281294] rockchip,bus bus-npu: avs=0
[    1.284624] rockchip-saradc fe720000.saradc: Linked as a consumer to regulator.22
[    1.285309] optee: probing for conduit method from DT.
[    1.285345] optee: revision 3.13 (4167319d)
[    1.285736] optee: initialized driver
[    1.285760] rksfc_base v1.1 2016-01-08
[    1.298569] usbcore: registered new interface driver snd-usb-audio
[    1.300680] rk817-codec rk817-codec: DMA mask not set
[    1.300847] clk: failed to reparent i2s1_mclkout_tx to clk_i2s1_8ch_tx: -22
[    1.306043] Initializing XFRM netlink socket
[    1.306484] NET: Registered protocol family 10
[    1.307292] Segment Routing with IPv6
[    1.307360] NET: Registered protocol family 17
[    1.307382] NET: Registered protocol family 15
[    1.307515] Bluetooth: RFCOMM TTY layer initialized
[    1.307536] Bluetooth: RFCOMM socket layer initialized
[    1.307576] Bluetooth: RFCOMM ver 1.11
[    1.307598] Bluetooth: HIDP (Human Interface Emulation) ver 1.2
[    1.307619] Bluetooth: HIDP socket layer initialized
[    1.307658] [BT_RFKILL]: Enter rfkill_rk_init
[    1.307673] [WLAN_RFKILL]: Enter rfkill_wlan_init
[    1.307937] hub 5-1:1.0: USB hub found
[    1.308239] hub 5-1:1.0: 4 ports detected
[    1.308283] [WLAN_RFKILL]: Enter rfkill_wlan_probe
[    1.308334] [WLAN_RFKILL]: wlan_platdata_parse_dt: wifi_chip_type = rtl8822cs
[    1.308343] [WLAN_RFKILL]: wlan_platdata_parse_dt: enable wifi power control.
[    1.308351] [WLAN_RFKILL]: wlan_platdata_parse_dt: wifi power controled by gpio.
[    1.308426] [WLAN_RFKILL]: wlan_platdata_parse_dt: WIFI,host_wake_irq = 74, flags = 0.
[    1.308449] [WLAN_RFKILL]: wlan_platdata_parse_dt: The ref_wifi_clk not found !
[    1.308462] [WLAN_RFKILL]: rfkill_wlan_probe: init gpio
[    1.308476] [WLAN_RFKILL]: rfkill_set_wifi_bt_power: 1
[    1.308488] [WLAN_RFKILL]: Exit rfkill_wlan_probe
[    1.309233] [BT_RFKILL]: bluetooth_platdata_parse_dt: get property: uart_rts_gpios = 77.
[    1.309274] [BT_RFKILL]: bluetooth_platdata_parse_dt: get property: BT,reset_gpio = 96.
[    1.309297] [BT_RFKILL]: bluetooth_platdata_parse_dt: get property: BT,wake_gpio = 98.
[    1.309318] [BT_RFKILL]: bluetooth_platdata_parse_dt: get property: BT,wake_host_irq = 97.
[    1.309398] [BT_RFKILL]: Request irq for bt wakeup host
[    1.309449] [BT_RFKILL]: ** disable irq
[    1.309580] [BT_RFKILL]: bt_default device registered.
[    1.309726] Key type dns_resolver registered
[    1.310030] flash vendor_init_thread!
[    1.310053] flash vendor storage:20170308 ret = -1
[    1.310531] mmc0: new HS200 MMC card at address 0001
[    1.310742] ov5648 1-0036: driver version: 00.01.05
[    1.310803] ov5648 1-0036: Failed to get power-gpios, maybe no use
[    1.310970] ov5648 1-0036: Linked as a consumer to regulator.8
[    1.311059] ov5648 1-0036: Linked as a consumer to regulator.7
[    1.311168] ov5648 1-0036: Linked as a consumer to regulator.9
[    1.311207] ov5648 1-0036: lane_num(2)  pixel_rate(84000000)
[    1.311346] mmcblk0: mmc0:0001 Y2P032 29.1 GiB
[    1.311856] mmcblk0boot0: mmc0:0001 Y2P032 partition 1 4.00 MiB
[    1.312327] mmcblk0boot1: mmc0:0001 Y2P032 partition 2 4.00 MiB
[    1.312587] mmcblk0rpmb: mmc0:0001 Y2P032 partition 3 16.0 MiB, chardev (238:0)
[    1.314213] ov5648 1-0036: Unexpected sensor id(000000), ret(-5)
[    1.314236] ov5648 1-0036: ov5648_probe(1450) Check id  failed
[    1.314236] check following information:
[    1.314236] Power/PowerDown/Reset/Mclk/I2cBus !!
[    1.314328] ov5648 1-0036: Dropping the link to regulator.8
[    1.314400] ov5648 1-0036: Dropping the link to regulator.7
[    1.314456] ov5648 1-0036: Dropping the link to regulator.9
[    1.315661]  mmcblk0: p1 p2 p3 p4 p5 p6
[    1.315943] Loading compiled-in X.509 certificates
[    1.316557] pstore: Using compression: deflate
[    1.317519] rga2: Driver loaded successfully ver:3.2.63318
[    1.317885] rga2: Module initialized.
[    1.329353] dwmmc_rockchip fe2b0000.dwmmc: Successfully tuned phase to 207
[    1.329405] mmc1: new ultra high speed SDR104 SDXC card at address aaaa
[    1.330864] mmcblk1: mmc1:aaaa SD64G 59.5 GiB
[    1.336047] GPT:last_usable_lbas don't match.
[    1.336083] GPT:124735423 != 124735454
[    1.336090] GPT:disk_guids don't match.
[    1.336098] GPT:partition_entry_array_crc32 values don't match: 0xeaadfe82 != 0x650ebfa4
[    1.336104] GPT: Use GNU Parted to correct GPT errors.
[    1.336150]  mmcblk1: p1 p2 p3 p4 p5 p6
[    1.338444] rk-pcie 3c0000000.pcie: PCIe Link up, LTSSM is 0x30011
[    1.338655] rk-pcie 3c0000000.pcie: PCI host bridge to bus 0000:00
[    1.338683] pci_bus 0000:00: root bus resource [bus 00-0f]
[    1.338702] pci_bus 0000:00: root bus resource [??? 0x300000000-0x3007fffff flags 0x0] (bus address [0x00000000-0x007fffff])
[    1.338718] pci_bus 0000:00: root bus resource [io  0x0000-0xfffff] (bus address [0x800000-0x8fffff])
[    1.338733] pci_bus 0000:00: root bus resource [mem 0x300900000-0x33fffffff] (bus address [0x00900000-0x3fffffff])
[    1.349207] pci 0000:01:00.0: reg 0x10: initial BAR value 0x00000000 invalid
[    1.349624] mali fde60000.gpu: Kernel DDK version g7p1-01bet0
[    1.349707] rockchip-dmc dmc: Linked as a consumer to regulator.11
[    1.349813] rockchip-dmc dmc: leakage=46
[    1.349832] mali fde60000.gpu: Linked as a consumer to regulator.12
[    1.349839] rockchip-dmc dmc: leakage-volt-sel=0
[    1.349893] rockchip-dmc dmc: pvtm = 86060, from nvmem
[    1.349916] rockchip-dmc dmc: pvtm-volt-sel=1
[    1.350008] mali fde60000.gpu: dev_pm_opp_set_regulators: no regulator (shadercores) found: -19
[    1.350104] mali fde60000.gpu: leakage=7
[    1.350153] mali fde60000.gpu: pvtm = 86060, from nvmem
[    1.350311] rockchip-dmc dmc: avs=0
[    1.350340] rockchip-dmc dmc: current ATF version 0x101
[    1.350640] mali fde60000.gpu: avs=0
[    1.350666] W : [File] : drivers/gpu/arm/bifrost/platform/rk/mali_kbase_config_rk.c; [Line] : 112; [Func] : kbase_platform_rk_init(); power-off-delay-ms not available.
[    1.351300] rockchip-dmc dmc: failed to get vop pn to msch rl
[    1.351488] rockchip-dmc dmc: l=0 h=2147483647 hyst=5000 l_limit=0 h_limit=0 h_table=0
[    1.351543] rockchip-dmc dmc: could not find power_model node
[    1.352005] mali fde60000.gpu: GPU identified as 0x2 arch 7.4.0 r1p0 status 0
[    1.352094] mali fde60000.gpu: No priority control manager is configured
[    1.352114] mali fde60000.gpu: No memory group manager is configured
[    1.352689] mali fde60000.gpu: l=-2147483648 h=2147483647 hyst=0 l_limit=0 h_limit=0 h_table=0
[    1.353550] mali fde60000.gpu: Probed as mali0
[    1.372127] pci 0000:00:00.0: BAR 8: assigned [mem 0x300900000-0x3009fffff]
[    1.372195] pci 0000:00:00.0: BAR 6: assigned [mem 0x300a00000-0x300a0ffff pref]
[    1.372211] pci 0000:00:00.0: BAR 7: assigned [io  0x1000-0x1fff]
[    1.372236] pci 0000:01:00.0: BAR 4: assigned [mem 0x300900000-0x300903fff 64bit]
[    1.372303] usb 6-1: new SuperSpeed Gen 1 USB device number 2 using xhci-hcd
[    1.372324] pci 0000:01:00.0: BAR 2: assigned [mem 0x300904000-0x300904fff 64bit]
[    1.372401] pci 0000:01:00.0: BAR 0: assigned [io  0x1000-0x10ff]
[    1.372439] pci 0000:00:00.0: PCI bridge to [bus 01-ff]
[    1.372458] pci 0000:00:00.0:   bridge window [io  0x1000-0x1fff]
[    1.372476] pci 0000:00:00.0:   bridge window [mem 0x300900000-0x3009fffff]
[    1.375183] mmc_host mmc2: Bus speed (slot 0) = 375000Hz (slot req 375000Hz, actual 375000HZ div = 0)
[    1.375582] pcieport 0000:00:00.0: Signaling PME with IRQ 100
[    1.375761] pcieport 0000:00:00.0: AER enabled with IRQ 109
[    1.376153] r8169 0000:01:00.0: enabling device (0000 -> 0003)
[    1.379825] asoc-simple-card rk809-sound: rk817-hifi <-> fe410000.i2s mapping ok
[    1.379874] asoc-simple-card rk809-sound: ASoC: no source widget found for MICBIAS1
[    1.379889] asoc-simple-card rk809-sound: ASoC: Failed to add route MICBIAS1 -> direct -> Mic Jack
[    1.379901] asoc-simple-card rk809-sound: ASoC: no sink widget found for IN1P
[    1.379912] asoc-simple-card rk809-sound: ASoC: Failed to add route Mic Jack -> direct -> IN1P
[    1.379923] asoc-simple-card rk809-sound: ASoC: no source widget found for HPOL
[    1.379935] asoc-simple-card rk809-sound: ASoC: Failed to add route HPOL -> direct -> Headphone Jack
[    1.379946] asoc-simple-card rk809-sound: ASoC: no source widget found for HPOR
[    1.379956] asoc-simple-card rk809-sound: ASoC: Failed to add route HPOR -> direct -> Headphone Jack
[    1.384928] rockchip_headset rk-headset: Can not read property hook_gpio
[    1.385001] rockchip_headset rk-headset: headset have hook adc mode
[    1.385379] input: rk-headset as /devices/platform/rk-headset/input/input2
[    1.386868] iommu: Adding device fde40000.npu to group 0
[    1.386935] RKNPU fde40000.npu: Linked as a consumer to fde4b000.iommu
[    1.387427] libphy: r8169: probed
[    1.388077] RKNPU fde40000.npu: RKNPU: rknpu iommu is enabled, using iommu mode
[    1.388316] RKNPU fde40000.npu: Linked as a consumer to regulator.14
[    1.388358] RKNPU fde40000.npu: can't request region for resource [mem 0xfde40000-0xfde4ffff]
[    1.388443] r8169 0000:01:00.0 eth1: RTL8168h/8111h, f2:32:88:b6:de:9f, XID 54100800, IRQ 111
[    1.388457] r8169 0000:01:00.0 eth1: jumbo features [frames: 9200 bytes, tx checksumming: ko]
[    1.389168] [drm] Initialized rknpu 0.4.2 20210701 for fde40000.npu on minor 1
[    1.389804] RKNPU fde40000.npu: leakage=3
[    1.389894] RKNPU fde40000.npu: pvtm = 86060, from nvmem
[    1.390670] RKNPU fde40000.npu: avs=0
[    1.391521] RKNPU fde40000.npu: l=0 h=2147483647 hyst=5000 l_limit=0 h_limit=0 h_table=0
[    1.391561] RKNPU fde40000.npu: failed to find power_model node
[    1.391575] RKNPU fde40000.npu: RKNPU: failed to initialize power model
[    1.391587] RKNPU fde40000.npu: RKNPU: failed to get dynamic-coefficient
[    1.393058] cfg80211: Loading compiled-in X.509 certificates for regulatory database
[    1.395250] cfg80211: Loaded X.509 cert 'sforshee: 00b28ddf47aef9cea7'
[    1.395404] platform regulatory.0: Direct firmware load for regulatory.db failed with error -2
[    1.395423] cfg80211: failed to load regulatory.db
[    1.397454] rockchip-pm rockchip-suspend: not set pwm-regulator-config
[    1.398046] usb 6-1: New USB device found, idVendor=05e3, idProduct=0626, bcdDevice= 6.63
[    1.398064] usb 6-1: New USB device strings: Mfr=1, Product=2, SerialNumber=0
[    1.398076] usb 6-1: Product: USB3.1 Hub
[    1.398087] usb 6-1: Manufacturer: GenesysLogic
[    1.398319] mmc2 mmc_send_io_op_cond err: -110
[    1.399538] I : [File] : drivers/gpu/arm/mali400/mali/linux/mali_kernel_linux.c; [Line] : 417; [Func] : mali_module_init(); svn_rev_string_from_arm of this mali_ko is '', rk_ko_ver is '5', built at '10:46:09', on 'Jun 15 2022'.
[    1.400704] Mali:
[    1.400707] Mali device driver loaded
[    1.400747] rkisp rkisp-vir0: clear unready subdev num: 1
[    1.400764] rockchip-csi2-dphy1: No link between dphy and sensor
[    1.401307] rockchip-csi2-dphy1: No link between dphy and sensor
[    1.401322] rkisp-vir0: update sensor failed
[    1.420926] hub 6-1:1.0: USB hub found
[    1.421798] hub 6-1:1.0: 4 ports detected
[    1.423929] ALSA device list:
[    1.423953]   #0: ORBBEC ASTRA S at usb-fd800000.usb-1, high speed
[    1.423962]   #1: rockchip,rk809-codec
[    1.436515] vendor storage:20190527 ret = 0
[    1.541847] mmc2 mmc_send_io_op_cond err: -110
[    1.541921] devfreq fde60000.gpu: Couldn't update frequency transition information.
[    1.618477] usb 5-1.1: new full-speed USB device number 3 using xhci-hcd
[    1.626484] EXT4-fs (mmcblk0p6): recovery complete
[    1.627238] EXT4-fs (mmcblk0p6): mounted filesystem with ordered data mode. Opts: (null)
[    1.627349] VFS: Mounted root (ext4 filesystem) on device 179:6.
[    1.629410] devtmpfs: mounted
[    1.633076] Freeing unused kernel memory: 1408K
[    1.633352] Run /sbin/init as init process
[    1.685005] mmc2 mmc_send_io_op_cond err: -110
[    1.734959] usb 5-1.1: New USB device found, idVendor=25a7, idProduct=fa23, bcdDevice= 2.41
[    1.735092] usb 5-1.1: New USB device strings: Mfr=1, Product=2, SerialNumber=0
[    1.735113] usb 5-1.1: Product: 2.4G Receiver
[    1.735129] usb 5-1.1: Manufacturer: Compx
[    1.817212] systemd[1]: System time before build time, advancing clock.
[    1.823722] input: Compx 2.4G Receiver as /devices/platform/usbhost/fd000000.dwc3/xhci-hcd.4.auto/usb5/5-1/5-1.1/5-1.1:1.0/0003:25A7:FA23.0001/input/input3
[    1.827364] systemd[1]: Failed to look up module alias 'autofs4': Function not implemented

Welcome to Ubuntu 20.04.4 LTS!

[    1.879571] hid-generic 0003:25A7:FA23.0001: input,hidraw0: USB HID v1.10 Keyboard [Compx 2.4G Receiver] on usb-xhci-hcd.4.auto-1.1/input0
[    1.885686] input: Compx 2.4G Receiver Mouse as /devices/platform/usbhost/fd000000.dwc3/xhci-hcd.4.auto/usb5/5-1/5-1.1/5-1.1:1.1/0003:25A7:FA23.0002/input/input4
[    1.902025] phy phy-fe8a0000.usb2-phy.1: charger = USB_DCP_CHARGER
[    1.942181] input: Compx 2.4G Receiver as /devices/platform/usbhost/fd000000.dwc3/xhci-hcd.4.auto/usb5/5-1/5-1.1/5-1.1:1.1/0003:25A7:FA23.0002/input/input5
[    1.942947] input: Compx 2.4G Receiver Consumer Control as /devices/platform/usbhost/fd000000.dwc3/xhci-hcd.4.auto/usb5/5-1/5-1.1/5-1.1:1.1/0003:25A7:FA23.0002/input/input6
[    1.943420] input: Compx 2.4G Receiver System Control as /devices/platform/usbhost/fd000000.dwc3/xhci-hcd.4.auto/usb5/5-1/5-1.1/5-1.1:1.1/0003:25A7:FA23.0002/input/input7
[    1.944434] hid-generic 0003:25A7:FA23.0002: input,hiddev96,hidraw1: USB HID v1.10 Mouse [Compx 2.4G Receiver] on usb-xhci-hcd.4.auto-1.1/input1
[    1.994611] systemd-fstab-generator[120]: Ignoring "noauto" for root device
[    2.045173] usb 5-1.2: new full-speed USB device number 4 using xhci-hcd
[    2.160349] usb 5-1.2: New USB device found, idVendor=10c4, idProduct=ea60, bcdDevice= 1.00
[    2.160383] usb 5-1.2: New USB device strings: Mfr=1, Product=2, SerialNumber=3
[    2.160391] usb 5-1.2: Product: CP2102 USB to UART Bridge Controller
[    2.160398] usb 5-1.2: Manufacturer: Silicon Labs
[    2.160404] usb 5-1.2: SerialNumber: 0001
[    2.162283] cp210x 5-1.2:1.0: cp210x converter detected
[    2.164456] usb 5-1.2: cp210x converter now attached to ttyUSB0
[  OK  ] Created slice system-getty.slice.
[  OK  ] Created slice system-modprobe.slice.
[  OK  ] Created slice system-serial\x2dgetty.slice.
[  OK  ] Created slice User and Session Slice.
[  OK  ] Started Dispatch Password ts to Console Directory Watch.
[  OK  ] Started Forward Password Ruests to Wall Directory Watch.
[  OK  ] Reached target Local Encrypted Volumes.
[  OK  ] Reached target Paths.
[  OK  ] Reached target Remote File Systems.
[  OK  ] Reached target Slices.
[  OK  ] Reached target Swap.
[  OK  ] Listening on Syslog Socket.
[  OK  ] Listening on fsck to fsckd communication Socket.
[  OK  ] Listening on initctl Compatibility Named Pipe.
[  OK  ] Listening on Journal Socket (/dev/log).
[  OK  ] Listening on Journal Socket.
[  OK  ] Listening on udev Control Socket.
[  OK  ] Listening on udev Kernel Socket.
         Mounting /sys/kernel/debug...
[    2.262026] usb 5-1.3: new full-speed USB device number 5 using xhci-hcd
         Mounting Kernel Trace File System...
         Starting Journal Service...
         Starting Load Kernel Modules...
         Starting Remount Root and Kernel File Systems...
         Starting udev Coldplug all Devices...
[  OK  ] Mounted /sys/kernel/debug.
[  OK  ] Mounted Kernel Trace File System.
[  OK  ] Finished Load Kernel Modules.
         Mounting FUSE Control File System...
         Mounting Kernel Configuration File System...
         Starting Apply Kernel Variables...
[  OK  ] Mounted FUSE Control File System.
[    2.371549] EXT4-fs (mmcblk0p6): re-mounted. Opts: (null)
[  OK  ] Mounted Kernel Configuration File System.
[    2.381353] usb 5-1.3: New USB device found, idVendor=1a86, idProduct=55d4, bcdDevice= 4.43
[    2.381402] usb 5-1.3: New USB device strings: Mfr=1, Product=2, SerialNumber=3
[    2.381413] usb 5-1.3: Product: USB Single Serial
[    2.381421] usb 5-1.3: Manufacturer: WCH.CN
[    2.381428] usb 5-1.3: SerialNumber: 0002
[  OK  ] Finished Remount Root and Kernel File Systems.
         Starting Load/Save Random Seed...
         Starting Create System Users...
[  OK  ] Finished Apply Kernel Variables.
[  OK  ] Finished Load/Save Random Seed.
[  OK  ] Finished Create System Users.
         Starting Create Static Device Nodes in /dev...
[  OK  ] Finished Create Static Device Nodes in /dev.
[  OK  ] Reached target Local File Systems (Pre).
         Mounting /tmp...
         Starting udev Kernel Device Manager...
[  OK  ] Mounted /tmp.
[  OK  ] Reached target Local File Systems.
[  OK  ] Started udev Kernel Device Manager.
[  OK  ] Finished udev Coldplug all Devices.
         Starting Helper to synchronize boot up for ifupdown...
[  OK  ] Finished Helper to synchronize boot up for ifupdown.
         Starting Raise network interfaces...
[  OK  ] Created slice system-systemd\x2dbacklight.slice.
         Starting Load/Save Screen ness of backlight:backlight...
[  OK  ] Finished Load/Save Screen htness of backlight:backlight.
[  OK  ] Finished Raise network interfaces.
[  OK  ] Found device /dev/ttyFIQ0.
[  OK  ] Listening on Load/Save RF itch Status /dev/rfkill Watch.
         Starting Load/Save RF Kill Switch Status...
[  OK  ] Started Load/Save RF Kill Switch Status.
[  OK  ] Started Journal Service.
         Starting Flush Journal to Persistent Storage...
[  OK  ] Finished Flush Journal to Persistent Storage.
         Starting Create Volatile Files and Directories...
[  OK  ] Finished Create Volatile Files and Directories.
         Starting Network Name Resolution...
         Starting Update UTMP about System Boot/Shutdown...
[  OK  ] Finished Update UTMP about System Boot/Shutdown.
[  OK  ] Reached target System Initialization.
[  OK  ] Started Daily apt download activities.
[  OK  ] Started Daily apt upgrade and clean activities.
[  OK  ] Started Periodic ext4 Onliata Check for All Filesystems.
[  OK  ] Started Discard unused blocks once a week.
[  OK  ] Started Daily rotation of log files.
[  OK  ] Started Message of the Day.
[  OK  ] Started Daily Cleanup of Temporary Directories.
[  OK  ] Reached target Timers.
[  OK  ] Listening on D-Bus System Message Bus Socket.
[  OK  ] Reached target Sockets.
[  OK  ] Reached target Basic System.
         Starting Save/Restore Sound Card State...
[  OK  ] Started Regular background program processing daemon.
[  OK  ] Started D-Bus System Message Bus.
         Starting Network Manager...
[  OK  ] Started Save initial kernel messages after boot.
         Starting Remove Stale Onlit4 Metadata Check Snapshots...
         Starting Dispatcher daemon for systemd-networkd...
[  OK  ] Started Set the CPU Frequency Scaling governor.
         Starting Authorization Manager...
         Starting Restore /etc/reso the ppp link was shut down...
[  OK  ] Started Resize disk for rockchcip platform.
[  OK  ] Started Setup rockchip platform environment.
         Starting System Logging Service...
         Starting Login Service...
         Starting WPA supplicant...
[  OK  ] Finished Restore /etc/resore the ppp link was shut down.
[  OK  ] Finished Save/Restore Sound Card State.
[  OK  ] Reached target Sound Card.
[  OK  ] Started System Logging Service.
[  OK  ] Started WPA supplicant.
[  OK  ] Started Authorization Manager.
         Starting Modem Manager...
[  OK  ] Finished Remove Stale Onliext4 Metadata Check Snapshots.
[  OK  ] Started Network Name Resolution.
[  OK  ] Reached target Host and Network Name Lookups.
[  OK  ] Started Login Service.
[  OK  ] Started Network Manager.
[  OK  ] Reached target Network.
         Starting enable ASYNC for Ubuntu Display...
         Starting Network Time Service...
         Starting Setup rockchip platform environment...
         Starting OpenBSD Secure Shell server...
         Starting Permit User Sessions...
         Starting vsftpd FTP server...
[FAILED] Failed to start Setup rockchip platform environment.
See 'systemctl status rkwifibt.service' for details.
[  OK  ] Started vsftpd FTP server.
[  OK  ] Finished Permit User Sessions.
[  OK  ] Started enable ASYNC for Ubuntu Display.
         Starting adbd for ubuntu...
[  OK  ] Started Getty on tty1.
[  OK  ] Started Serial Getty on ttyFIQ0.
[  OK  ] Reached target Login Prompts.
         Starting Hostname Service...
[  OK  ] Started Network Time Service.
[FAILED] Failed to start adbd for ubuntu.
See 'systemctl status adbd.service' for details.
[  OK  ] Started Modem Manager.
[  OK  ] Started OpenBSD Secure Shell server.
[  OK  ] Started Hostname Service.
         Starting Network Manager Script Dispatcher Service...
[  OK  ] Started Dispatcher daemon for systemd-networkd.
[  OK  ] Reached target Multi-User System.
[  OK  ] Reached target Graphical Interface.
         Starting Update UTMP about System Runlevel Changes...
[  OK  ] Started Network Manager Script Dispatcher Service.
[  OK  ] Finished Update UTMP about System Runlevel Changes.

Ubuntu 20.04.4 LTS GNU/Linux lubancat ttyFIQ0

[username:password] root:root cat:temppwd

Modify information : /etc/issue

lubancat login: cat
Password:

Login incorrect
lubancat login: cat
Password:

  _            _                     ____        _
 | |    _   _ | |__    ____  _____  / ___| ____ | |_
 | |   | | | || '_ \  / _  ||  _  || |    / _  || __|
 | |___| |_| || |_) || (_| || | | || |___| (_| || |_
 |_____|\__._||_.__/  \__'_||_| |_| \____|\__'_| \__|

Welcome to Ubuntu 20.04.4 LTS (GNU/Linux 4.19.219 aarch64)

 * Documentation:  http://doc.embedfire.com
 * Management:     http://www.embedfire.com

System information as of Thu Apr 21 20:55:00 CST 2022

System load:   0.44 0.11 0.04   Up time:       0 min
Memory usage:  2 % of 3902MB    IP:
CPU temp:      36C             GPU temp:      36C
Usage of /:    3% of 29G

Last login: Thu Apr 21 20:55:40 CST 2022 on ttyFIQ0
cat@lubancat:~$ resize2fs /dev/mmcblk0p6
resize2fs 1.45.5 (07-Jan-2020)
open: Permission denied while opening /dev/mmcblk0p6
cat@lubancat:~$ sudo resize2fs /dev/mmcblk0p6
resize2fs 1.45.5 (07-Jan-2020)
The filesystem is already 7588856 (4k) blocks long.  Nothing to do!

cat@lubancat:~$ dmesg
[    0.000000] Booting Linux on physical CPU 0x0000000000 [0x412fd050]
[    0.000000] Linux version 4.19.219 (jiawen@dev120.embedfire.local) (gcc version 6.3.1 20170404 (Linaro GCC 6.3-2017.05), GNU ld (Linaro_Binutils-2017.05) 2.27.0.20161019) #13 SMP Sat Jun 25 08:33:12 CST 2022
[    0.000000] Machine model: EmbedFire LubanCat1-N
[    0.000000] earlycon: uart8250 at MMIO32 0x00000000fe660000 (options '')
[    0.000000] bootconsole [uart8250] enabled
[    0.000000] cma: Reserved 16 MiB at 0x00000000eec00000
[    0.000000] On node 0 totalpages: 1043968
[    0.000000]   DMA32 zone: 15288 pages used for memmap
[    0.000000]   DMA32 zone: 0 pages reserved
[    0.000000]   DMA32 zone: 978432 pages, LIFO batch:63
[    0.000000]   Normal zone: 1024 pages used for memmap
[    0.000000]   Normal zone: 65536 pages, LIFO batch:15
[    0.000000] psci: probing for conduit method from DT.
[    0.000000] psci: PSCIv1.1 detected in firmware.
[    0.000000] psci: Using standard PSCI v0.2 function IDs
[    0.000000] psci: Trusted OS migration not required
[    0.000000] psci: SMC Calling Convention v1.2
[    0.000000] percpu: Embedded 24 pages/cpu s57704 r8192 d32408 u98304
[    0.000000] pcpu-alloc: s57704 r8192 d32408 u98304 alloc=24*4096
[    0.000000] pcpu-alloc: [0] 0 [0] 1 [0] 2 [0] 3
[    0.000000] Detected VIPT I-cache on CPU0
[    0.000000] CPU features: detected: Virtualization Host Extensions
[    0.000000] CPU features: detected: Speculative Store Bypassing Safe (SSBS)
[    0.000000] Built 1 zonelists, mobility grouping on.  Total pages: 1027656
[    0.000000] Kernel command line: storagemedia=sd androidboot.storagemedia=sd androidboot.mode=normal  androidboot.verifiedbootstate=orange rw rootwait earlycon=uart8250,mmio32,0xfe660000 console=ttyFIQ0 root=PARTUUID=614e0000-0000
[    0.000000] Dentry cache hash table entries: 524288 (order: 10, 4194304 bytes)
[    0.000000] Inode-cache hash table entries: 262144 (order: 9, 2097152 bytes)
[    0.000000] mem auto-init: stack:off, heap alloc:off, heap free:off
[    0.000000] software IO TLB: mapped [mem 0xe9f00000-0xedf00000] (64MB)
[    0.000000] Memory: 3978352K/4175872K available (13950K kernel code, 1978K rwdata, 5228K rodata, 1408K init, 512K bss, 181136K reserved, 16384K cma-reserved)
[    0.000000] SLUB: HWalign=64, Order=0-3, MinObjects=0, CPUs=4, Nodes=1
[    0.000000] ftrace: allocating 51222 entries in 201 pages
[    0.000000] rcu: Hierarchical RCU implementation.
[    0.000000] rcu:     RCU event tracing is enabled.
[    0.000000] rcu:     RCU restricting CPUs from NR_CPUS=8 to nr_cpu_ids=4.
[    0.000000] rcu: Adjusting geometry for rcu_fanout_leaf=16, nr_cpu_ids=4
[    0.000000] NR_IRQS: 64, nr_irqs: 64, preallocated irqs: 0
[    0.000000] GICv3: GIC: Using split EOI/Deactivate mode
[    0.000000] GICv3: Distributor has no Range Selector support
[    0.000000] GICv3: no VLPI support, no direct LPI support
[    0.000000] ITS [mem 0xfd440000-0xfd45ffff]
[    0.000000] ITS@0x00000000fd440000: allocated 8192 Devices @210000 (indirect, esz 8, psz 64K, shr 0)
[    0.000000] ITS@0x00000000fd440000: allocated 32768 Interrupt Collections @220000 (flat, esz 2, psz 64K, shr 0)
[    0.000000] ITS: using cache flushing for cmd queue
[    0.000000] GIC: using LPI property table @0x0000000000230000
[    0.000000] GICv3: CPU0: found redistributor 0 region 0:0x00000000fd460000
[    0.000000] CPU0: using LPI pending table @0x0000000000240000
[    0.000000] GIC: using cache flushing for LPI property table
[    0.000000] random: random: get_random_bytes called from start_kernel+0x36c/0x510 with crng_init=0
[    0.000000] arch_timer: cp15 timer(s) running at 24.00MHz (phys).
[    0.000000] clocksource: arch_sys_counter: mask: 0xffffffffffffff max_cycles: 0x588fe9dc0, max_idle_ns: 440795202592 ns
[    0.000004] sched_clock: 56 bits at 24MHz, resolution 41ns, wraps every 4398046511097ns
[    0.001747] Console: colour dummy device 80x25
[    0.002189] Calibrating delay loop (skipped), value calculated using timer frequency.. 48.00 BogoMIPS (lpj=80000)
[    0.003131] pid_max: default: 32768 minimum: 301
[    0.003652] Mount-cache hash table entries: 8192 (order: 4, 65536 bytes)
[    0.004275] Mountpoint-cache hash table entries: 8192 (order: 4, 65536 bytes)
[    0.006051] ASID allocator initialised with 32768 entries
[    0.006647] rcu: Hierarchical SRCU implementation.
[    0.008938] Platform MSI: interrupt-controller@fd440000 domain created
[    0.009977] PCI/MSI: /interrupt-controller@fd400000/interrupt-controller@fd440000 domain created
[    0.011398] smp: Bringing up secondary CPUs ...
[    0.013036] Detected VIPT I-cache on CPU1
[    0.013067] GICv3: CPU1: found redistributor 100 region 0:0x00000000fd480000
[    0.013107] CPU1: using LPI pending table @0x0000000000250000
[    0.013151] CPU1: Booted secondary processor 0x0000000100 [0x412fd050]
[    0.014373] Detected VIPT I-cache on CPU2
[    0.014396] GICv3: CPU2: found redistributor 200 region 0:0x00000000fd4a0000
[    0.014431] CPU2: using LPI pending table @0x0000000000260000
[    0.014462] CPU2: Booted secondary processor 0x0000000200 [0x412fd050]
[    0.015650] Detected VIPT I-cache on CPU3
[    0.015672] GICv3: CPU3: found redistributor 300 region 0:0x00000000fd4c0000
[    0.015710] CPU3: using LPI pending table @0x0000000000270000
[    0.015739] CPU3: Booted secondary processor 0x0000000300 [0x412fd050]
[    0.015818] smp: Brought up 1 node, 4 CPUs
[    0.022605] SMP: Total of 4 processors activated.
[    0.023039] CPU features: detected: GIC system register CPU interface
[    0.023628] CPU features: detected: Privileged Access Never
[    0.024138] CPU features: detected: LSE atomic instructions
[    0.024648] CPU features: detected: User Access Override
[    0.025135] CPU features: detected: 32-bit EL0 Support
[    0.025605] CPU features: detected: RAS Extension Support
[    0.026226] CPU: All CPU(s) started at EL2
[    0.026619] alternatives: patching kernel code
[    0.031651] devtmpfs: initialized
[    0.049725] Registered cp15_barrier emulation handler
[    0.050203] Registered setend emulation handler
[    0.050838] clocksource: jiffies: mask: 0xffffffff max_cycles: 0xffffffff, max_idle_ns: 6370867519511994 ns
[    0.051776] futex hash table entries: 1024 (order: 4, 65536 bytes)
[    0.052817] pinctrl core: initialized pinctrl subsystem
[    0.053526] regulator-dummy: no parameters
[    0.054016] NET: Registered protocol family 16
[    0.057301] cpuidle: using governor menu
[    0.057710] Registered FIQ tty driver
[    0.058410] hw-breakpoint: found 6 breakpoint and 4 watchpoint registers.
[    0.059747] DMA: preallocated 256 KiB pool for atomic allocations
[    0.062874] console [pstore-1] enabled
[    0.063224] pstore: Registered ramoops as persistent store backend
[    0.063792] ramoops: attached 0xf0000@0x110000, ecc: 0/0
[    0.086741] rockchip-gpio fdd60000.gpio: probed gpio0 (fdd60000.gpio)
[    0.087754] rockchip-gpio fe740000.gpio: probed gpio1 (fe740000.gpio)
[    0.088769] rockchip-gpio fe750000.gpio: probed gpio2 (fe750000.gpio)
[    0.089740] rockchip-gpio fe760000.gpio: probed gpio3 (fe760000.gpio)
[    0.090709] rockchip-gpio fe770000.gpio: probed gpio4 (fe770000.gpio)
[    0.091413] rockchip-pinctrl pinctrl: probed pinctrl
[    0.100933] cryptd: max_cpu_qlen set to 1000
[    0.102636] console [ttyFIQ0] enabled
[    0.103309] bootconsole [uart8250] disabled
[    0.103864] Registered fiq debugger ttyFIQ0
[    0.104292] dc_5v: 5000 mV
[    0.104486] reg-fixed-voltage dc-5v: dc_5v supplying 5000000uV
[    0.104566] reg-fixed-voltage vcc5v0-sys: Looking up vin-supply from device tree
[    0.104573] vcc5v0_sys: supplied by dc_5v
[    0.104592] dc_5v: could not add device link regulator.2 err -2
[    0.104619] vcc5v0_sys: 5000 mV
[    0.104763] reg-fixed-voltage vcc5v0-sys: vcc5v0_sys supplying 5000000uV
[    0.104845] reg-fixed-voltage vcc3v3-sys: Looking up vin-supply from device tree
[    0.104852] vcc3v3_sys: supplied by vcc5v0_sys
[    0.104871] vcc5v0_sys: could not add device link regulator.3 err -2
[    0.104900] vcc3v3_sys: 3300 mV
[    0.105040] reg-fixed-voltage vcc3v3-sys: vcc3v3_sys supplying 3300000uV
[    0.105144] pcie_3v3: 3300 mV
[    0.105243] reg-fixed-voltage pcie2-3v3-regulator: Looking up vin-supply from device tree
[    0.105250] pcie_3v3: supplied by vcc5v0_sys
[    0.105330] reg-fixed-voltage pcie2-3v3-regulator: pcie_3v3 supplying 3300000uV
[    0.105557] mipi_dsi0_lcd_power: no parameters
[    0.105698] reg-fixed-voltage mipi-dsi0-lcd-power-regulator: mipi_dsi0_lcd_power supplying 0uV
[    0.105825] vdd_cam_5v: 3300 mV
[    0.105950] reg-fixed-voltage vdd-cam-5v-regulator: vdd_cam_5v supplying 3300000uV
[    0.106024] reg-fixed-voltage cam-dovdd: Looking up vin-supply from device tree
[    0.106032] cam0_dovdd: supplied by vdd_cam_5v
[    0.106052] vdd_cam_5v: could not add device link regulator.7 err -2
[    0.106094] cam0_dovdd: 1800 mV
[    0.106218] reg-fixed-voltage cam-dovdd: cam0_dovdd supplying 1800000uV
[    0.106299] reg-fixed-voltage cam-avdd: Looking up vin-supply from device tree
[    0.106307] cam0_avdd: supplied by vdd_cam_5v
[    0.106325] vdd_cam_5v: could not add device link regulator.8 err -2
[    0.106353] cam0_avdd: 2800 mV
[    0.106490] reg-fixed-voltage cam-avdd: cam0_avdd supplying 2800000uV
[    0.106568] reg-fixed-voltage cam-dvdd: Looking up vin-supply from device tree
[    0.106576] cam0_dvdd: supplied by vdd_cam_5v
[    0.106595] vdd_cam_5v: could not add device link regulator.9 err -2
[    0.106621] cam0_dvdd: 1500 mV
[    0.106763] reg-fixed-voltage cam-dvdd: cam0_dvdd supplying 1500000uV
[    0.107436] rockchip-pm-domain fdd90000.power-management:power-controller: Looking up pd_npu-supply from device tree
[    0.107452] rockchip-pm-domain fdd90000.power-management:power-controller: Looking up pd_npu-supply property in node /power-management@fdd90000/power-controller failed
[    0.107492] rk_iommu fde4b000.iommu: version = 2
[    0.108018] rk_iommu fdea0800.iommu: version = 2
[    0.108215] rockchip-pm-domain fdd90000.power-management:power-controller: Looking up pd_vpu-supply from device tree
[    0.108230] rockchip-pm-domain fdd90000.power-management:power-controller: Looking up pd_vpu-supply property in node /power-management@fdd90000/power-controller failed
[    0.108338] rk_iommu fded0480.iommu: version = 2
[    0.108506] rockchip-pm-domain fdd90000.power-management:power-controller: Looking up pd_rga-supply from device tree
[    0.108520] rockchip-pm-domain fdd90000.power-management:power-controller: Looking up pd_rga-supply property in node /power-management@fdd90000/power-controller failed
[    0.108672] rk_iommu fdee0800.iommu: version = 2
[    0.108962] rk_iommu fdef0800.iommu: version = 2
[    0.109216] rk_iommu fdf40f00.iommu: version = 2
[    0.109415] rockchip-pm-domain fdd90000.power-management:power-controller: Looking up pd_rkvenc-supply from device tree
[    0.109429] rockchip-pm-domain fdd90000.power-management:power-controller: Looking up pd_rkvenc-supply property in node /power-management@fdd90000/power-controller failed
[    0.109544] rk_iommu fdf80800.iommu: version = 2
[    0.109705] rockchip-pm-domain fdd90000.power-management:power-controller: Looking up pd_rkvdec-supply from device tree
[    0.109718] rockchip-pm-domain fdd90000.power-management:power-controller: Looking up pd_rkvdec-supply property in node /power-management@fdd90000/power-controller failed
[    0.109826] rk_iommu fdff1a00.iommu: version = 2
[    0.109984] rockchip-pm-domain fdd90000.power-management:power-controller: Looking up pd_vi-supply from device tree
[    0.109998] rockchip-pm-domain fdd90000.power-management:power-controller: Looking up pd_vi-supply property in node /power-management@fdd90000/power-controller failed
[    0.110094] rk_iommu fe043e00.iommu: version = 2
[    0.110718] SCSI subsystem initialized
[    0.110768] libata version 3.00 loaded.
[    0.110922] usbcore: registered new interface driver usbfs
[    0.110975] usbcore: registered new interface driver hub
[    0.111022] usbcore: registered new device driver usb
[    0.111403] media: Linux media interface: v0.10
[    0.111439] videodev: Linux video capture interface: v2.00
[    0.111513] pps_core: LinuxPPS API ver. 1 registered
[    0.111527] pps_core: Software ver. 5.3.6 - Copyright 2005-2007 Rodolfo Giometti <giometti@linux.it>
[    0.111550] PTP clock support registered
[    0.111810] arm-scmi firmware:scmi: SCMI Protocol v2.0 'rockchip:' Firmware version 0x0
[    0.113407] Advanced Linux Sound Architecture Driver Initialized.
[    0.113785] Bluetooth: Core ver 2.22
[    0.113826] NET: Registered protocol family 31
[    0.113840] Bluetooth: HCI device and connection manager initialized
[    0.113858] Bluetooth: HCI socket layer initialized
[    0.113873] Bluetooth: L2CAP socket layer initialized
[    0.113904] Bluetooth: SCO socket layer initialized
[    0.114284] rockchip-cpuinfo cpuinfo: SoC            : 35662000
[    0.114301] rockchip-cpuinfo cpuinfo: Serial         : 35eaa4c069a50889
[    0.115038] clocksource: Switched to clocksource arch_sys_counter
[    0.172173] thermal thermal_zone1: power_allocator: sustainable_power will be estimated
[    0.172602] NET: Registered protocol family 2
[    0.172799] IP idents hash table entries: 65536 (order: 7, 524288 bytes)
[    0.174033] tcp_listen_portaddr_hash hash table entries: 2048 (order: 4, 81920 bytes)
[    0.174116] TCP established hash table entries: 32768 (order: 6, 262144 bytes)
[    0.174285] TCP bind hash table entries: 32768 (order: 8, 1048576 bytes)
[    0.175105] TCP: Hash tables configured (established 32768 bind 32768)
[    0.175232] UDP hash table entries: 2048 (order: 5, 196608 bytes)
[    0.175413] UDP-Lite hash table entries: 2048 (order: 5, 196608 bytes)
[    0.175708] NET: Registered protocol family 1
[    0.176146] RPC: Registered named UNIX socket transport module.
[    0.176162] RPC: Registered udp transport module.
[    0.176173] RPC: Registered tcp transport module.
[    0.176184] RPC: Registered tcp NFSv4.1 backchannel transport module.
[    0.176714] PCI: CLS 0 bytes, default 64
[    0.178141] hw perfevents: enabled with armv8_pmuv3 PMU driver, 7 counters available
[    0.179766] Initialise system trusted keyrings
[    0.179946] workingset: timestamp_bits=61 max_order=20 bucket_order=0
[    0.184668] squashfs: version 4.0 (2009/01/31) Phillip Lougher
[    0.185348] NFS: Registering the id_resolver key type
[    0.185385] Key type id_resolver registered
[    0.185399] Key type id_legacy registered
[    0.185429] ntfs: driver 2.1.32 [Flags: R/O].
[    0.185583] jffs2: version 2.2. (NAND) ? 2001-2006 Red Hat, Inc.
[    0.185748] fuse init (API version 7.27)
[    0.186107] SGI XFS with security attributes, no debug enabled
[    0.188010] NET: Registered protocol family 38
[    0.188041] Key type asymmetric registered
[    0.188056] Asymmetric key parser 'x509' registered
[    0.188095] Block layer SCSI generic (bsg) driver version 0.4 loaded (major 243)
[    0.188110] io scheduler noop registered
[    0.188120] io scheduler deadline registered
[    0.188216] io scheduler cfq registered (default)
[    0.188231] io scheduler mq-deadline registered
[    0.188242] io scheduler kyber registered
[    0.189161] rockchip-csi2-dphy csi2-dphy1: csi2 dphy1 probe successfully!
[    0.189288] rockchip-csi2-dphy-hw fe870000.csi2-dphy-hw: csi2 dphy hw probe successfully!
[    0.190947] phy phy-fe8a0000.usb2-phy.0: Looking up phy-supply from device tree
[    0.190955] phy phy-fe8a0000.usb2-phy.0: Looking up phy-supply property in node /usb2-phy@fe8a0000/host-port failed
[    0.191044] phy phy-fe8a0000.usb2-phy.1: Looking up phy-supply from device tree
[    0.191050] phy phy-fe8a0000.usb2-phy.1: Looking up phy-supply property in node /usb2-phy@fe8a0000/otg-port failed
[    0.191115] phy phy-fe8a0000.usb2-phy.1: Looking up vbus-supply from device tree
[    0.191121] phy phy-fe8a0000.usb2-phy.1: Looking up vbus-supply property in node /usb2-phy@fe8a0000/otg-port failed
[    0.191130] phy phy-fe8a0000.usb2-phy.1: No vbus specified for otg port
[    0.192519] extcon extcon1: failed to create extcon usb2-phy link
[    0.192581] phy phy-fe8b0000.usb2-phy.2: Looking up phy-supply from device tree
[    0.192588] phy phy-fe8b0000.usb2-phy.2: Looking up phy-supply property in node /usb2-phy@fe8b0000/host-port failed
[    0.192679] phy phy-fe8b0000.usb2-phy.3: Looking up phy-supply from device tree
[    0.192686] phy phy-fe8b0000.usb2-phy.3: Looking up phy-supply property in node /usb2-phy@fe8b0000/otg-port failed
[    0.192746] phy phy-fe8b0000.usb2-phy.3: Looking up vbus-supply from device tree
[    0.192752] phy phy-fe8b0000.usb2-phy.3: Looking up vbus-supply property in node /usb2-phy@fe8b0000/otg-port failed
[    0.192761] phy phy-fe8b0000.usb2-phy.3: No vbus specified for otg port
[    0.194895] phy phy-fe830000.phy.4: Looking up phy-supply from device tree
[    0.194905] phy phy-fe830000.phy.4: Looking up phy-supply property in node /phy@fe830000 failed
[    0.195369] phy phy-fe840000.phy.5: Looking up phy-supply from device tree
[    0.195378] phy phy-fe840000.phy.5: Looking up phy-supply property in node /phy@fe840000 failed
[    0.197844] rk-pcie 3c0000000.pcie: Looking up vpcie3v3-supply from device tree
[    0.197916] rk-pcie 3c0000000.pcie: Linked as a consumer to regulator.4
[    0.198154] pwm-backlight backlight: Looking up power-supply from device tree
[    0.198162] pwm-backlight backlight: Looking up power-supply property in node /backlight failed
[    0.198174] pwm-backlight backlight: backlight supply power not found, using dummy regulator
[    0.198239] pwm-backlight backlight: Linked as a consumer to regulator.0
[    0.198489] mpp_service mpp-srv: 863e1d0fec38 author: Caesar Wang 2022-01-08 Revert "video: rockchip: mpp: rkvdec2: setup link mode clk"
[    0.198507] mpp_service mpp-srv: probe start
[    0.199087] iommu: Adding device fdf40000.rkvenc to group 5
[    0.199118] mpp_rkvenc fdf40000.rkvenc: Linked as a consumer to fdf40f00.iommu
[    0.199291] mpp_rkvenc fdf40000.rkvenc: probing start
[    0.199717] mpp_rkvenc fdf40000.rkvenc: Looking up venc-supply from device tree
[    0.199732] mpp_rkvenc fdf40000.rkvenc: venc regulator not ready, retry
[    0.199748] rkvenc_init:1199: failed to add venc devfreq
[    0.200031] mpp_rkvenc fdf40000.rkvenc: probing finish
[    0.200771] iommu: Adding device fdea0400.vdpu to group 1
[    0.200805] mpp_vdpu2 fdea0400.vdpu: Linked as a consumer to fdea0800.iommu
[    0.200943] mpp_vdpu2 fdea0400.vdpu: probe device
[    0.201428] mpp_vdpu2 fdea0400.vdpu: probing finish
[    0.201852] iommu: Adding device fdee0000.vepu to group 3
[    0.201884] mpp_vepu2 fdee0000.vepu: Linked as a consumer to fdee0800.iommu
[    0.202045] mpp_vepu2 fdee0000.vepu: probe device
[    0.202503] mpp_vepu2 fdee0000.vepu: probing finish
[    0.202913] iommu: Adding device fdef0000.iep to group 4
[    0.202944] mpp-iep2 fdef0000.iep: Linked as a consumer to fdef0800.iommu
[    0.203070] mpp-iep2 fdef0000.iep: probe device
[    0.203238] rk-pcie 3c0000000.pcie: missing legacy IRQ resource
[    0.203262] rk-pcie 3c0000000.pcie: Missing *config* reg space
[    0.203275] rk-pcie 3c0000000.pcie: host bridge /pcie@fe260000 ranges:
[    0.203306] rk-pcie 3c0000000.pcie:   err 0x300000000..0x3007fffff -> 0x00000000
[    0.203326] rk-pcie 3c0000000.pcie:    IO 0x300800000..0x3008fffff -> 0x00800000
[    0.203350] rk-pcie 3c0000000.pcie:   MEM 0x300900000..0x33fffffff -> 0x00900000
[    0.203486] mpp-iep2 fdef0000.iep: allocate roi buffer failed
[    0.203623] mpp-iep2 fdef0000.iep: probing finish
[    0.204067] iommu: Adding device fded0000.jpegd to group 2
[    0.204098] mpp_jpgdec fded0000.jpegd: Linked as a consumer to fded0480.iommu
[    0.204213] mpp_jpgdec fded0000.jpegd: probe device
[    0.204665] mpp_jpgdec fded0000.jpegd: probing finish
[    0.205172] iommu: Adding device fdf80200.rkvdec to group 6
[    0.205196] mpp_rkvdec2 fdf80200.rkvdec: Linked as a consumer to fdf80800.iommu
[    0.205405] mpp_rkvdec2 fdf80200.rkvdec: probing start
[    0.205537] mpp_rkvdec2 fdf80200.rkvdec: 16 task capacity link mode detected
[    0.205822] mpp_rkvdec2 fdf80200.rkvdec: shared_niu_a is not found!
[    0.205839] rkvdec2_init:661: No niu aclk reset resource define
[    0.205854] mpp_rkvdec2 fdf80200.rkvdec: shared_niu_h is not found!
[    0.205865] rkvdec2_init:664: No niu hclk reset resource define
[    0.206023] mpp_rkvdec2 fdf80200.rkvdec: sram_start 0x00000000fdcc0000
[    0.206040] mpp_rkvdec2 fdf80200.rkvdec: rcb_iova 0x0000000010000000
[    0.206052] mpp_rkvdec2 fdf80200.rkvdec: sram_size 45056
[    0.206063] mpp_rkvdec2 fdf80200.rkvdec: rcb_size 65536
[    0.206075] mpp_rkvdec2 fdf80200.rkvdec: min_width 512
[    0.206128] mpp_rkvdec2 fdf80200.rkvdec: link mode probe finish
[    0.206186] mpp_rkvdec2 fdf80200.rkvdec: probing finish
[    0.206437] mpp_service mpp-srv: probe success
[    0.211630] dma-pl330 fe530000.dmac: Loaded driver for PL330 DMAC-241330
[    0.211662] dma-pl330 fe530000.dmac:         DBUFF-128x8bytes Num_Chans-8 Num_Peri-32 Num_Events-16
[    0.213515] dma-pl330 fe550000.dmac: Loaded driver for PL330 DMAC-241330
[    0.213538] dma-pl330 fe550000.dmac:         DBUFF-128x8bytes Num_Chans-8 Num_Peri-32 Num_Events-16
[    0.214334] rockchip-system-monitor rockchip-system-monitor: system monitor probe
[    0.215309] Serial: 8250/16550 driver, 10 ports, IRQ sharing disabled
[    0.216149] fe650000.serial: ttyS1 at MMIO 0xfe650000 (irq = 59, base_baud = 1500000) is a 16550A
[    0.218259] random: fast init done
[    0.218299] iommu: Adding device fe040000.vop to group 8
[    0.218341] rockchip-vop2 fe040000.vop: Linked as a consumer to fe043e00.iommu
[    0.218553] random: crng init done
[    0.221349] rockchip-drm display-subsystem: Linked as a consumer to fe040000.vop
[    0.222166] rockchip-drm display-subsystem: Linked as a consumer to fe0a0000.hdmi
[    0.223390] rockchip-drm display-subsystem: defer getting devfreq
[    0.223647] rockchip-vop2 fe040000.vop: [drm:vop2_bind] vp0 assign plane mask: 0x15, primary plane phy id: 4
[    0.223671] rockchip-vop2 fe040000.vop: [drm:vop2_bind] vp1 assign plane mask: 0x0, primary plane phy id: -1
[    0.223685] rockchip-vop2 fe040000.vop: [drm:vop2_bind] vp2 assign plane mask: 0x0, primary plane phy id: -1
[    0.223811] [drm] unsupported AFBC format[3432564e]
[    0.223857] [drm] failed to init overlay plane Cluster0-win1
[    0.223946] rockchip-drm display-subsystem: bound fe040000.vop (ops 0xffffff8008ef76d0)
[    0.224125] dwhdmi-rockchip fe0a0000.hdmi: Detected HDMI TX controller v2.11a with HDCP (DWC HDMI 2.0 TX PHY)
[    0.224662] dwhdmi-rockchip fe0a0000.hdmi: registered DesignWare HDMI I2C bus driver
[    0.225203] rockchip-drm display-subsystem: bound fe0a0000.hdmi (ops 0xffffff8008efb1f0)
[    0.225224] [drm] Supports vblank timestamp caching Rev 2 (21.10.2013).
[    0.225236] [drm] No driver support for vblank timestamp query.
[    0.456504] rockchip-drm display-subsystem: fb0:  frame buffer device
[    0.457202] [drm] Initialized rockchip 2.0.0 20140818 for display-subsystem on minor 0
[    0.462353] rockchip-pm-domain fdd90000.power-management:power-controller: Looking up pd_gpu-supply from device tree
[    0.462374] rockchip-pm-domain fdd90000.power-management:power-controller: Looking up pd_gpu-supply property in node /power-management@fdd90000/power-controller failed
[    0.462419] mali fde60000.gpu: Kernel DDK version g7p1-01bet0
[    0.462447] cacheinfo: Unable to detect cache hierarchy for CPU 0
[    0.462512] mali fde60000.gpu: Looking up mali-supply from device tree
[    0.462539] mali fde60000.gpu: Device initialization Deferred
[    0.463015] brd: module loaded
[    0.468495] loop: module loaded
[    0.468862] zram: Added device: zram0
[    0.468977] lkdtm: No crash points registered, enable through debugfs
[    0.471202] libphy: Fixed MDIO Bus: probed
[    0.472317] rk_gmac-dwmac fe010000.ethernet: Looking up phy-supply from device tree
[    0.472334] rk_gmac-dwmac fe010000.ethernet: Looking up phy-supply property in node /ethernet@fe010000 failed
[    0.472350] rk_gmac-dwmac fe010000.ethernet: no regulator found
[    0.472372] rk_gmac-dwmac fe010000.ethernet: clock input or output? (input).
[    0.472383] rk_gmac-dwmac fe010000.ethernet: TX delay(0x16).
[    0.472391] rk_gmac-dwmac fe010000.ethernet: RX delay(0xa).
[    0.472403] rk_gmac-dwmac fe010000.ethernet: integrated PHY? (no).
[    0.472441] rk_gmac-dwmac fe010000.ethernet: clock input from PHY
[    0.477463] rk_gmac-dwmac fe010000.ethernet: init for RGMII
[    0.477677] rk_gmac-dwmac fe010000.ethernet: User ID: 0x30, Synopsys ID: 0x51
[    0.477695] rk_gmac-dwmac fe010000.ethernet:         DWMAC4/5
[    0.477710] rk_gmac-dwmac fe010000.ethernet: DMA HW capability register supported
[    0.477721] rk_gmac-dwmac fe010000.ethernet: RX Checksum Offload Engine supported
[    0.477732] rk_gmac-dwmac fe010000.ethernet: TX Checksum insertion supported
[    0.477739] rk_gmac-dwmac fe010000.ethernet: Wake-Up On Lan supported
[    0.477773] rk_gmac-dwmac fe010000.ethernet: TSO supported
[    0.477785] rk_gmac-dwmac fe010000.ethernet: Enable RX Mitigation via HW Watchdog Timer
[    0.477800] rk_gmac-dwmac fe010000.ethernet: rk_get_eth_addr: rk_vendor_read eth mac address failed (-1)
[    0.477817] rk_gmac-dwmac fe010000.ethernet: rk_get_eth_addr: generate random eth mac address: 1a:ba:24:f1:26:c7
[    0.477829] rk_gmac-dwmac fe010000.ethernet: rk_get_eth_addr: rk_vendor_write eth mac address failed (-1)
[    0.477841] rk_gmac-dwmac fe010000.ethernet: rk_get_eth_addr: id: 0 rk_vendor_read eth mac address failed (-1)
[    0.477852] rk_gmac-dwmac fe010000.ethernet: rk_get_eth_addr: mac address: 1a:ba:24:f1:26:c7
[    0.477863] rk_gmac-dwmac fe010000.ethernet: device MAC address 1a:ba:24:f1:26:c7
[    0.477875] rk_gmac-dwmac fe010000.ethernet: TSO feature enabled
[    0.688387] libphy: stmmac: probed
[    0.690554] PPP generic driver version 2.4.2
[    0.690763] PPP BSD Compression module registered
[    0.690779] PPP Deflate Compression module registered
[    0.690811] PPP MPPE Compression module registered
[    0.690824] NET: Registered protocol family 24
[    0.690857] SLIP: version 0.8.4-NET3.019-NEWTTY (dynamic channels, max=256).
[    0.690869] CSLIP: code copyright 1989 Regents of the University of California.
[    0.690919] Broadcom 43xx driver loaded [ Features: PNL ]
[    0.691150] usbcore: registered new interface driver rndis_wlan
[    0.691209] usbcore: registered new interface driver rtl8150
[    0.691254] usbcore: registered new interface driver r8152
[    0.691301] usbcore: registered new interface driver asix
[    0.691346] usbcore: registered new interface driver ax88179_178a
[    0.691387] usbcore: registered new interface driver cdc_ether
[    0.691427] usbcore: registered new interface driver rndis_host
[    0.691485] usbcore: registered new interface driver cdc_ncm
[    0.691526] usbcore: registered new interface driver cdc_mbim
[    0.692603] dwc3 fcc00000.dwc3: Failed to get clk 'ref': -2
[    0.696936] dwc3 fd000000.dwc3: Failed to get clk 'ref': -2
[    0.702249] ehci_hcd: USB 2.0 'Enhanced' Host Controller (EHCI) Driver
[    0.702281] ehci-pci: EHCI PCI platform driver
[    0.702353] ehci-platform: EHCI generic platform driver
[    0.704654] ehci-platform fd800000.usb: EHCI Host Controller
[    0.704833] ehci-platform fd800000.usb: new USB bus registered, assigned bus number 1
[    0.705077] ehci-platform fd800000.usb: irq 11, io mem 0xfd800000
[    0.718395] ehci-platform fd800000.usb: USB 2.0 started, EHCI 1.00
[    0.718597] usb usb1: New USB device found, idVendor=1d6b, idProduct=0002, bcdDevice= 4.19
[    0.718615] usb usb1: New USB device strings: Mfr=3, Product=2, SerialNumber=1
[    0.718635] usb usb1: Product: EHCI Host Controller
[    0.718647] usb usb1: Manufacturer: Linux 4.19.219 ehci_hcd
[    0.718657] usb usb1: SerialNumber: fd800000.usb
[    0.719047] hub 1-0:1.0: USB hub found
[    0.719091] hub 1-0:1.0: 1 port detected
[    0.721602] ehci-platform fd880000.usb: EHCI Host Controller
[    0.721774] ehci-platform fd880000.usb: new USB bus registered, assigned bus number 2
[    0.721978] ehci-platform fd880000.usb: irq 13, io mem 0xfd880000
[    0.735062] ehci-platform fd880000.usb: USB 2.0 started, EHCI 1.00
[    0.735245] usb usb2: New USB device found, idVendor=1d6b, idProduct=0002, bcdDevice= 4.19
[    0.735262] usb usb2: New USB device strings: Mfr=3, Product=2, SerialNumber=1
[    0.735282] usb usb2: Product: EHCI Host Controller
[    0.735293] usb usb2: Manufacturer: Linux 4.19.219 ehci_hcd
[    0.735303] usb usb2: SerialNumber: fd880000.usb
[    0.735645] hub 2-0:1.0: USB hub found
[    0.735685] hub 2-0:1.0: 1 port detected
[    0.736301] ohci_hcd: USB 1.1 'Open' Host Controller (OHCI) Driver
[    0.736336] ohci-platform: OHCI generic platform driver
[    0.736574] ohci-platform fd840000.usb: Generic Platform OHCI controller
[    0.736724] ohci-platform fd840000.usb: new USB bus registered, assigned bus number 3
[    0.736882] ohci-platform fd840000.usb: irq 12, io mem 0xfd840000
[    0.795870] usb usb3: New USB device found, idVendor=1d6b, idProduct=0001, bcdDevice= 4.19
[    0.795888] usb usb3: New USB device strings: Mfr=3, Product=2, SerialNumber=1
[    0.795896] usb usb3: Product: Generic Platform OHCI controller
[    0.795903] usb usb3: Manufacturer: Linux 4.19.219 ohci_hcd
[    0.795910] usb usb3: SerialNumber: fd840000.usb
[    0.796281] hub 3-0:1.0: USB hub found
[    0.796329] hub 3-0:1.0: 1 port detected
[    0.796771] ohci-platform fd8c0000.usb: Generic Platform OHCI controller
[    0.796930] ohci-platform fd8c0000.usb: new USB bus registered, assigned bus number 4
[    0.797094] ohci-platform fd8c0000.usb: irq 14, io mem 0xfd8c0000
[    0.855854] usb usb4: New USB device found, idVendor=1d6b, idProduct=0001, bcdDevice= 4.19
[    0.855871] usb usb4: New USB device strings: Mfr=3, Product=2, SerialNumber=1
[    0.855880] usb usb4: Product: Generic Platform OHCI controller
[    0.855887] usb usb4: Manufacturer: Linux 4.19.219 ohci_hcd
[    0.855894] usb usb4: SerialNumber: fd8c0000.usb
[    0.856254] hub 4-0:1.0: USB hub found
[    0.856299] hub 4-0:1.0: 1 port detected
[    0.857691] xhci-hcd xhci-hcd.4.auto: xHCI Host Controller
[    0.857866] xhci-hcd xhci-hcd.4.auto: new USB bus registered, assigned bus number 5
[    0.858194] xhci-hcd xhci-hcd.4.auto: hcc params 0x0220fe64 hci version 0x110 quirks 0x0000011002010010
[    0.858257] xhci-hcd xhci-hcd.4.auto: irq 72, io mem 0xfd000000
[    0.858562] usb usb5: New USB device found, idVendor=1d6b, idProduct=0002, bcdDevice= 4.19
[    0.858574] usb usb5: New USB device strings: Mfr=3, Product=2, SerialNumber=1
