U-Boot 2017.09(u-boot commit id: cc6d95cc1e)(sdk version: rk3588_linux_release_20220422_v0.1.0a)-gcc6d95cc1e #daijh (Apr 24 2022 - 10:46:15 +0800)

Model: Rockchip RK3588 Evaluation Board
PreSerial: 2, raw, 0xfeb50000
DRAM:  7.7 GiB
Sysmem: init
Relocation Offset: edb36000
Relocation fdt: eb9fa9c8 - eb9fece0
CR: M/C/I
Using default environment

mmc@fe2c0000: 1, mmc@fe2e0000: 0
Bootdev(atags): mmc 0
MMC0: HS200, 200Mhz
PartType: EFI
DM: v2
boot mode: normal
FIT: no signed, no conf required
DTB: rk-kernel.dtb
HASH(c): OK
I2c0 speed: 100000Hz
vsel-gpios- not found! Error: -2
en-gpios- not found! Error: -2
vdd_cpu_big0_s0 1343750 uV
vsel-gpios- not found! Error: -2
en-gpios- not found! Error: -2
vdd_cpu_big1_s0 1343750 uV
I2c2 speed: 100000Hz
vsel-gpios- not found! Error: -2
en-gpios- not found! Error: -2
vdd_npu_s0 800000 uV
spi2: RK806: 2
vdd_gpu_s0 750000 uV
vdd_cpu_lit_s0 750000 uV
vdd_log_s0 750000 uV
vdd_vdenc_s0 init 750000 uV
vdd_ddr_s0 850000 uV
route node define force_timing, use 1024x768p0 as default mode
get vp0 plane mask:0x5, primary id:2, cursor_plane:-1, from dts
get vp1 plane mask:0xa, primary id:3, cursor_plane:-1, from dts
get vp2 plane mask:0x140, primary id:8, cursor_plane:-1, from dts
get vp3 plane mask:0x280, primary id:9, cursor_plane:-1, from dts
route node define force_timing, use 1024x768p0 as default mode
route node define force_timing, use 1024x768p0 as default mode
Could not find baseparameter partition
Model: Rockchip RK3588 NVR DEMO1 LP4 V21 Board
Rockchip UBOOT DRM driver version: v1.0.1
vp0 have layer nr:2[0 2 ], primary plane: 2
vp1 have layer nr:2[1 3 ], primary plane: 3
vp2 have layer nr:2[6 8 ], primary plane: 8
vp3 have layer nr:2[7 9 ], primary plane: 9
Could not find baseparameter partition
color_format:0
hdmi_select_link_config use tmds mode
mode:1024x768 bus_format:0x100a
hdmi@fde80000: use force output detailed mode clock 65000 kHz, flags[a]
    H: 1024 1048 1184 1344
    V: 0768 0771 0777 0806
bus_format: 100a
VOP update mode to: 1024x768p0, type: HDMI0 for VP2
dclk:65000,if_pixclk_div;2,if_dclk_div:4
hdptx_ropll_cmn_config bus_width:0 rate:650000
hdptx phy pll locked!
VOP VP2 enable Esmart2[654x270->654x270@185x249] fmt[2] addr[0xedf04000]
Non-CEA mode used in HDMI
mtmdsclock:65000000
bus_width:0x9eb10,bit_rate:650000
hdptx phy lane locked!
dw_hdmi_setup HDMI mode
don't use dsc mode
dw hdmi qp use tmds mode
dw-dp: DPCD:        ebe16558
dp@fde60000: use force output detailed mode clock 65000 kHz, flags[a]
    H: 1024 1048 1184 1344
    V: 0768 0771 0777 0806
bus_format: 100a
VOP update mode to: 1024x768p0, type: DP1 for VP2
VOP VP2 enable Esmart2[654x270->654x270@185x249] fmt[2] addr[0xedf04000]
training link: 4 lanes at 5400 MHz
clock recovery succeeded
channel equalization succeeded
i2c read err!
i2c read err!
i2c read err!
i2c read err!
i2c read err!
can't get edid block:0
failed to get edid
Could not find baseparameter partition
color_format:0
hdmi_select_link_config use tmds mode
mode:1024x768 bus_format:0x100a
hdmi@fdea0000: use force output detailed mode clock 65000 kHz, flags[a]
    H: 1024 1048 1184 1344
    V: 0768 0771 0777 0806
bus_format: 100a
VOP update mode to: 1024x768p0, type: HDMI1 for VP2
dclk:65000,if_pixclk_div;2,if_dclk_div:4
hdptx_ropll_cmn_config bus_width:0 rate:650000
hdptx phy pll locked!
VOP VP2 enable Esmart2[654x270->654x270@185x249] fmt[2] addr[0xedf04000]
Non-CEA mode used in HDMI
mtmdsclock:65000000
bus_width:0x9eb10,bit_rate:650000
hdptx phy lane locked!
dw_hdmi_setup HDMI mode
don't use dsc mode
dw hdmi qp use tmds mode
CLK: (uboot. arm: enter 1200000 KHz, init 1200000 KHz, kernel 0N/A)
  b0pll 1200000 KHz
  b1pll 1200000 KHz
  lpll 1200000 KHz
  v0pll 650000 KHz
  aupll 786215 KHz
  cpll 1500000 KHz
  gpll 1188000 KHz
  npll 850000 KHz
  ppll 1100000 KHz
  aclk_center_root 702000 KHz
  pclk_center_root 100000 KHz
  hclk_center_root 396000 KHz
  aclk_center_low_root 500000 KHz
  aclk_top_root 750000 KHz
  pclk_top_root 100000 KHz
  aclk_low_top_root 396000 KHz
Net:   eth1: ethernet@fe1c0000, eth0: ethernet@fe1b0000
Hit key to stop autoboot('CTRL+C'):  0
ANDROID: reboot reason: "(none)"
optee api revision: 2.0
TEEC: Waring: Could not find security partition
Not AVB images, AVB skip
No valid android hdr
Android image load failed
Android boot failed, error -1.
## Booting FIT Image at 0xe9bf1f80 with size 0x01c07a00
Fdt Ramdisk skip relocation
## Loading kernel from FIT Image at e9bf1f80 ...
   Using 'conf' configuration
## Verified-boot: 0
   Trying 'kernel' kernel subimage
     Description:  unavailable
     Type:         Kernel Image
     Compression:  uncompressed
     Data Start:   0xe9c2e780
     Data Size:    29143552 Bytes = 27.8 MiB
     Architecture: AArch64
     OS:           Linux
     Load Address: 0x00400000
     Entry Point:  0x00400000
     Hash algo:    sha256
     Hash value:   7c6e1954566dca7cd58e730959c57586cae26ee998f7c195466134659d9fd05a
   Verifying Hash Integrity ... sha256+ OK
## Loading fdt from FIT Image at e9bf1f80 ...
   Using 'conf' configuration
   Trying 'fdt' fdt subimage
     Description:  unavailable
     Type:         Flat Device Tree
     Compression:  uncompressed
     Data Start:   0xe9bf2780
     Data Size:    245279 Bytes = 239.5 KiB
     Architecture: AArch64
     Load Address: 0x0a100000
     Hash algo:    sha256
     Hash value:   681c7225b4b59148eb4f5317cc195c22a5b8e8c8b85db0a189441a3f83746f5a
   Verifying Hash Integrity ... sha256+ OK
   Loading fdt from 0x0a100000 to 0x0a100000
   Booting using the fdt blob at 0x0a100000
   Loading Kernel Image from 0xe9c2e780 to 0x00400000 ... OK
   kernel loaded at 0x00400000, end = 0x01fcb200
   Using Device Tree in place at 000000000a100000, end 000000000a13ee1e
Adding bank: 0x00200000 - 0x08400000 (size: 0x08200000)
Adding bank: 0x09400000 - 0xf0000000 (size: 0xe6c00000)
Adding bank: 0x100000000 - 0x200000000 (size: 0x100000000)
Total: 2667.718 ms

Starting kernel ...

[    2.784500] Booting Linux on physical CPU 0x0000000000 [0x412fd050]
[    2.784525] Linux version 5.10.66-g877905a95767-dirty (d@d) (aarch64-none-linux-gnu-gcc (GNU Toolchain for the A-profile Architecture 10.3-2021.07 (arm-10.29)) 10.3.1 20210621, GNU ld (GNU Toolchain for the A-profile Architecture 10.3-2021.07 (arm-10.29)) 2.36.1.20210621) #1 SMP Mon Jun 20 15:41:05 CST 2022
[    2.799338] Machine model: Rockchip RK3588 NVR DEMO1 LP4 V21 Board
[    2.799419] earlycon: uart8250 at MMIO32 0x00000000feb50000 (options '')
[    2.803658] printk: bootconsole [uart8250] enabled
[    2.807225] efi: UEFI not found.
[    2.815192] OF: fdt: Reserved memory: failed to reserve memory for node 'drm-cubic-lut@00000000': base 0x0000000000000000, size 0 MiB
[    2.816499] Reserved memory: created CMA memory pool at 0x00000001ff800000, size 8 MiB
[    2.817228] OF: reserved mem: initialized node cma, compatible id shared-dma-pool
[    2.973174] Zone ranges:
[    2.973421]   DMA      [mem 0x0000000000200000-0x00000000ffffffff]
[    2.973996]   DMA32    empty
[    2.974265]   Normal   [mem 0x0000000100000000-0x00000001ffffffff]
[    2.974836] Movable zone start for each node
[    2.975229] Early memory node ranges
[    2.975562]   node   0: [mem 0x0000000000200000-0x00000000083fffff]
[    2.976139]   node   0: [mem 0x0000000009400000-0x00000000efffffff]
[    2.976716]   node   0: [mem 0x0000000100000000-0x00000001ffffffff]
[    2.977295] Initmem setup node 0 [mem 0x0000000000200000-0x00000001ffffffff]
[    3.021023] psci: probing for conduit method from DT.
[    3.021499] psci: PSCIv1.1 detected in firmware.
[    3.021926] psci: Using standard PSCI v0.2 function IDs
[    3.022409] psci: Trusted OS migration not required
[    3.022862] psci: SMC Calling Convention v1.2
[    3.023711] percpu: Embedded 30 pages/cpu s84648 r8192 d30040 u122880
[    3.024528] Detected VIPT I-cache on CPU0
[    3.024945] CPU features: detected: GIC system register CPU interface
[    3.025539] CPU features: detected: Virtualization Host Extensions
[    3.026113] CPU features: detected: ARM errata 1165522, 1319367, or 1530923
[    3.026758] alternatives: patching kernel code
[    3.027461] Built 1 zonelists, mobility grouping on.  Total pages: 1995336
[    3.028099] Kernel command line: storagemedia=emmc androidboot.storagemedia=emmc androidboot.mode=normal  storagenode=/mmc@fe2e0000 androidboot.verifiedbootstate=orange rw rootwait earlycon=uart8250,mmio32,0xfeb50000 console=ttyFIQ0 irqchip.gicv3_pseudo_nmi=0 root=PARTUUID=614e0000-0000
[    3.031694] Dentry cache hash table entries: 1048576 (order: 11, 8388608 bytes, linear)
[    3.032886] Inode-cache hash table entries: 524288 (order: 10, 4194304 bytes, linear)
[    3.033608] mem auto-init: stack:off, heap alloc:off, heap free:off
[    3.041517] software IO TLB: mapped [mem 0x00000000e9f00000-0x00000000edf00000] (64MB)
[    3.120168] Memory: 7846716K/8108032K available (13824K kernel code, 3052K rwdata, 5524K rodata, 5952K init, 510K bss, 253124K reserved, 8192K cma-reserved)
[    3.121609] SLUB: HWalign=64, Order=0-3, MinObjects=0, CPUs=8, Nodes=1
[    3.122244] ftrace: allocating 53903 entries in 211 pages
[    3.218105] ftrace: allocated 211 pages with 5 groups
[    3.218888] rcu: Hierarchical RCU implementation.
[    3.219327] rcu:     RCU event tracing is enabled.
[    3.219746]  Rude variant of Tasks RCU enabled.
[    3.220164] rcu: RCU calculated value of scheduler-enlistment delay is 30 jiffies.
[    3.225788] NR_IRQS: 64, nr_irqs: 64, preallocated irqs: 0
[    3.229311] GICv3: GIC: Using split EOI/Deactivate mode
[    3.229797] GICv3: 480 SPIs implemented
[    3.230151] GICv3: 0 Extended SPIs implemented
[    3.230590] GICv3: Distributor has no Range Selector support
[    3.231116] GICv3: 16 PPIs implemented
[    3.231506] GICv3: CPU0: found redistributor 0 region 0:0x00000000fe680000
[    3.232267] ITS [mem 0xfe640000-0xfe65ffff]
[    3.232712] ITS@0x00000000fe640000: allocated 8192 Devices @1001d0000 (indirect, esz 8, psz 64K, shr 0)
[    3.233600] ITS@0x00000000fe640000: allocated 32768 Interrupt Collections @1001e0000 (flat, esz 2, psz 64K, shr 0)
[    3.234554] ITS: using cache flushing for cmd queue
[    3.235039] ITS [mem 0xfe660000-0xfe67ffff]
[    3.235474] ITS@0x00000000fe660000: allocated 8192 Devices @100200000 (indirect, esz 8, psz 64K, shr 0)
[    3.236360] ITS@0x00000000fe660000: allocated 32768 Interrupt Collections @100210000 (flat, esz 2, psz 64K, shr 0)
[    3.237312] ITS: using cache flushing for cmd queue
[    3.238025] GICv3: using LPI property table @0x0000000100220000
[    3.238717] GIC: using cache flushing for LPI property table
[    3.239244] GICv3: CPU0: using allocated LPI pending table @0x0000000100230000
[    3.240083] random: get_random_bytes called from start_kernel+0x3dc/0x5d0 with crng_init=0
[    3.381959] arch_timer: cp15 timer(s) running at 24.00MHz (phys).
[    3.383282] clocksource: arch_sys_counter: mask: 0xffffffffffffff max_cycles: 0x588fe9dc0, max_idle_ns: 440795202592 ns
[    3.384279] sched_clock: 56 bits at 24MHz, resolution 41ns, wraps every 4398046511097ns
[    3.386520] Console: colour dummy device 80x25
[    3.386962] Calibrating delay loop (skipped), value calculated using timer frequency.. 48.00 BogoMIPS (lpj=80000)
[    3.387911] pid_max: default: 32768 minimum: 301
[    3.388496] Mount-cache hash table entries: 16384 (order: 5, 131072 bytes, linear)
[    3.389208] Mountpoint-cache hash table entries: 16384 (order: 5, 131072 bytes, linear)
[    3.391877] rcu: Hierarchical SRCU implementation.
[    3.393141] Platform MSI: msi-controller@fe640000 domain created
[    3.393735] Platform MSI: msi-controller@fe660000 domain created
[    3.394711] PCI/MSI: /interrupt-controller@fe600000/msi-controller@fe640000 domain created
[    3.395489] PCI/MSI: /interrupt-controller@fe600000/msi-controller@fe660000 domain created
[    3.396478] EFI services will not be available.
[    3.397276] smp: Bringing up secondary CPUs ...
I/TC: Secondary CPU 4 initializing
I/TC: Secondary CPU 4 switching to normal world boot
I/TC: Secondary CPU 5 initializing
I/TC: Secondary CPU 5 switching to normal world boot
I/TC: Secondary CPU 6 initializing
I/TC: Secondary CPU 6 switching to normal world boot
I/TC: Secondary CPU 7 initializing
I/TC: Secondary CPU 7 switching to normal world boot
I/TC: Secondary CPU 1 initializing
I/TC: Secondary CPU 1 switching to normal world boot
I/TC: Secondary CPU 2 initializing
I/TC: Secondary CPU 2 switching to normal world boot
I/TC: Secondary CPU 3 initializing
I/TC: Secondary CPU 3 switching to normal world boot
[    3.398937] CPU features: detected: Spectre-v4
[    3.398942] Detected PIPT I-cache on CPU1
[    3.398962] GICv3: CPU1: found redistributor 400 region 0:0x00000000fe700000
[    3.398972] GICv3: CPU1: using allocated LPI pending table @0x0000000100240000
[    3.398999] CPU1: Booted secondary processor 0x0000000400 [0x414fd0b0]
[    3.400273] Detected PIPT I-cache on CPU2
[    3.400290] GICv3: CPU2: found redistributor 500 region 0:0x00000000fe720000
[    3.400300] GICv3: CPU2: using allocated LPI pending table @0x0000000100250000
[    3.400328] CPU2: Booted secondary processor 0x0000000500 [0x414fd0b0]
[    3.401628] Detected PIPT I-cache on CPU3
[    3.401642] GICv3: CPU3: found redistributor 600 region 0:0x00000000fe740000
[    3.401651] GICv3: CPU3: using allocated LPI pending table @0x0000000100260000
[    3.401677] CPU3: Booted secondary processor 0x0000000600 [0x414fd0b0]
[    3.402950] Detected PIPT I-cache on CPU4
[    3.402965] GICv3: CPU4: found redistributor 700 region 0:0x00000000fe760000
[    3.402974] GICv3: CPU4: using allocated LPI pending table @0x0000000100270000
[    3.403000] CPU4: Booted secondary processor 0x0000000700 [0x414fd0b0]
[    3.404255] Detected VIPT I-cache on CPU5
[    3.404283] GICv3: CPU5: found redistributor 100 region 0:0x00000000fe6a0000
[    3.404301] GICv3: CPU5: using allocated LPI pending table @0x0000000100280000
[    3.404343] CPU5: Booted secondary processor 0x0000000100 [0x412fd050]
[    3.405676] Detected VIPT I-cache on CPU6
[    3.405705] GICv3: CPU6: found redistributor 200 region 0:0x00000000fe6c0000
[    3.405723] GICv3: CPU6: using allocated LPI pending table @0x0000000100290000
[    3.405761] CPU6: Booted secondary processor 0x0000000200 [0x412fd050]
[    3.407067] Detected VIPT I-cache on CPU7
[    3.407096] GICv3: CPU7: found redistributor 300 region 0:0x00000000fe6e0000
[    3.407115] GICv3: CPU7: using allocated LPI pending table @0x00000001002a0000
[    3.407154] CPU7: Booted secondary processor 0x0000000300 [0x412fd050]
[    3.407270] smp: Brought up 1 node, 8 CPUs
[    3.423986] SMP: Total of 8 processors activated.
[    3.424419] CPU features: detected: Privileged Access Never
[    3.424932] CPU features: detected: User Access Override
[    3.425422] CPU features: detected: 32-bit EL0 Support
[    3.425905] CPU features: detected: Common not Private translations
[    3.426482] CPU features: detected: RAS Extension Support
[    3.426981] CPU features: detected: Data cache clean to the PoU not required for I/D coherence
[    3.427775] CPU features: detected: CRC32 instructions
[    3.428250] CPU features: detected: Speculative Store Bypassing Safe (SSBS)
[    3.428894] CPU features: detected: RCpc load-acquire (LDAPR)
[    3.429524] CPU: All CPU(s) started at EL2
[    3.431293] devtmpfs: initialized
[    3.443269] Registered cp15_barrier emulation handler
[    3.443738] Registered setend emulation handler
[    3.444218] clocksource: jiffies: mask: 0xffffffff max_cycles: 0xffffffff, max_idle_ns: 6370867519511994 ns
[    3.445107] futex hash table entries: 2048 (order: 5, 131072 bytes, linear)
[    3.445893] pinctrl core: initialized pinctrl subsystem
[    3.446623] DMI not present or invalid.
[    3.447085] NET: Registered protocol family 16
[    3.448402] DMA: preallocated 1024 KiB GFP_KERNEL pool for atomic allocations
[    3.449117] DMA: preallocated 1024 KiB GFP_KERNEL|GFP_DMA pool for atomic allocations
[    3.450330] thermal_sys: Registered thermal governor 'fair_share'
[    3.450333] thermal_sys: Registered thermal governor 'step_wise'
[    3.450888] thermal_sys: Registered thermal governor 'user_space'
[    3.451435] thermal_sys: Registered thermal governor 'power_allocator'
[    3.452104] thermal thermal_zone1: power_allocator: sustainable_power will be estimated
[    3.453448] thermal thermal_zone2: power_allocator: sustainable_power will be estimated
[    3.454195] thermal thermal_zone3: power_allocator: sustainable_power will be estimated
[    3.454943] thermal thermal_zone4: power_allocator: sustainable_power will be estimated
[    3.455690] thermal thermal_zone5: power_allocator: sustainable_power will be estimated
[    3.456447] thermal thermal_zone6: power_allocator: sustainable_power will be estimated
[    3.457186] cpuidle: using governor menu
[    3.457549] Registered FIQ tty driver
[    3.458020] hw-breakpoint: found 6 breakpoint and 4 watchpoint registers.
[    3.458756] ASID allocator initialised with 65536 entries
[    3.460868] printk: console [ramoops-1] enabled
[    3.461282] pstore: Registered ramoops as persistent store backend
[    3.461844] ramoops: using 0xf0000@0x110000, ecc: 0
[    3.501127] rockchip-gpio fd8a0000.gpio: probed /pinctrl/gpio@fd8a0000
[    3.501918] rockchip-gpio fec20000.gpio: probed /pinctrl/gpio@fec20000
[    3.502668] rockchip-gpio fec30000.gpio: probed /pinctrl/gpio@fec30000
[    3.503428] rockchip-gpio fec40000.gpio: probed /pinctrl/gpio@fec40000
[    3.504217] rockchip-gpio fec50000.gpio: probed /pinctrl/gpio@fec50000
[    3.504847] rockchip-pinctrl pinctrl: probed pinctrl
[    3.516209] fiq_debugger fiq_debugger.0: IRQ fiq not found
[    3.516722] fiq_debugger fiq_debugger.0: IRQ wakeup not found
[    3.517243] fiq_debugger_probe: could not install nmi irq handler
[[    3.517843] printk: console [ttyFIQ0] enabled
    3.517843] printk: console [ttyFIQ0] enabled
[    3.518619] printk: bootconsole [uart8250] disabled
[    3.518619] printk: bootconsole [uart8250] disabled
[    3.519124] Registered fiq debugger ttyFIQ0
[    3.519499] vcc3v3_pcie30: supplied by vcc12v_dcin
[    3.519572] vcc5v0_sys: supplied by vcc12v_dcin
[    3.519729] vcc5v0_host: supplied by vcc5v0_sys
[    3.519921] vcc5v0_otg: supplied by vcc5v0_sys
[    3.519993] vcc_1v1_nldo_s3: supplied by vcc5v0_sys
[    3.520417] iommu: Default domain type: Translated
[    3.520487] rk_iommu fdab9000.iommu: version = 2
[    3.520807] rk_iommu fdb50800.iommu: version = 2
[    3.521014] rk_iommu fdb60f00.iommu: version = 2
[    3.521170] rk_iommu fdb70f00.iommu: version = 2
[    3.521310] rk_iommu fdb90480.iommu: version = 2
[    3.521467] rk_iommu fdba0800.iommu: version = 2
[    3.521621] rk_iommu fdba4800.iommu: version = 2
[    3.521780] rk_iommu fdba8800.iommu: version = 2
[    3.521937] rk_iommu fdbac800.iommu: version = 2
[    3.522094] rk_iommu fdbb0800.iommu: version = 2
[    3.522241] rk_iommu fdbdf000.iommu: version = 2
[    3.522441] rk_iommu fdbef000.iommu: version = 2
[    3.522657] rk_iommu fdc38700.iommu: version = 2
[    3.522882] rk_iommu fdc48700.iommu: version = 2
[    3.523007] rk_iommu fdd97e00.iommu: version = 2
[    3.523287] SCSI subsystem initialized
[    3.523358] usbcore: registered new interface driver usbfs
[    3.523374] usbcore: registered new interface driver hub
[    3.523388] usbcore: registered new device driver usb
[    3.523433] mc: Linux media interface: v0.10
[    3.523443] videodev: Linux video capture interface: v2.00
[    3.523470] pps_core: LinuxPPS API ver. 1 registered
[    3.523473] pps_core: Software ver. 5.3.6 - Copyright 2005-2007 Rodolfo Giometti <giometti@linux.it>
[    3.523480] PTP clock support registered
[    3.523725] arm-scmi firmware:scmi: SCMI Notifications - Core Enabled.
[    3.523762] arm-scmi firmware:scmi: SCMI Protocol v2.0 'rockchip:' Firmware version 0x0
[    3.524725] Advanced Linux Sound Architecture Driver Initialized.
[    3.526178] rockchip-cpuinfo cpuinfo: SoC            : 35880000
[    3.526185] rockchip-cpuinfo cpuinfo: Serial         : 593e8ba3fe8b481f
[    3.526503] clocksource: Switched to clocksource arch_sys_counter
[    3.832358] VFS: Disk quotas dquot_6.6.0
[    3.832391] VFS: Dquot-cache hash table entries: 512 (order 0, 4096 bytes)
[    3.835167] NET: Registered protocol family 2
[    3.835327] IP idents hash table entries: 131072 (order: 8, 1048576 bytes, linear)
[    3.836886] tcp_listen_portaddr_hash hash table entries: 4096 (order: 5, 163840 bytes, linear)
[    3.836970] TCP established hash table entries: 65536 (order: 7, 524288 bytes, linear)
[    3.837237] TCP bind hash table entries: 65536 (order: 9, 2097152 bytes, linear)
[    3.837909] TCP: Hash tables configured (established 65536 bind 65536)
[    3.837969] UDP hash table entries: 4096 (order: 6, 393216 bytes, linear)
[    3.838106] UDP-Lite hash table entries: 4096 (order: 6, 393216 bytes, linear)
[    3.838307] NET: Registered protocol family 1
[    3.838520] RPC: Registered named UNIX socket transport module.
[    3.838524] RPC: Registered udp transport module.
[    3.838527] RPC: Registered tcp transport module.
[    3.838529] RPC: Registered tcp NFSv4.1 backchannel transport module.
[    3.838839] PCI: CLS 0 bytes, default 64
[    3.839797] hw perfevents: enabled with armv8_pmuv3 PMU driver, 7 counters available
[    3.842374] Initialise system trusted keyrings
[    3.842474] workingset: timestamp_bits=46 max_order=21 bucket_order=0
[    3.844681] NFS: Registering the id_resolver key type
[    3.844694] Key type id_resolver registered
[    3.844697] Key type id_legacy registered
[    3.844726] nfs4filelayout_init: NFSv4 File Layout Driver Registering...
[    3.844730] nfs4flexfilelayout_init: NFSv4 Flexfile Layout Driver Registering...
[    3.844743] ntfs: driver 2.1.32 [Flags: R/W].
[    3.845100] NET: Registered protocol family 38
[    3.845106] Key type asymmetric registered
[    3.845111] Asymmetric key parser 'x509' registered
[    3.845125] Block layer SCSI generic (bsg) driver version 0.4 loaded (major 242)
[    3.845128] io scheduler mq-deadline registered
[    3.845135] io scheduler kyber registered
[    3.853383] rockchip-hdptx-phy-hdmi fed60000.hdmiphy: hdptx phy init success
[    3.854062] rockchip-hdptx-phy-hdmi fed70000.hdmiphy: hdptx phy init success
[    3.856225] rk-pcie fe150000.pcie: invalid prsnt-gpios property in node
[    3.856270] mpp_service mpp-srv: 877905a95 author: Stephen 2022-06-17 arm64: dts: rockchip: overlay: add rk3588 i2c pwm uart
[    3.856276] mpp_service mpp-srv: probe start
[    3.857995] mpp_vdpu2 fdb50400.vdpu: Adding to iommu group 1
[    3.858211] mpp_vdpu2 fdb50400.vdpu: probe device
[    3.858316] mpp_vdpu2 fdb50400.vdpu: reset group is empty!
[    3.858321] vdpu_init:501: No aclk reset resource define
[    3.858325] mpp_vdpu2 fdb50400.vdpu: reset group is empty!
[    3.858328] vdpu_init:504: No hclk reset resource define
[    3.858448] mpp_vdpu2 fdb50400.vdpu: probing finish
[    3.858647] mpp_vepu2 jpege-ccu: probing start
[    3.858653] mpp_vepu2 jpege-ccu: probing finish
[    3.858769] mpp_vepu2 fdba0000.jpege-core: Adding to iommu group 5
[    3.858902] mpp_vepu2 fdba0000.jpege-core: probing start
[    3.858998] mpp_vepu2 fdba0000.jpege-core: attach ccu success
[    3.859121] mpp_vepu2 fdba0000.jpege-core: probing finish
[    3.859216] mpp_vepu2 fdba4000.jpege-core: Adding to iommu group 6
[    3.859340] mpp_vepu2 fdba4000.jpege-core: probing start
[    3.859426] mpp_vepu2 fdba4000.jpege-core: attach ccu success
[    3.859540] mpp_vepu2 fdba4000.jpege-core: probing finish
[    3.859640] mpp_vepu2 fdba8000.jpege-core: Adding to iommu group 7
[    3.859788] mpp_vepu2 fdba8000.jpege-core: probing start
[    3.859888] mpp_vepu2 fdba8000.jpege-core: attach ccu success
[    3.860005] mpp_vepu2 fdba8000.jpege-core: probing finish
[    3.860105] mpp_vepu2 fdbac000.jpege-core: Adding to iommu group 8
[    3.860230] mpp_vepu2 fdbac000.jpege-core: probing start
[    3.860319] mpp_vepu2 fdbac000.jpege-core: attach ccu success
[    3.860436] mpp_vepu2 fdbac000.jpege-core: probing finish
[    3.860697] mpp-iep2 fdbb0000.iep: Adding to iommu group 9
[    3.860823] mpp-iep2 fdbb0000.iep: probe device
[    3.860934] mpp-iep2 fdbb0000.iep: allocate roi buffer failed
[    3.861038] mpp-iep2 fdbb0000.iep: probing finish
[    3.861242] mpp_jpgdec fdb90000.jpegd: Adding to iommu group 4
[    3.861430] mpp_jpgdec fdb90000.jpegd: probe device
[    3.861641] mpp_jpgdec fdb90000.jpegd: probing finish
[    3.861940] mpp_rkvdec2 fdc30000.rkvdec-ccu: rkvdec-ccu, probing start
[    3.861993] mpp_rkvdec2 fdc30000.rkvdec-ccu: probing finish
[    3.862078] mpp_rkvdec2 fdc38100.rkvdec-core: Adding to iommu group 12
[    3.862284] mpp_rkvdec2 fdc38100.rkvdec-core: rkvdec-core, probing start
[    3.862385] mpp_rkvdec2 fdc38100.rkvdec-core: shared_niu_a is not found!
[    3.862389] rkvdec2_init:697: No niu aclk reset resource define
[    3.862393] mpp_rkvdec2 fdc38100.rkvdec-core: shared_niu_h is not found!
[    3.862396] rkvdec2_init:700: No niu hclk reset resource define
[    3.862454] mpp_rkvdec2 fdc38100.rkvdec-core: core_mask=00010001
[    3.862458] mpp_rkvdec2 fdc38100.rkvdec-core: attach ccu as core 0
[    3.862638] mpp_rkvdec2 fdc38100.rkvdec-core: sram_start 0x00000000fd601000
[    3.862642] mpp_rkvdec2 fdc38100.rkvdec-core: rcb_iova 0x0000000010000000
[    3.862646] mpp_rkvdec2 fdc38100.rkvdec-core: sram_size 491520
[    3.862650] mpp_rkvdec2 fdc38100.rkvdec-core: rcb_size 1048576
[    3.862655] mpp_rkvdec2 fdc38100.rkvdec-core: min_width 512
[    3.862683] mpp_rkvdec2 fdc38100.rkvdec-core: probing finish
[    3.862750] mpp_rkvdec2 fdc48100.rkvdec-core: Adding to iommu group 13
[    3.862932] mpp_rkvdec2 fdc48100.rkvdec-core: rkvdec-core, probing start
[    3.863030] mpp_rkvdec2 fdc48100.rkvdec-core: shared_niu_a is not found!
[    3.863034] rkvdec2_init:697: No niu aclk reset resource define
[    3.863038] mpp_rkvdec2 fdc48100.rkvdec-core: shared_niu_h is not found!
[    3.863041] rkvdec2_init:700: No niu hclk reset resource define
[    3.863086] mpp_rkvdec2 fdc48100.rkvdec-core: core_mask=00020002
[    3.863103] mpp_rkvdec2 fdc48100.rkvdec-core: attach ccu as core 1
[    3.863336] mpp_rkvdec2 fdc48100.rkvdec-core: sram_start 0x00000000fd679000
[    3.863340] mpp_rkvdec2 fdc48100.rkvdec-core: rcb_iova 0x0000000010100000
[    3.863344] mpp_rkvdec2 fdc48100.rkvdec-core: sram_size 487424
[    3.863348] mpp_rkvdec2 fdc48100.rkvdec-core: rcb_size 1048576
[    3.863352] mpp_rkvdec2 fdc48100.rkvdec-core: min_width 512
[    3.863375] mpp_rkvdec2 fdc48100.rkvdec-core: probing finish
[    3.863537] mpp_rkvenc2 rkvenc-ccu: probing start
[    3.863542] mpp_rkvenc2 rkvenc-ccu: probing finish
[    3.863641] mpp_rkvenc2 fdbd0000.rkvenc-core: Adding to iommu group 10
[    3.863793] mpp_rkvenc2 fdbd0000.rkvenc-core: probing start
[    3.863808] mpp_rkvenc2 fdbd0000.rkvenc-core: link mode task capacity 8
[    3.863943] mpp_rkvenc2 fdbd0000.rkvenc-core: attach ccu as core 0
[    3.864078] mpp_rkvenc2 fdbd0000.rkvenc-core: probing finish
[    3.864364] mpp_rkvenc2 fdbe0000.rkvenc-core: Adding to iommu group 11
[    3.864552] mpp_rkvenc2 fdbe0000.rkvenc-core: probing start
[    3.864567] mpp_rkvenc2 fdbe0000.rkvenc-core: link mode task capacity 8
[    3.864724] mpp_rkvenc2 fdbe0000.rkvenc-core: attach ccu as core 1
[    3.864843] mpp_rkvenc2 fdbe0000.rkvenc-core: probing finish
[    3.865293] mpp_av1dec: Adding child /av1d@fdc70000
[    3.865492] mpp_av1dec: register device av1d-master
[    3.865509] mpp_av1dec av1d-master: av1_iommu_of_xlate,784
[    3.865526] av1_iommu_probe_device,736, consumer : av1d-master, supplier : fdca0000.iommu
[    3.865534] mpp_av1dec av1d-master: Adding to iommu group 15
[    3.865722] mpp_av1dec av1d-master: probing start
[    3.865959] mpp_av1dec av1d-master: probing finish
[    3.865993] mpp_service mpp-srv: probe success
[    3.872680] dma-pl330 fea10000.dma-controller: Loaded driver for PL330 DMAC-241330
[    3.872689] dma-pl330 fea10000.dma-controller:       DBUFF-128x8bytes Num_Chans-8 Num_Peri-32 Num_Events-16
[    3.873611] dma-pl330 fea30000.dma-controller: Loaded driver for PL330 DMAC-241330
[    3.873619] dma-pl330 fea30000.dma-controller:       DBUFF-128x8bytes Num_Chans-8 Num_Peri-32 Num_Events-16
[    3.874499] dma-pl330 fed10000.dma-controller: Loaded driver for PL330 DMAC-241330
[    3.874506] dma-pl330 fed10000.dma-controller:       DBUFF-128x8bytes Num_Chans-8 Num_Peri-32 Num_Events-16
[    3.874933] rockchip-pvtm fda40000.pvtm: pvtm@0 probed
[    3.874992] rockchip-pvtm fda50000.pvtm: pvtm@1 probed
[    3.875048] rockchip-pvtm fda60000.pvtm: pvtm@2 probed
[    3.875099] rockchip-pvtm fdaf0000.pvtm: pvtm@3 probed
[    3.875149] rockchip-pvtm fdb30000.pvtm: pvtm@4 probed
[    3.875628] rk-pcie fe150000.pcie: missing legacy IRQ resource
[    3.875667] rk-pcie fe150000.pcie: IRQ msi not found
[    3.875679] rk-pcie fe150000.pcie: use outband MSI support
[    3.875690] rk-pcie fe150000.pcie: Missing *config* reg space
[    3.875712] rk-pcie fe150000.pcie: host bridge /pcie@fe150000 ranges:
[    3.875722] rockchip-system-monitor rockchip-system-monitor: system monitor probe
[    3.875747] rk-pcie fe150000.pcie:      err 0x00f0000000..0x00f00fffff -> 0x00f0000000
[    3.875781] rk-pcie fe150000.pcie:       IO 0x00f0100000..0x00f01fffff -> 0x00f0100000
[    3.875818] rk-pcie fe150000.pcie:      MEM 0x00f0200000..0x00f0ffffff -> 0x00f0200000
[    3.875842] rk-pcie fe150000.pcie:      MEM 0x0900000000..0x093fffffff -> 0x0900000000
[    3.875886] rk-pcie fe150000.pcie: Missing *config* reg space
[    3.875925] rk-pcie fe150000.pcie: invalid resource
[    3.876508] Serial: 8250/16550 driver, 10 ports, IRQ sharing disabled
[    3.877802] random: fast init done
[    3.877896] random: crng init done
[    3.878488] rockchip-vop2 fdd90000.vop: Adding to iommu group 14
[    3.881096] dw-mipi-dsi2 fde30000.dsi: [drm:dw_mipi_dsi2_probe] *ERROR* failed to get mipi dcphy: -517
[    3.892149] brd: module loaded
[    3.895182] loop: module loaded
[    3.895362] zram: Added device: zram0
[    3.895501] lkdtm: No crash points registered, enable through debugfs
[    3.895648] system_heap: orders[0] = 6
[    3.895653] system_heap: orders[1] = 4
[    3.895657] system_heap: orders[2] = 0
[    3.896805] ahci fe210000.sata: supply ahci not found, using dummy regulator
[    3.896880] ahci fe210000.sata: supply phy not found, using dummy regulator
[    3.896944] ahci fe210000.sata: supply target not found, using dummy regulator
[    3.897015] ahci fe210000.sata: forcing port_map 0x0 -> 0x1
[    3.897037] ahci fe210000.sata: AHCI 0001.0300 32 slots 1 ports 6 Gbps 0x1 impl platform mode
[    3.897045] ahci fe210000.sata: flags: ncq sntf pm led clo only pmp fbs pio slum part ccc apst
[    3.897054] ahci fe210000.sata: port 0 can do FBS, forcing FBSCP
[    3.897995] scsi host0: ahci
[    3.898128] ata1: SATA max UDMA/133 mmio [mem 0xfe210000-0xfe210fff] port 0x100 irq 70
[    3.898277] ahci fe220000.sata: supply ahci not found, using dummy regulator
[    3.898342] ahci fe220000.sata: supply phy not found, using dummy regulator
[    3.898523] ahci fe220000.sata: supply target not found, using dummy regulator
[    3.898581] ahci fe220000.sata: forcing port_map 0x0 -> 0x1
[    3.898601] ahci fe220000.sata: AHCI 0001.0300 32 slots 1 ports 6 Gbps 0x1 impl platform mode
[    3.898609] ahci fe220000.sata: flags: ncq sntf pm led clo only pmp fbs pio slum part ccc apst
[    3.898616] ahci fe220000.sata: port 0 can do FBS, forcing FBSCP
[    3.899271] scsi host1: ahci
[    3.899364] ata2: SATA max UDMA/133 mmio [mem 0xfe220000-0xfe220fff] port 0x100 irq 108
[    3.900407] rockchip-spi feb20000.spi: no high_speed pinctrl state
[    3.901640] rk806 spi2.0: chip id: RK806,ver:0x2, 0x1
[    3.901869] rk806 spi2.0: ON: 0x40 OFF:0x0
[    3.903632] vdd_gpu_s0: supplied by vcc5v0_sys
[    3.904707] vdd_cpu_lit_s0: supplied by vcc5v0_sys
[    3.905336] vdd_log_s0: supplied by vcc5v0_sys
[    3.905949] vdd_vdenc_s0: supplied by vcc5v0_sys
[    3.906686] vdd_ddr_s0: supplied by vcc5v0_sys
[    3.907106] vdd2_ddr_s3: supplied by vcc5v0_sys
[    3.907792] vdd_2v0_pldo_s3: supplied by vcc5v0_sys
[    3.908415] vcc_3v3_s3: supplied by vcc5v0_sys
[    3.908969] vddq_ddr_s0: supplied by vcc5v0_sys
[    3.909656] vcc_1v8_s3: supplied by vcc5v0_sys
[    3.910296] vdd_0v75_s3: supplied by vcc_1v1_nldo_s3
[    3.910932] vdd_ddr_pll_s0: supplied by vcc_1v1_nldo_s3
[    3.911490] avdd_0v75_s0: supplied by vcc_1v1_nldo_s3
[    3.912049] vdd_0v85_s0: supplied by vcc_1v1_nldo_s3
[    3.912606] vdd_0v75_s0: supplied by vcc_1v1_nldo_s3
[    3.913267] avcc_1v8_s0: supplied by vdd_2v0_pldo_s3
[    3.913959] vcc_1v8_s0: supplied by vdd_2v0_pldo_s3
[    3.914595] avdd_1v2_s0: supplied by vdd_2v0_pldo_s3
[    3.915217] vcc_3v3_s0: supplied by vcc5v0_sys
[    3.915769] vccio_sd_s0: supplied by vcc5v0_sys
[    3.916331] pldo6_s3: supplied by vcc5v0_sys
[    3.916855] rk806 spi2.0: no sleep-setting state
[    3.916862] rk806 spi2.0: no reset-setting pinctrl state
[    3.916867] rk806 spi2.0: no dvs-setting pinctrl state
[    3.919213] libphy: Fixed MDIO Bus: probed
[    3.919951] rk_gmac-dwmac fe1c0000.ethernet: IRQ eth_lpi not found
[    3.920094] rk_gmac-dwmac fe1c0000.ethernet: no regulator found
[    3.920100] rk_gmac-dwmac fe1c0000.ethernet: clock input or output? (output).
[    3.920107] rk_gmac-dwmac fe1c0000.ethernet: TX delay(0x42).
[    3.920112] rk_gmac-dwmac fe1c0000.ethernet: Can not read property: rx_delay.
[    3.920117] rk_gmac-dwmac fe1c0000.ethernet: set rx_delay to 0xffffffff
[    3.920133] rk_gmac-dwmac fe1c0000.ethernet: integrated PHY? (no).
[    3.920140] rk_gmac-dwmac fe1c0000.ethernet: cannot get clock mac_clk_rx
[    3.920146] rk_gmac-dwmac fe1c0000.ethernet: cannot get clock mac_clk_tx
[    3.920163] rk_gmac-dwmac fe1c0000.ethernet: cannot get clock clk_mac_speed
[    3.920379] rk_gmac-dwmac fe1c0000.ethernet: init for RGMII_RXID
[    3.920506] rk_gmac-dwmac fe1c0000.ethernet: User ID: 0x30, Synopsys ID: 0x51
[    3.920513] rk_gmac-dwmac fe1c0000.ethernet:         DWMAC4/5
[    3.920519] rk_gmac-dwmac fe1c0000.ethernet: DMA HW capability register supported
[    3.920524] rk_gmac-dwmac fe1c0000.ethernet: RX Checksum Offload Engine supported
[    3.920529] rk_gmac-dwmac fe1c0000.ethernet: TX Checksum insertion supported
[    3.920533] rk_gmac-dwmac fe1c0000.ethernet: Wake-Up On Lan supported
[    3.920565] rk_gmac-dwmac fe1c0000.ethernet: TSO supported
[    3.920570] rk_gmac-dwmac fe1c0000.ethernet: Enable RX Mitigation via HW Watchdog Timer
[    3.920577] rk_gmac-dwmac fe1c0000.ethernet: Enabled Flow TC (entries=2)
[    3.920581] rk_gmac-dwmac fe1c0000.ethernet: TSO feature enabled
[    3.920587] rk_gmac-dwmac fe1c0000.ethernet: Using 32 bits DMA width
[    4.053170] libphy: stmmac: probed
[    4.055147] rk_gmac-dwmac fe1b0000.ethernet: IRQ eth_lpi not found
[    4.055382] rk_gmac-dwmac fe1b0000.ethernet: no regulator found
[    4.055389] rk_gmac-dwmac fe1b0000.ethernet: clock input or output? (output).
[    4.055396] rk_gmac-dwmac fe1b0000.ethernet: TX delay(0x44).
[    4.055401] rk_gmac-dwmac fe1b0000.ethernet: Can not read property: rx_delay.
[    4.055406] rk_gmac-dwmac fe1b0000.ethernet: set rx_delay to 0xffffffff
[    4.055415] rk_gmac-dwmac fe1b0000.ethernet: integrated PHY? (no).
[    4.055421] rk_gmac-dwmac fe1b0000.ethernet: cannot get clock mac_clk_rx
[    4.055427] rk_gmac-dwmac fe1b0000.ethernet: cannot get clock mac_clk_tx
[    4.055441] rk_gmac-dwmac fe1b0000.ethernet: cannot get clock clk_mac_speed
[    4.055660] rk_gmac-dwmac fe1b0000.ethernet: init for RGMII_RXID
[    4.055777] rk_gmac-dwmac fe1b0000.ethernet: User ID: 0x30, Synopsys ID: 0x51
[    4.055783] rk_gmac-dwmac fe1b0000.ethernet:         DWMAC4/5
[    4.055789] rk_gmac-dwmac fe1b0000.ethernet: DMA HW capability register supported
[    4.055794] rk_gmac-dwmac fe1b0000.ethernet: RX Checksum Offload Engine supported
[    4.055799] rk_gmac-dwmac fe1b0000.ethernet: TX Checksum insertion supported
[    4.055803] rk_gmac-dwmac fe1b0000.ethernet: Wake-Up On Lan supported
[    4.055835] rk_gmac-dwmac fe1b0000.ethernet: TSO supported
[    4.055840] rk_gmac-dwmac fe1b0000.ethernet: Enable RX Mitigation via HW Watchdog Timer
[    4.055845] rk_gmac-dwmac fe1b0000.ethernet: Enabled Flow TC (entries=2)
[    4.055850] rk_gmac-dwmac fe1b0000.ethernet: TSO feature enabled
[    4.055855] rk_gmac-dwmac fe1b0000.ethernet: Using 32 bits DMA width
[    4.080987] rk-pcie fe150000.pcie: PCIe Linking... LTSSM is 0x0
[    4.106546] rk-pcie fe150000.pcie: PCIe Linking... LTSSM is 0x0
[    4.133191] rk-pcie fe150000.pcie: PCIe Linking... LTSSM is 0x0
[    4.159857] rk-pcie fe150000.pcie: PCIe Linking... LTSSM is 0x0
[    4.186527] rk-pcie fe150000.pcie: PCIe Linking... LTSSM is 0x0
[    4.189835] libphy: stmmac: probed
[    4.191547] usbcore: registered new interface driver rndis_wlan
[    4.191571] usbcore: registered new interface driver asix
[    4.191593] usbcore: registered new interface driver cdc_ether
[    4.191609] usbcore: registered new interface driver rndis_host
[    4.191631] usbcore: registered new interface driver cdc_ncm
[    4.212993] ata2: SATA link down (SStatus 0 SControl 300)
[    4.213190] rk-pcie fe150000.pcie: PCIe Linking... LTSSM is 0x0
[    4.239865] rk-pcie fe150000.pcie: PCIe Linking... LTSSM is 0x0
[    4.266530] rk-pcie fe150000.pcie: PCIe Linking... LTSSM is 0x0
[    4.293191] rk-pcie fe150000.pcie: PCIe Linking... LTSSM is 0x0
[    4.319858] rk-pcie fe150000.pcie: PCIe Linking... LTSSM is 0x0
[    4.431562] ehci_hcd: USB 2.0 'Enhanced' Host Controller (EHCI) Driver
[    4.431579] ehci-pci: EHCI PCI platform driver
[    4.431606] ehci-platform: EHCI generic platform driver
[    4.434005] ehci-platform fc800000.usb: EHCI Host Controller
[    4.434022] ehci-platform fc800000.usb: new USB bus registered, assigned bus number 1
[    4.434081] ehci-platform fc800000.usb: irq 19, io mem 0xfc800000
[    4.446510] ehci-platform fc800000.usb: USB 2.0 started, EHCI 1.00
[    4.446612] usb usb1: New USB device found, idVendor=1d6b, idProduct=0002, bcdDevice= 5.10
[    4.446619] usb usb1: New USB device strings: Mfr=3, Product=2, SerialNumber=1
[    4.446624] usb usb1: Product: EHCI Host Controller
[    4.446629] usb usb1: Manufacturer: Linux 5.10.66-g877905a95767-dirty ehci_hcd
[    4.446634] usb usb1: SerialNumber: fc800000.usb
[    4.446853] hub 1-0:1.0: USB hub found
[    4.446870] hub 1-0:1.0: 1 port detected
[    4.449400] ehci-platform fc880000.usb: EHCI Host Controller
[    4.449413] ehci-platform fc880000.usb: new USB bus registered, assigned bus number 2
[    4.449468] ehci-platform fc880000.usb: irq 21, io mem 0xfc880000
[    4.459842] ehci-platform fc880000.usb: USB 2.0 started, EHCI 1.00
[    4.459925] usb usb2: New USB device found, idVendor=1d6b, idProduct=0002, bcdDevice= 5.10
[    4.459931] usb usb2: New USB device strings: Mfr=3, Product=2, SerialNumber=1
[    4.459936] usb usb2: Product: EHCI Host Controller
[    4.459941] usb usb2: Manufacturer: Linux 5.10.66-g877905a95767-dirty ehci_hcd
[    4.459946] usb usb2: SerialNumber: fc880000.usb
[    4.460152] hub 2-0:1.0: USB hub found
[    4.460169] hub 2-0:1.0: 1 port detected
[    4.460502] ohci_hcd: USB 1.1 'Open' Host Controller (OHCI) Driver
[    4.460513] ohci-platform: OHCI generic platform driver
[    4.460663] ohci-platform fc840000.usb: Generic Platform OHCI controller
[    4.460673] ohci-platform fc840000.usb: new USB bus registered, assigned bus number 3
[    4.460721] ohci-platform fc840000.usb: irq 20, io mem 0xfc840000
[    4.520580] usb usb3: New USB device found, idVendor=1d6b, idProduct=0001, bcdDevice= 5.10
[    4.520590] usb usb3: New USB device strings: Mfr=3, Product=2, SerialNumber=1
[    4.520595] usb usb3: Product: Generic Platform OHCI controller
[    4.520600] usb usb3: Manufacturer: Linux 5.10.66-g877905a95767-dirty ohci_hcd
[    4.520605] usb usb3: SerialNumber: fc840000.usb
[    4.520795] hub 3-0:1.0: USB hub found
[    4.520812] hub 3-0:1.0: 1 port detected
[    4.521074] ohci-platform fc8c0000.usb: Generic Platform OHCI controller
[    4.521085] ohci-platform fc8c0000.usb: new USB bus registered, assigned bus number 4
[    4.521130] ohci-platform fc8c0000.usb: irq 22, io mem 0xfc8c0000
[    4.580580] usb usb4: New USB device found, idVendor=1d6b, idProduct=0001, bcdDevice= 5.10
[    4.580590] usb usb4: New USB device strings: Mfr=3, Product=2, SerialNumber=1
[    4.580595] usb usb4: Product: Generic Platform OHCI controller
[    4.580600] usb usb4: Manufacturer: Linux 5.10.66-g877905a95767-dirty ohci_hcd
[    4.580604] usb usb4: SerialNumber: fc8c0000.usb
[    4.580795] hub 4-0:1.0: USB hub found
[    4.580811] hub 4-0:1.0: 1 port detected
[    4.581351] xhci-hcd xhci-hcd.5.auto: xHCI Host Controller
[    4.581363] xhci-hcd xhci-hcd.5.auto: new USB bus registered, assigned bus number 5
[    4.581440] xhci-hcd xhci-hcd.5.auto: hcc params 0x0220fe64 hci version 0x110 quirks 0x0000000002010010
[    4.581463] xhci-hcd xhci-hcd.5.auto: irq 119, io mem 0xfcd00000
[    4.581592] usb usb5: New USB device found, idVendor=1d6b, idProduct=0002, bcdDevice= 5.10
[    4.581599] usb usb5: New USB device strings: Mfr=3, Product=2, SerialNumber=1
[    4.581604] usb usb5: Product: xHCI Host Controller
[    4.581609] usb usb5: Manufacturer: Linux 5.10.66-g877905a95767-dirty xhci-hcd
[    4.581613] usb usb5: SerialNumber: xhci-hcd.5.auto
[    4.581803] hub 5-0:1.0: USB hub found
[    4.581820] hub 5-0:1.0: 1 port detected
[    4.581953] xhci-hcd xhci-hcd.5.auto: xHCI Host Controller
[    4.581962] xhci-hcd xhci-hcd.5.auto: new USB bus registered, assigned bus number 6
[    4.581970] xhci-hcd xhci-hcd.5.auto: Host supports USB 3.0 SuperSpeed
[    4.581998] usb usb6: We don't know the algorithms for LPM for this host, disabling LPM.
[    4.582050] usb usb6: New USB device found, idVendor=1d6b, idProduct=0003, bcdDevice= 5.10
[    4.582056] usb usb6: New USB device strings: Mfr=3, Product=2, SerialNumber=1
[    4.582061] usb usb6: Product: xHCI Host Controller
[    4.582066] usb usb6: Manufacturer: Linux 5.10.66-g877905a95767-dirty xhci-hcd
[    4.582071] usb usb6: SerialNumber: xhci-hcd.5.auto
[    4.582252] hub 6-0:1.0: USB hub found
[    4.582268] hub 6-0:1.0: 1 port detected
[    4.582479] phy phy-fd5d4000.syscon:usb2-phy@4000.3: illegal mode
[    4.582487] xhci-hcd xhci-hcd.6.auto: xHCI Host Controller
[    4.582497] xhci-hcd xhci-hcd.6.auto: new USB bus registered, assigned bus number 7
[    4.582583] xhci-hcd xhci-hcd.6.auto: hcc params 0x0220fe64 hci version 0x110 quirks 0x0000000002010010
[    4.582608] xhci-hcd xhci-hcd.6.auto: irq 120, io mem 0xfc400000
[    4.582739] usb usb7: New USB device found, idVendor=1d6b, idProduct=0002, bcdDevice= 5.10
[    4.582745] usb usb7: New USB device strings: Mfr=3, Product=2, SerialNumber=1
[    4.582750] usb usb7: Product: xHCI Host Controller
[    4.582755] usb usb7: Manufacturer: Linux 5.10.66-g877905a95767-dirty xhci-hcd
[    4.582760] usb usb7: SerialNumber: xhci-hcd.6.auto
[    4.582944] hub 7-0:1.0: USB hub found
[    4.582959] hub 7-0:1.0: 1 port detected
[    4.583090] xhci-hcd xhci-hcd.6.auto: xHCI Host Controller
[    4.583099] xhci-hcd xhci-hcd.6.auto: new USB bus registered, assigned bus number 8
[    4.583107] xhci-hcd xhci-hcd.6.auto: Host supports USB 3.0 SuperSpeed
[    4.583138] usb usb8: We don't know the algorithms for LPM for this host, disabling LPM.
[    4.583198] usb usb8: New USB device found, idVendor=1d6b, idProduct=0003, bcdDevice= 5.10
[    4.583204] usb usb8: New USB device strings: Mfr=3, Product=2, SerialNumber=1
[    4.583210] usb usb8: Product: xHCI Host Controller
[    4.583214] usb usb8: Manufacturer: Linux 5.10.66-g877905a95767-dirty xhci-hcd
[    4.583219] usb usb8: SerialNumber: xhci-hcd.6.auto
[    4.583400] hub 8-0:1.0: USB hub found
[    4.583416] hub 8-0:1.0: config failed, hub doesn't have any ports! (err -19)
[    4.583553] usbcore: registered new interface driver cdc_acm
[    4.583558] cdc_acm: USB Abstract Control Model driver for USB modems and ISDN adapters
[    4.583661] usbcore: registered new interface driver uas
[    4.583729] usbcore: registered new interface driver usb-storage
[    4.584205] usbcore: registered new interface driver usbtouchscreen
[    4.584316] .. rk pwm remotectl v2.0 init
[    4.584430] input: fd8b0030.pwm as /devices/platform/fd8b0030.pwm/input/input0
[    4.584578] remotectl-pwm fd8b0030.pwm: pwm version is 0x2130000
[    4.584603] remotectl-pwm fd8b0030.pwm: Controller support pwrkey capture
[    4.585705] input: rk805 pwrkey as /devices/platform/feb20000.spi/spi_master/spi2/spi2.0/rk805-pwrkey.3.auto/input/input1
[    4.585927] i2c /dev entries driver
[    4.696504] usb 1-1: new high-speed USB device number 2 using ehci-platform
[    4.713168] usb 2-1: new high-speed USB device number 2 using ehci-platform
[    4.848863] usb 1-1: New USB device found, idVendor=05e3, idProduct=0610, bcdDevice= 5.11
[    4.848872] usb 1-1: New USB device strings: Mfr=1, Product=2, SerialNumber=0
[    4.848878] usb 1-1: Product: USB2.0 Hub
[    4.848883] usb 1-1: Manufacturer: GenesysLogic
[    4.849419] hub 1-1:1.0: USB hub found
[    4.850111] hub 1-1:1.0: 4 ports detected
[    4.860501] usb 2-1: New USB device found, idVendor=1a40, idProduct=0201, bcdDevice= 1.00
[    4.860510] usb 2-1: New USB device strings: Mfr=0, Product=1, SerialNumber=0
[    4.860515] usb 2-1: Product: USB 2.0 Hub [MTT]
[    4.860802] hub 2-1:1.0: USB hub found
[    4.860872] hub 2-1:1.0: 7 ports detected
[    4.919989] usb 6-1: new SuperSpeed Gen 1 USB device number 2 using xhci-hcd
[    4.939540] usb 6-1: New USB device found, idVendor=05e3, idProduct=0620, bcdDevice= 5.11
[    4.939565] usb 6-1: New USB device strings: Mfr=1, Product=2, SerialNumber=0
[    4.939578] usb 6-1: Product: USB3.0 Hub
[    4.939590] usb 6-1: Manufacturer: GenesysLogic
[    4.966652] hub 6-1:1.0: USB hub found
[    4.967032] hub 6-1:1.0: 4 ports detected
[    5.596505] rk3x-i2c fd880000.i2c: timeout, ipd: 0x80, state: 3
[    5.596517] rk860-regulator 0-0042: Failed to get chip ID!
[    5.596554] rk860-regulator: probe of 0-0042 failed with error -110
[    6.609836] rk3x-i2c fd880000.i2c: timeout, ipd: 0x80, state: 3
[    6.609848] rk860-regulator 0-0043: Failed to get chip ID!
[    6.609877] rk860-regulator: probe of 0-0043 failed with error -110
[    6.612781] vdd_npu_s0: supplied by vcc5v0_sys
[    6.620314] rtc-hym8563 6-0051: could not init device, -6
[    6.625127] usbcore: registered new interface driver uvcvideo
[    6.625136] USB Video Class driver (1.1.1)
[    6.626344] rockchip-thermal fec00000.tsadc: Missing rockchip,grf property
[    6.626915] rockchip-thermal fec00000.tsadc: tsadc is probed successfully!
[    6.627495] cpu cpu0: leakage=11
[    6.628994] cpu cpu0: pvtm=1486
[    6.629089] cpu cpu0: pvtm-volt-sel=4
[    6.629602] cpu cpu1: leakage=10
[    6.629638] cpu cpu1: Failed to get reg
[    6.629675] Failed to initialize dvfs info cpu1
[    6.630316] sdhci: Secure Digital Host Controller Interface driver
[    6.630322] sdhci: Copyright(c) Pierre Ossman
[    6.630326] Synopsys Designware Multimedia Card Interface Driver
[    6.630690] sdhci-pltfm: SDHCI platform and OF driver helper
[    6.632063] ledtrig-cpu: registered to indicate activity on CPUs
[    6.632085] arm-scmi firmware:scmi: Failed. SCMI protocol 17 not active.
[    6.632115] SMCCC: SOC_ID: ARCH_SOC_ID not implemented, skipping ....
[    6.632611] cryptodev: driver 1.12 loaded.
[    6.632637] hid: raw HID events driver (C) Jiri Kosina
[    6.632764] usbcore: registered new interface driver usbhid
[    6.632769] usbhid: USB HID core driver
[    6.635260] optee: probing for conduit method.
[    6.635279] optee: revision 3.13 (8e053a88)
[    6.635480] optee: initialized driver
[    6.635848] usbcore: registered new interface driver snd-usb-audio
[    6.636676] es8311 3-0018: Don't need spk-ctl gpio
[    6.641388] Initializing XFRM netlink socket
[    6.641407] NET: Registered protocol family 17
[    6.641443] [BT_RFKILL]: Enter rfkill_rk_init
[    6.641447] [WLAN_RFKILL]: Enter rfkill_wlan_init
[    6.641696] Key type dns_resolver registered
[    6.642314] registered taskstats version 1
[    6.642320] Loading compiled-in X.509 certificates
[    6.642438] pstore: Using crash dump compression: deflate
[    6.642599] rga3_core0 fdb60000.rga: Adding to iommu group 2
[    6.642784] rga: rga3_core0_irq, irq = 34, match scheduler
[    6.642957] rga: rga3_core0 driver loaded successfully ver:3.0.76831
[    6.642972] rga: rga3_core0 probe successfully
[    6.643275] rga3_core1 fdb70000.rga: Adding to iommu group 3
[    6.643398] rga: rga3_core1_irq, irq = 35, match scheduler
[    6.643556] rga: rga3_core1 driver loaded successfully ver:3.0.76831
[    6.643570] rga: rga3_core1 probe successfully
[    6.643868] rga: rga2_irq, irq = 36, match scheduler
[    6.644028] rga: rga2 driver loaded successfully ver:3.2.63318
[    6.644074] rga: rga2 probe successfully
[    6.644299] rga: Module initialized. v1.2.14
[    6.663085] mmc1: SDHCI controller on fe2e0000.mmc [fe2e0000.mmc] using ADMA
[    6.667531] pcie30_avdd0v75: supplied by vdd_0v75_s0
[    6.667589] mali fb000000.gpu: Kernel DDK version g11p0-01eac0
[    6.667995] pcie30_avdd1v8: supplied by avcc_1v8_s0
[    6.668138] mali fb000000.gpu: leakage=15
[    6.668654] dw-mipi-dsi2 fde30000.dsi: [drm:dw_mipi_dsi2_probe] *ERROR* failed to get mipi dcphy: -517
[    6.669009] input: adc-keys as /devices/platform/adc-keys/input/input2
[    6.669502] mali fb000000.gpu: pvtm=929
[    6.669535] mali fb000000.gpu: pvtm-volt-sel=5
[    6.669990] mali fb000000.gpu: avs=0
[    6.670267] es8311 3-0018: ASoC: error at soc_component_write_no_lock on es8311.3-0018: -6
[    6.671073] W : [File] : drivers/gpu/arm/bifrost/platform/rk/mali_kbase_config_rk.c; [Line] : 136; [Func] : kbase_platform_rk_init(); power-off-delay-ms not available.
[    6.671319] mali fb000000.gpu: r0p0 status 5 is unknown; treating as r0p0 status 0
[    6.671327] mali fb000000.gpu: GPU identified as 0x7 arch 10.8.6 r0p0 status 0
[    6.671379] mali fb000000.gpu: No priority control manager is configured
[    6.671386] mali fb000000.gpu: No memory group manager is configured
[    6.671403] mali fb000000.gpu: Protected memory allocator not available
[    6.671966] mali fb000000.gpu: l=10000 h=85000 hyst=5000 l_limit=0 h_limit=800000000 h_table=0
[    6.672522] mali fb000000.gpu: Probed as mali0
[    6.696654] es8311 3-0018: ASoC: error at soc_component_write_no_lock on es8311.3-0018: -6
[    6.696812] es8311 3-0018: ASoC: error at soc_component_write_no_lock on es8311.3-0018: -6
[    6.696965] es8311 3-0018: ASoC: error at soc_component_write_no_lock on es8311.3-0018: -6
[    6.697117] es8311 3-0018: ASoC: error at soc_component_write_no_lock on es8311.3-0018: -6
[    6.697267] es8311 3-0018: ASoC: error at soc_component_write_no_lock on es8311.3-0018: -6
[    6.697419] es8311 3-0018: ASoC: error at soc_component_write_no_lock on es8311.3-0018: -6
[    6.697574] es8311 3-0018: ASoC: error at soc_component_write_no_lock on es8311.3-0018: -6
[    6.697725] es8311 3-0018: ASoC: error at soc_component_write_no_lock on es8311.3-0018: -6
[    6.697876] es8311 3-0018: ASoC: error at soc_component_write_no_lock on es8311.3-0018: -6
[    6.698027] es8311 3-0018: ASoC: error at soc_component_write_no_lock on es8311.3-0018: -6
[    6.698178] es8311 3-0018: ASoC: error at soc_component_write_no_lock on es8311.3-0018: -6
[    6.698328] es8311 3-0018: ASoC: error at soc_component_write_no_lock on es8311.3-0018: -6
[    6.698478] es8311 3-0018: ASoC: error at soc_component_write_no_lock on es8311.3-0018: -6
[    6.699400] mmc1: new HS200 MMC card at address 0001
[    6.700000] mmcblk1: mmc1:0001 BJTD4R 29.1 GiB
[    6.700239] mmcblk1boot0: mmc1:0001 BJTD4R partition 1 4.00 MiB
[    6.700470] mmcblk1boot1: mmc1:0001 BJTD4R partition 2 4.00 MiB
[    6.700669] mmcblk1rpmb: mmc1:0001 BJTD4R partition 3 4.00 MiB, chardev (237:0)
[    6.703938]  mmcblk1: p1 p2 p3 p4 p5 p6 p7 p8
[    6.723323] es8311 3-0018: ASoC: error at soc_component_write_no_lock on es8311.3-0018: -6
[    6.723478] es8311 3-0018: ASoC: error at soc_component_write_no_lock on es8311.3-0018: -6
[    6.723630] es8311 3-0018: ASoC: error at soc_component_write_no_lock on es8311.3-0018: -6
[    6.723782] es8311 3-0018: ASoC: error at snd_soc_component_update_bits on es8311.3-0018: -6
[    6.723937] es8311 3-0018: ASoC: error at snd_soc_component_update_bits on es8311.3-0018: -6
[    6.724092] es8311 3-0018: ASoC: error at soc_component_write_no_lock on es8311.3-0018: -6
[    6.724243] es8311 3-0018: ASoC: error at soc_component_write_no_lock on es8311.3-0018: -6
[    6.724450] es8311 3-0018: ASoC: error at soc_component_read_no_lock on es8311.3-0018: -6
[    6.724601] es8311 3-0018: ASoC: error at soc_component_read_no_lock on es8311.3-0018: -6
[    6.724754] es8311 3-0018: ASoC: error at soc_component_read_no_lock on es8311.3-0018: -6
[    6.724906] es8311 3-0018: ASoC: error at soc_component_read_no_lock on es8311.3-0018: -6
[    6.725060] es8311 3-0018: ASoC: error at soc_component_read_no_lock on es8311.3-0018: -6
[    6.725213] es8311 3-0018: ASoC: error at soc_component_read_no_lock on es8311.3-0018: -6
[    6.725386] es8311 3-0018: ASoC: error at soc_component_read_no_lock on es8311.3-0018: -6
[    6.725537] es8311 3-0018: ASoC: error at soc_component_read_no_lock on es8311.3-0018: -6
[    6.725687] es8311 3-0018: ASoC: error at soc_component_read_no_lock on es8311.3-0018: -6
[    6.725838] es8311 3-0018: ASoC: error at soc_component_write_no_lock on es8311.3-0018: -6
[    6.725993] es8311 3-0018: ASoC: error at soc_component_read_no_lock on es8311.3-0018: -6
[    6.726145] es8311 3-0018: ASoC: error at soc_component_write_no_lock on es8311.3-0018: -6
[    6.726296] es8311 3-0018: ASoC: error at soc_component_write_no_lock on es8311.3-0018: -6
[    6.726446] es8311 3-0018: ASoC: error at soc_component_write_no_lock on es8311.3-0018: -6
[    6.727446] es8311 3-0018: ASoC: error at soc_component_read_no_lock on es8311.3-0018: -6
[    6.727605] es8311 3-0018: ASoC: error at soc_component_read_no_lock on es8311.3-0018: -6
[    6.728307] dw-mipi-dsi2 fde30000.dsi: [drm:dw_mipi_dsi2_probe] *ERROR* failed to get mipi dcphy: -517
[    6.729161] dw-mipi-dsi2 fde30000.dsi: [drm:dw_mipi_dsi2_probe] *ERROR* failed to get mipi dcphy: -517
[    6.731319] RKNPU fdab0000.npu: Adding to iommu group 0
[    6.731454] RKNPU fdab0000.npu: RKNPU: rknpu iommu is enabled, using iommu mode
[    6.732551] RKNPU fdab0000.npu: can't request region for resource [mem 0xfdab0000-0xfdabffff]
[    6.732566] RKNPU fdab0000.npu: can't request region for resource [mem 0xfdac0000-0xfdacffff]
[    6.732577] RKNPU fdab0000.npu: can't request region for resource [mem 0xfdad0000-0xfdadffff]
[    6.732804] [drm] Initialized rknpu 0.7.2 20220428 for fdab0000.npu on minor 0
[    6.734428] RKNPU fdab0000.npu: leakage=8
[    6.740948] RKNPU fdab0000.npu: pvtm=895
[    6.744888] RKNPU fdab0000.npu: pvtm-volt-sel=4
[    6.745372] RKNPU fdab0000.npu: avs=0
[    6.745468] RKNPU fdab0000.npu: l=10000 h=85000 hyst=5000 l_limit=0 h_limit=800000000 h_table=0
[    6.746520] rk-pcie fe150000.pcie: PCIe Link Fail
[    6.746538] rk-pcie fe150000.pcie: failed to initialize host
[    6.752684] RKNPU fdab0000.npu: failed to find power_model node
[    6.752694] RKNPU fdab0000.npu: RKNPU: failed to initialize power model
[    6.752699] RKNPU fdab0000.npu: RKNPU: failed to get dynamic-coefficient
[    6.753402] dw-mipi-dsi2 fde30000.dsi: [drm:dw_mipi_dsi2_probe] *ERROR* failed to get mipi dcphy: -517
[    6.753771] cfg80211: Loading compiled-in X.509 certificates for regulatory database
[    6.755707] cfg80211: Loaded X.509 cert 'sforshee: 00b28ddf47aef9cea7'
[    6.757277] rockchip-pm rockchip-suspend: not set pwm-regulator-config
[    6.757950] dw-mipi-dsi2 fde30000.dsi: [drm:dw_mipi_dsi2_probe] *ERROR* failed to get mipi dcphy: -517
[    6.758990] I : [File] : drivers/gpu/arm/mali400/mali/linux/mali_kernel_linux.c; [Line] : 405; [Func] : mali_module_init(); svn_rev_string_from_arm of this mali_ko is '', rk_ko_ver is '5', built at '15:43:53', on 'Jun 20 2022'.
[    6.759559] Mali:
[    6.759564] Mali device driver loaded
[    6.759584] ALSA device list:
[    6.759594]   #0: rockchip,es8311
[    6.759788] platform regulatory.0: Direct firmware load for regulatory.db failed with error -2
[    6.759804] cfg80211: failed to load regulatory.db
[    6.764402] vendor storage:20190527 ret = 0
[    9.413172] ata1: SATA link up 6.0 Gbps (SStatus 133 SControl 300)
[    9.413381] ata1.15: Port Multiplier 1.2, 0x197b:0x5755 r0, 5 ports, feat 0x5/0xf
[    9.414694] ahci fe210000.sata: FBS is enabled
[    9.414860] ata1.00: hard resetting link
[    9.726928] ata1.00: SATA link down (SStatus 0 SControl 330)
[    9.726987] ata1.01: hard resetting link
[   10.040282] ata1.01: SATA link down (SStatus 0 SControl 330)
[   10.040340] ata1.02: hard resetting link
[   10.353583] ata1.02: SATA link down (SStatus 0 SControl 330)
[   10.353639] ata1.03: hard resetting link
[   10.666919] ata1.03: SATA link down (SStatus 0 SControl 330)
[   10.666978] ata1.04: hard resetting link
[   10.980263] ata1.04: SATA link down (SStatus 0 SControl 330)
[   10.980382] ata1: EH complete
[   10.985653] EXT4-fs (mmcblk1p6): mounted filesystem with ordered data mode. Opts: (null)
[   10.985727] VFS: Mounted root (ext4 filesystem) on device 179:6.
[   10.986140] devtmpfs: mounted
[   10.991282] Freeing unused kernel memory: 5952K
[   11.016587] Run /sbin/init as init process
[   11.158503] systemd[1]: System time before build time, advancing clock.

Welcome to Debian GNU/Linux 11 (bullseye)!

[   11.228123] systemd-fstab-generator[215]: Ignoring "noauto" for root device
system-getty.slice: unit configures an IP firewall, but the local system does not support BPF/cgroup firewalling.
(This warning is only shown for the first unit using IP firewalling.)
[  OK  ] Created slice system-getty.slice.
[  OK  ] Created slice system-modprobe.slice.
[  OK  ] Created slice system-serial\x2dgetty.slice.
[  OK  ] Created slice system-systemd\x2dfsck.slice.
[  OK  ] Created slice User and Session Slice.
[  OK  ] Started Dispatch Password ts to Console Directory Watch.
[  OK  ] Started Forward Password Ruests to Wall Directory Watch.
[  OK  ] Set up automount Arbitrarys File System Automount Point.
[  OK  ] Reached target Local Encrypted Volumes.
[  OK  ] Reached target Remote File Systems.
[  OK  ] Reached target Slices.
[  OK  ] Reached target Swap.
[  OK  ] Listening on Syslog Socket.
[  OK  ] Listening on fsck to fsckd communication Socket.
[  OK  ] Listening on initctl Compatibility Named Pipe.
[  OK  ] Listening on Journal Socket (/dev/log).
[  OK  ] Listening on Journal Socket.
[  OK  ] Listening on udev Control Socket.
[  OK  ] Listening on udev Kernel Socket.
         Mounting POSIX Message Queue File System...
         Mounting /sys/kernel/debug...
         Mounting Kernel Trace File System...
         Starting Set the console keyboard layout...
         Starting Load Kernel Module configfs...
         Starting Load Kernel Module drm...
         Starting Load Kernel Module fuse...
[  OK  ] Started Nameserver information manager.
[  OK  ] Reached target Network (Pre).
         Starting Journal Service...
         Starting Load Kernel Modules...
         Starting Remount Root and Kernel File Systems...
         Starting Coldplug All udev Devices...
[  OK  ] Mounted POSIX Message Queue File System.
[  OK  ] Mounted /sys/kernel/debug.
[  OK  ] Mounted Kernel Trace File System.
[  OK  ] Finished Load Kernel Module configfs.
[  OK  ] Finished Load Kernel Module drm.
[  OK  ] Finished Load Kernel Module fuse.
         Mounting Kernel Configuration File System...
[  OK  ] Finished Load Kernel Modules.
         Starting Apply Kernel Variables...
[  OK  ] Mounted Kernel Configuration File System.
[   11.597204] EXT4-fs (mmcblk1p6): re-mounted. Opts: (null)
[  OK  ] Finished Remount Root and Kernel File Systems.
         Starting Platform Persistent Storage Archival...
         Starting Load/Save Random Seed...
         Starting Create System Users...
[  OK  ] Finished Apply Kernel Variables.
[  OK  ] Finished Platform Persistent Storage Archival.
[  OK  ] Finished Load/Save Random Seed.
[  OK  ] Finished Create System Users.
         Starting Create Static Device Nodes in /dev...
[  OK  ] Finished Set the console keyboard layout.
[  OK  ] Finished Create Static Device Nodes in /dev.
[  OK  ] Reached target Local File Systems (Pre).
         Mounting /tmp...
         Starting Rule-based Managefor Device Events and Files...
[  OK  ] Mounted /tmp.
[  OK  ] Started Rule-based Manager for Device Events and Files.
[  OK  ] Started Journal Service.
         Starting Flush Journal to Persistent Storage...
[   11.813995] systemd-journald[250]: Received client request to flush runtime journal.
[  OK  ] Finished Coldplug All udev Devices.
         Starting Helper to synchronize boot up for ifupdown...
[  OK  ] Finished Flush Journal to Persistent Storage.
[  OK  ] Finished Helper to synchronize boot up for ifupdown.
[  OK  ] Found device /dev/ttyFIQ0.
[  OK  ] Found device /dev/disk/by-partlabel/oem.
[  OK  ] Found device /dev/disk/by-partlabel/userdata.
         Starting File System Check /dev/disk/by-partlabel/oem...
         Starting File System Check/disk/by-partlabel/userdata...
[  OK  ] Started File System Check Daemon to report status.
[  OK  ] Listening on Load/Save RF itch Status /dev/rfkill Watch.
[  OK  ] Finished File System Check on /dev/disk/by-partlabel/oem.
         Mounting /oem... disks (100.0% complete)
[  OK  ] Finished File System Checkev/disk/by-partlabel/userdata.
         Mounting /userdata...
[   12.287463] EXT4-fs (mmcblk1p7): VFS: Can't find ext4 filesystem
[FAILED] Failed to mount /oem.
See 'systemctl status oem.mount' for details.
[DEPEND] Dependency failed for Local File Systems.
[  OK  ] Stopped Dispatch Password ts to Console Directory Watch.
[   12.309677] EXT4-fs (mmcblk1p8): VFS: Can't find ext4 filesystem
[  OK  ] Stopped Forward Password Ruests to Wall Directory Watch.
[  OK  ] Reached target Timers.
         Starting Enable support fol executable binary formats...
         Starting Set console font and keymap...
         Starting Raise network interfaces...
[  OK  ] Closed Syslog Socket.
[  OK  ] Reached target Login Prompts.
[  OK  ] Reached target Paths.
[  OK  ] Reached target Sockets.
[  OK  ] Started Emergency Shell.
[  OK  ] Reached target Emergency Mode.
         Starting Create Volatile Files and Directories...
[FAILED] Failed to mount /userdata.
See 'systemctl status userdata.mount' for details.
[  OK  ] Reached target Sound Card.
         Mounting Arbitrary Executable File Formats File System...
[FAILED] Failed to mount Arbitrary able File Formats File System.
See 'systemctl status proc-sys-fs-binfmt_misc.mount' for details.
[  OK  ] Finished Create Volatile Files and Directories.
         Starting Update UTMP about System Boot/Shutdown...
[  OK  ] Finished Enable support fonal executable binary formats.
[  OK  ] Finished Update UTMP about System Boot/Shutdown.
         Starting Update UTMP about System Runlevel Changes...
[  OK  ] Finished Update UTMP about System Runlevel Changes.
[  OK  ] Finished Raise network interfaces.
[  OK  ] Reached target Network.
[  OK  ] Reached target Network is Online.
[  OK  ] Reached target Hardware activated USB gadget.
[  OK  ] Finished Set console font and keymap.
You are in emergency mode. After logging in, type "journalctl -xb" to view
system logs, "systemctl reboot" to reboot, "systemctl default" or "exit"
to boot into default mode.

Cannot open access to console, the root account is locked.
See sulogin(8) man page for more details.

Press Enter to continue.
[   37.143230] vcc3v3_pcie30: disabling
[   37.143266] vcc5v0_otg: disabling
